Component: ARM Compiler 5.06 update 6 (build 750) Tool: armlink [4d35ed]

==============================================================================

Section Cross References

    main.o(.text) refers to bsp.o(.text) for BSP_Init
    main.o(.text) refers to printf5.o(i.__0printf$5) for __2printf
    main.o(.text) refers to lwip.o(.text) for Init_LwIP
    main.o(.text) refers to app.o(.text) for App_TaskCreate
    main.o(.text) refers to devtcpsvr.o(.text) for tcpServerInit
    main.o(.text) refers to tcpserver.o(.text) for tcpserv
    main.o(.text) refers to os_task.o(.text) for OSTaskDel
    main.o(.text) refers to os_core.o(.text) for OSInit
    main.o(.text) refers to main.o(.bss) for App_TaskStartStk
    stm32f10x_it.o(.text) refers to os_cpu_a.o(.text) for OS_CPU_SR_Save
    stm32f10x_it.o(.text) refers to os_core.o(.text) for OSIntEnter
    stm32f10x_it.o(.text) refers to lwip.o(.text) for LwIP_Pkt_Handle
    stm32f10x_it.o(.text) refers to stm32_eth.o(.text) for ETH_GetRxPktSize
    bsp.o(.text) refers to misc.o(.text) for NVIC_SetVectorTable
    bsp.o(.text) refers to stm32f10x_gpio.o(.text) for GPIO_ETH_MediaInterfaceConfig
    bsp.o(.text) refers to stm32_eth.o(.text) for ETH_DeInit
    bsp.o(.text) refers to stm32f10x_rcc.o(.text) for RCC_AHBPeriphClockCmd
    bsp.o(.text) refers to stm32f10x_usart.o(.text) for USART_ClockInit
    bsp.o(.text) refers to system_stm32f10x.o(.text) for SystemInit
    bsp.o(.text) refers to system_stm32f10x.o(.data) for SystemCoreClock
    lwip.o(.text) refers to sys_arch.o(.text) for sys_sem_signal
    lwip.o(.text) refers to printf5.o(i.__0printf$5) for __2printf
    lwip.o(.text) refers to inet.o(.text) for inet_ntoa
    lwip.o(.text) refers to printf5.o(i.__0sprintf$5) for __2sprintf
    lwip.o(.text) refers to mem.o(.text) for mem_init
    lwip.o(.text) refers to memp.o(.text) for memp_init
    lwip.o(.text) refers to tcpip.o(.text) for tcpip_init
    lwip.o(.text) refers to sys.o(.text) for sys_sem_wait
    lwip.o(.text) refers to ethernetif.o(.text) for Set_MAC_Address
    lwip.o(.text) refers to netif.o(.text) for netif_add
    lwip.o(.text) refers to lwip.o(.bss) for netif
    lwip.o(.text) refers to lwip.o(.data) for IPaddress
    devtcpsvr.o(.text) refers to tcp.o(.text) for tcp_recved
    devtcpsvr.o(.text) refers to memcpya.o(.text) for __aeabi_memcpy
    devtcpsvr.o(.text) refers to strncmp.o(.text) for strncmp
    devtcpsvr.o(.text) refers to bsp.o(.text) for BSP_Relay_Con
    devtcpsvr.o(.text) refers to strlen.o(.text) for strlen
    devtcpsvr.o(.text) refers to tcp_out.o(.text) for tcp_write
    devtcpsvr.o(.text) refers to pbuf.o(.text) for pbuf_free
    devtcpsvr.o(.text) refers to printf5.o(i.__0printf$5) for __2printf
    devtcpsvr.o(.text) refers to os_time.o(.text) for OSTimeDly
    devtcpsvr.o(.text) refers to devtcpsvr.o(.data) for gPcbLastConnectFromClient
    devtcpsvr.o(.text) refers to devtcpsvr.o(.bss) for tcpRecvBuf
    devtcpsvr.o(.text) refers to devtcpsvr.o(.constdata) for relay_tcp
    devtcpsvr.o(.text) refers to ip_addr.o(.constdata) for ip_addr_any
    tcpserver.o(.text) refers to mem.o(.text) for mem_malloc
    tcpserver.o(.text) refers to printf5.o(i.__0printf$5) for __2printf
    tcpserver.o(.text) refers to sockets.o(.text) for lwip_socket
    tcpserver.o(.text) refers to inet.o(.text) for htons
    tcpserver.o(.text) refers to memseta.o(.text) for __aeabi_memset
    tcpserver.o(.text) refers to strcmp.o(.text) for strcmp
    tcpserver.o(.text) refers to os_task.o(.text) for OSTaskDel
    tcpserver.o(.text) refers to tcpserver.o(.bss) for TcpServerStack
    stm32f10x_adc.o(.text) refers to stm32f10x_rcc.o(.text) for RCC_APB2PeriphResetCmd
    stm32f10x_bkp.o(.text) refers to stm32f10x_rcc.o(.text) for RCC_BackupResetCmd
    stm32f10x_can.o(.text) refers to stm32f10x_rcc.o(.text) for RCC_APB1PeriphResetCmd
    stm32f10x_cec.o(.text) refers to stm32f10x_rcc.o(.text) for RCC_APB1PeriphResetCmd
    stm32f10x_dac.o(.text) refers to stm32f10x_rcc.o(.text) for RCC_APB1PeriphResetCmd
    stm32f10x_gpio.o(.text) refers to stm32f10x_rcc.o(.text) for RCC_APB2PeriphResetCmd
    stm32f10x_i2c.o(.text) refers to stm32f10x_rcc.o(.text) for RCC_APB1PeriphResetCmd
    stm32f10x_pwr.o(.text) refers to stm32f10x_rcc.o(.text) for RCC_APB1PeriphResetCmd
    stm32f10x_rcc.o(.text) refers to stm32f10x_rcc.o(.data) for APBAHBPrescTable
    stm32f10x_spi.o(.text) refers to stm32f10x_rcc.o(.text) for RCC_APB2PeriphResetCmd
    stm32f10x_tim.o(.text) refers to stm32f10x_rcc.o(.text) for RCC_APB2PeriphResetCmd
    stm32f10x_usart.o(.text) refers to stm32f10x_rcc.o(.text) for RCC_APB2PeriphResetCmd
    stm32f10x_wwdg.o(.text) refers to stm32f10x_rcc.o(.text) for RCC_APB1PeriphResetCmd
    system_stm32f10x.o(.text) refers to system_stm32f10x.o(.data) for SystemCoreClock
    stm32_eth.o(.text) refers to stm32f10x_rcc.o(.text) for RCC_AHBPeriphResetCmd
    stm32_eth.o(.text) refers to stm32_eth.o(.data) for DMATxDescToSet
[...]
    _printf_a                                0x00000000   Number         0  stubs.o ABSOLUTE
    _printf_c                                0x00000000   Number         0  stubs.o ABSOLUTE
    _printf_charcount                        0x00000000   Number         0  stubs.o ABSOLUTE
    _printf_d                                0x00000000   Number         0  stubs.o ABSOLUTE
    _printf_e                                0x00000000   Number         0  stubs.o ABSOLUTE
    _printf_f                                0x00000000   Number         0  stubs.o ABSOLUTE
    _printf_flags                            0x00000000   Number         0  stubs.o ABSOLUTE
    _printf_fp_dec                           0x00000000   Number         0  stubs.o ABSOLUTE
    _printf_fp_hex                           0x00000000   Number         0  stubs.o ABSOLUTE
    _printf_g                                0x00000000   Number         0  stubs.o ABSOLUTE
    _printf_i                                0x00000000   Number         0  stubs.o ABSOLUTE
    _printf_int_dec                          0x00000000   Number         0  stubs.o ABSOLUTE
    _printf_l                                0x00000000   Number         0  stubs.o ABSOLUTE
    _printf_lc                               0x00000000   Number         0  stubs.o ABSOLUTE
    _printf_ll                               0x00000000   Number         0  stubs.o ABSOLUTE
    _printf_lld                              0x00000000   Number         0  stubs.o ABSOLUTE
    _printf_lli                              0x00000000   Number         0  stubs.o ABSOLUTE
    _printf_llo                              0x00000000   Number         0  stubs.o ABSOLUTE
    _printf_llu                              0x00000000   Number         0  stubs.o ABSOLUTE
    _printf_llx                              0x00000000   Number         0  stubs.o ABSOLUTE
    _printf_longlong_dec                     0x00000000   Number         0  stubs.o ABSOLUTE
    _printf_longlong_hex                     0x00000000   Number         0  stubs.o ABSOLUTE
    _printf_longlong_oct                     0x00000000   Number         0  stubs.o ABSOLUTE
    _printf_ls                               0x00000000   Number         0  stubs.o ABSOLUTE
    _printf_mbtowc                           0x00000000   Number         0  stubs.o ABSOLUTE
    _printf_n                                0x00000000   Number         0  stubs.o ABSOLUTE
    _printf_o                                0x00000000   Number         0  stubs.o ABSOLUTE
    _printf_p                                0x00000000   Number         0  stubs.o ABSOLUTE
    _printf_percent                          0x00000000   Number         0  stubs.o ABSOLUTE
    _printf_pre_padding                      0x00000000   Number         0  stubs.o ABSOLUTE
    _printf_return_value                     0x00000000   Number         0  stubs.o ABSOLUTE
    _printf_s                                0x00000000   Number         0  stubs.o ABSOLUTE
    _printf_sizespec                         0x00000000   Number         0  stubs.o ABSOLUTE
    _printf_str                              0x00000000   Number         0  stubs.o ABSOLUTE
    _printf_truncate_signed                  0x00000000   Number         0  stubs.o ABSOLUTE
    _printf_truncate_unsigned                0x00000000   Number         0  stubs.o ABSOLUTE
    _printf_u                                0x00000000   Number         0  stubs.o ABSOLUTE
    _printf_wc                               0x00000000   Number         0  stubs.o ABSOLUTE
    _printf_wctomb                           0x00000000   Number         0  stubs.o ABSOLUTE
    _printf_widthprec                        0x00000000   Number         0  stubs.o ABSOLUTE
    _printf_x                                0x00000000   Number         0  stubs.o ABSOLUTE
    __cpp_initialize__aeabi_                  - Undefined Weak Reference
    __cxa_finalize                            - Undefined Weak Reference
    _clock_init                               - Undefined Weak Reference
    _microlib_exit                            - Undefined Weak Reference
    __Vectors_Size                           0x00000150   Number         0  startup_stm32f10x_cl.o ABSOLUTE
    __Vectors                                0x08000000   Data           4  startup_stm32f10x_cl.o(RESET)
    __Vectors_End                            0x08000150   Data           0  startup_stm32f10x_cl.o(RESET)
    __main                                   0x08000151   Thumb Code     0  entry.o(.ARM.Collect$$$$00000000)
    _main_stk                                0x08000151   Thumb Code     0  entry2.o(.ARM.Collect$$$$00000001)
    _main_scatterload                        0x08000155   Thumb Code     0  entry5.o(.ARM.Collect$$$$00000004)
    __main_after_scatterload                 0x08000159   Thumb Code     0  entry5.o(.ARM.Collect$$$$00000004)
    _main_clock                              0x08000159   Thumb Code     0  entry7b.o(.ARM.Collect$$$$00000008)
    _main_cpp_init                           0x08000159   Thumb Code     0  entry8b.o(.ARM.Collect$$$$0000000A)
    _main_init                               0x08000159   Thumb Code     0  entry9a.o(.ARM.Collect$$$$0000000B)
    __rt_final_cpp                           0x08000161   Thumb Code     0  entry10a.o(.ARM.Collect$$$$0000000D)
    __rt_final_exit                          0x08000161   Thumb Code     0  entry11a.o(.ARM.Collect$$$$0000000F)
    delay                                    0x08000165   Thumb Code    26  main.o(.text)
    main                                     0x080001ab   Thumb Code    48  main.o(.text)
    NMI_Handler                              0x0800020d   Thumb Code     2  stm32f10x_it.o(.text)
    HardFault_Handler                        0x0800020f   Thumb Code     4  stm32f10x_it.o(.text)
    MemManage_Handler                        0x08000213   Thumb Code     4  stm32f10x_it.o(.text)
    BusFault_Handler                         0x08000217   Thumb Code     4  stm32f10x_it.o(.text)
    UsageFault_Handler                       0x0800021b   Thumb Code     4  stm32f10x_it.o(.text)
    SVC_Handler                              0x0800021f   Thumb Code     2  stm32f10x_it.o(.text)
    DebugMon_Handler                         0x08000221   Thumb Code     2  stm32f10x_it.o(.text)
    SysTick_Handler                          0x08000223   Thumb Code    28  stm32f10x_it.o(.text)
    ETH_IRQHandler                           0x0800023f   Thumb Code    32  stm32f10x_it.o(.text)
    WWDG_IRQHandler                          0x0800025f   Thumb Code     2  stm32f10x_it.o(.text)
    PVD_IRQHandler                           0x08000261   Thumb Code     2  stm32f10x_it.o(.text)
    TAMPER_IRQHandler                        0x08000263   Thumb Code     2  stm32f10x_it.o(.text)
    RTC_IRQHandler                           0x08000265   Thumb Code     2  stm32f10x_it.o(.text)
    FLASH_IRQHandler                         0x08000267   Thumb Code     2  stm32f10x_it.o(.text)
    RCC_IRQHandler                           0x08000269   Thumb Code     2  stm32f10x_it.o(.text)
    EXTI0_IRQHandler                         0x0800026b   Thumb Code     2  stm32f10x_it.o(.text)
    EXTI1_IRQHandler                         0x0800026d   Thumb Code     2  stm32f10x_it.o(.text)
    EXTI2_IRQHandler                         0x0800026f   Thumb Code     2  stm32f10x_it.o(.text)
    EXTI3_IRQHandler                         0x08000271   Thumb Code     2  stm32f10x_it.o(.text)
    EXTI4_IRQHandler                         0x08000273   Thumb Code     2  stm32f10x_it.o(.text)
    DMA1_Channel1_IRQHandler                 0x08000275   Thumb Code     2  stm32f10x_it.o(.text)
    DMA1_Channel2_IRQHandler                 0x08000277   Thumb Code     2  stm32f10x_it.o(.text)
    DMA1_Channel3_IRQHandler                 0x08000279   Thumb Code     2  stm32f10x_it.o(.text)
    DMA1_Channel4_IRQHandler                 0x0800027b   Thumb Code     2  stm32f10x_it.o(.text)
    DMA1_Channel5_IRQHandler                 0x0800027d   Thumb Code     2  stm32f10x_it.o(.text)
    DMA1_Channel6_IRQHandler                 0x0800027f   Thumb Code     2  stm32f10x_it.o(.text)
    DMA1_Channel7_IRQHandler                 0x08000281   Thumb Code     2  stm32f10x_it.o(.text)
    ADC1_2_IRQHandler                        0x08000283   Thumb Code     2  stm32f10x_it.o(.text)
    USB_HP_CAN1_TX_IRQHandler                0x08000285   Thumb Code     2  stm32f10x_it.o(.text)
    USB_LP_CAN1_RX0_IRQHandler               0x08000287   Thumb Code     2  stm32f10x_it.o(.text)
    CAN1_RX1_IRQHandler                      0x08000289   Thumb Code     2  stm32f10x_it.o(.text)
    CAN1_SCE_IRQHandler                      0x0800028b   Thumb Code     2  stm32f10x_it.o(.text)
    EXTI9_5_IRQHandler                       0x0800028d   Thumb Code     2  stm32f10x_it.o(.text)
    TIM1_BRK_IRQHandler                      0x0800028f   Thumb Code     2  stm32f10x_it.o(.text)
    TIM1_UP_IRQHandler                       0x08000291   Thumb Code     2  stm32f10x_it.o(.text)
    TIM1_TRG_COM_IRQHandler                  0x08000293   Thumb Code     2  stm32f10x_it.o(.text)
    TIM1_CC_IRQHandler                       0x08000295   Thumb Code     2  stm32f10x_it.o(.text)
    TIM2_IRQHandler                          0x08000297   Thumb Code     2  stm32f10x_it.o(.text)
    TIM3_IRQHandler                          0x08000299   Thumb Code     2  stm32f10x_it.o(.text)
    TIM4_IRQHandler                          0x0800029b   Thumb Code     2  stm32f10x_it.o(.text)
    I2C1_EV_IRQHandler                       0x0800029d   Thumb Code     2  stm32f10x_it.o(.text)
    I2C1_ER_IRQHandler                       0x0800029f   Thumb Code     2  stm32f10x_it.o(.text)
    I2C2_EV_IRQHandler                       0x080002a1   Thumb Code     2  stm32f10x_it.o(.text)
    I2C2_ER_IRQHandler                       0x080002a3   Thumb Code     2  stm32f10x_it.o(.text)
    SPI1_IRQHandler                          0x080002a5   Thumb Code     2  stm32f10x_it.o(.text)
    SPI2_IRQHandler                          0x080002a7   Thumb Code     2  stm32f10x_it.o(.text)
    USART1_IRQHandler                        0x080002a9   Thumb Code     2  stm32f10x_it.o(.text)
    USART2_IRQHandler                        0x080002ab   Thumb Code     2  stm32f10x_it.o(.text)
    USART3_IRQHandler                        0x080002ad   Thumb Code     2  stm32f10x_it.o(.text)
    EXTI15_10_IRQHandler                     0x080002af   Thumb Code     2  stm32f10x_it.o(.text)
    RTCAlarm_IRQHandler                      0x080002b1   Thumb Code     2  stm32f10x_it.o(.text)
    USBWakeUp_IRQHandler                     0x080002b3   Thumb Code     2  stm32f10x_it.o(.text)
    BSP_NVICConfiguration                    0x080002b5   Thumb Code    52  bsp.o(.text)
    BSP_RelayInit                            0x08000507   Thumb Code    50  bsp.o(.text)
    BSP_Init                                 0x08000567   Thumb Code    28  bsp.o(.text)
    BSP_Relay_Con                            0x08000583   Thumb Code   100  bsp.o(.text)
    BSP_Relay_ON                             0x080005e7   Thumb Code    14  bsp.o(.text)
    BSP_Relay_OFF                            0x080005f5   Thumb Code    14  bsp.o(.text)
    BSP_LedToggle                            0x08000603   Thumb Code    14  bsp.o(.text)
    BSP_Led1Toggle                           0x08000611   Thumb Code    14  bsp.o(.text)
    fputc                                    0x0800061f   Thumb Code    32  bsp.o(.text)
    SysTick_Init                             0x0800063f   Thumb Code    84  bsp.o(.text)
    App_TaskCreate                           0x080006bd   Thumb Code     2  app.o(.text)
    Display_IPAddress                        0x08000719   Thumb Code   100  lwip.o(.text)
    Init_LwIP                                0x0800077d   Thumb Code   138  lwip.o(.text)
    LwIP_Pkt_Handle                          0x08000807   Thumb Code    10  lwip.o(.text)
    tcpServerInit                            0x080009dd   Thumb Code    80  devtcpsvr.o(.text)
    sendToLastConnectFromClient              0x08000a2d   Thumb Code    48  devtcpsvr.o(.text)
    tcpserv                                  0x08000b11   Thumb Code   342  tcpserver.o(.text)
    tcpserver_init                           0x08000c7f   Thumb Code    16  tcpserver.o(.text)
    NVIC_PriorityGroupConfig                 0x08000df5   Thumb Code    10  misc.o(.text)
    NVIC_Init                                0x08000dff   Thumb Code   100  misc.o(.text)
    NVIC_SetVectorTable                      0x08000e63   Thumb Code    14  misc.o(.text)
    NVIC_SystemLPConfig                      0x08000e71   Thumb Code    34  misc.o(.text)
    SysTick_CLKSourceConfig                  0x08000e93   Thumb Code    40  misc.o(.text)
    GPIO_DeInit                              0x08000ed1   Thumb Code   172  stm32f10x_gpio.o(.text)
    GPIO_AFIODeInit                          0x08000f7d   Thumb Code    20  stm32f10x_gpio.o(.text)
    GPIO_Init                                0x08000f91   Thumb Code   278  stm32f10x_gpio.o(.text)
    GPIO_StructInit                          0x080010a7   Thumb Code    16  stm32f10x_gpio.o(.text)
    GPIO_ReadInputDataBit                    0x080010b7   Thumb Code    18  stm32f10x_gpio.o(.text)
    GPIO_ReadInputData                       0x080010c9   Thumb Code     8  stm32f10x_gpio.o(.text)
    GPIO_ReadOutputDataBit                   0x080010d1   Thumb Code    18  stm32f10x_gpio.o(.text)
    GPIO_ReadOutputData                      0x080010e3   Thumb Code     8  stm32f10x_gpio.o(.text)
    GPIO_SetBits                             0x080010eb   Thumb Code     4  stm32f10x_gpio.o(.text)
    GPIO_ResetBits                           0x080010ef   Thumb Code     4  stm32f10x_gpio.o(.text)
    GPIO_WriteBit                            0x080010f3   Thumb Code    10  stm32f10x_gpio.o(.text)
    GPIO_Write                               0x080010fd   Thumb Code     4  stm32f10x_gpio.o(.text)
    GPIO_PinLockConfig                       0x08001101   Thumb Code    18  stm32f10x_gpio.o(.text)
    GPIO_EventOutputConfig                   0x08001113   Thumb Code    26  stm32f10x_gpio.o(.text)
    GPIO_EventOutputCmd                      0x0800112d   Thumb Code     6  stm32f10x_gpio.o(.text)
    GPIO_PinRemapConfig                      0x08001133   Thumb Code   138  stm32f10x_gpio.o(.text)
    GPIO_EXTILineConfig                      0x080011bd   Thumb Code    66  stm32f10x_gpio.o(.text)
    GPIO_ETH_MediaInterfaceConfig            0x080011ff   Thumb Code     8  stm32f10x_gpio.o(.text)
    RCC_DeInit                               0x0800122d   Thumb Code    78  stm32f10x_rcc.o(.text)
    RCC_HSEConfig                            0x0800127b   Thumb Code    70  stm32f10x_rcc.o(.text)
    RCC_GetFlagStatus                        0x080012c1   Thumb Code    56  stm32f10x_rcc.o(.text)
    RCC_WaitForHSEStartUp                    0x080012f9   Thumb Code    56  stm32f10x_rcc.o(.text)
    RCC_AdjustHSICalibrationValue            0x08001331   Thumb Code    20  stm32f10x_rcc.o(.text)
    RCC_HSICmd                               0x08001345   Thumb Code     6  stm32f10x_rcc.o(.text)
    RCC_PLLConfig                            0x0800134b   Thumb Code    24  stm32f10x_rcc.o(.text)
    RCC_PLLCmd                               0x08001363   Thumb Code     6  stm32f10x_rcc.o(.text)
    RCC_PREDIV1Config                        0x08001369   Thumb Code    24  stm32f10x_rcc.o(.text)
    RCC_PREDIV2Config                        0x08001381   Thumb Code    18  stm32f10x_rcc.o(.text)
    RCC_PLL2Config                           0x08001393   Thumb Code    18  stm32f10x_rcc.o(.text)
    RCC_PLL2Cmd                              0x080013a5   Thumb Code     6  stm32f10x_rcc.o(.text)
    RCC_PLL3Config                           0x080013ab   Thumb Code    18  stm32f10x_rcc.o(.text)
    RCC_PLL3Cmd                              0x080013bd   Thumb Code     6  stm32f10x_rcc.o(.text)
    RCC_SYSCLKConfig                         0x080013c3   Thumb Code    18  stm32f10x_rcc.o(.text)
    RCC_GetSYSCLKSource                      0x080013d5   Thumb Code    10  stm32f10x_rcc.o(.text)
    RCC_HCLKConfig                           0x080013df   Thumb Code    18  stm32f10x_rcc.o(.text)
    RCC_PCLK1Config                          0x080013f1   Thumb Code    18  stm32f10x_rcc.o(.text)
    RCC_PCLK2Config                          0x08001403   Thumb Code    20  stm32f10x_rcc.o(.text)
    RCC_ITConfig                             0x08001417   Thumb Code    26  stm32f10x_rcc.o(.text)
    RCC_OTGFSCLKConfig                       0x08001431   Thumb Code     8  stm32f10x_rcc.o(.text)
    RCC_ADCCLKConfig                         0x08001439   Thumb Code    18  stm32f10x_rcc.o(.text)
    RCC_I2S2CLKConfig                        0x0800144b   Thumb Code     6  stm32f10x_rcc.o(.text)
    RCC_I2S3CLKConfig                        0x08001451   Thumb Code     8  stm32f10x_rcc.o(.text)
    RCC_LSEConfig                            0x08001459   Thumb Code    50  stm32f10x_rcc.o(.text)
    RCC_LSICmd                               0x0800148b   Thumb Code     6  stm32f10x_rcc.o(.text)
    RCC_RTCCLKConfig                         0x08001491   Thumb Code    12  stm32f10x_rcc.o(.text)
    RCC_RTCCLKCmd                            0x0800149d   Thumb Code     8  stm32f10x_rcc.o(.text)
    RCC_GetClocksFreq                        0x080014a5   Thumb Code   424  stm32f10x_rcc.o(.text)
    RCC_AHBPeriphClockCmd                    0x0800164d   Thumb Code    26  stm32f10x_rcc.o(.text)
    RCC_APB2PeriphClockCmd                   0x08001667   Thumb Code    26  stm32f10x_rcc.o(.text)
    RCC_APB1PeriphClockCmd                   0x08001681   Thumb Code    26  stm32f10x_rcc.o(.text)
    RCC_AHBPeriphResetCmd                    0x0800169b   Thumb Code    26  stm32f10x_rcc.o(.text)
    RCC_APB2PeriphResetCmd                   0x080016b5   Thumb Code    26  stm32f10x_rcc.o(.text)
    RCC_APB1PeriphResetCmd                   0x080016cf   Thumb Code    26  stm32f10x_rcc.o(.text)
    RCC_BackupResetCmd                       0x080016e9   Thumb Code     6  stm32f10x_rcc.o(.text)
    RCC_ClockSecuritySystemCmd               0x080016ef   Thumb Code     6  stm32f10x_rcc.o(.text)
    RCC_MCOConfig                            0x080016f5   Thumb Code     6  stm32f10x_rcc.o(.text)
    RCC_ClearFlag                            0x080016fb   Thumb Code    14  stm32f10x_rcc.o(.text)
    RCC_GetITStatus                          0x08001709   Thumb Code    20  stm32f10x_rcc.o(.text)
    RCC_ClearITPendingBit                    0x0800171d   Thumb Code     6  stm32f10x_rcc.o(.text)
    USART_DeInit                             0x08001731   Thumb Code   134  stm32f10x_usart.o(.text)
    USART_Init                               0x080017b7   Thumb Code   210  stm32f10x_usart.o(.text)
    USART_StructInit                         0x08001889   Thumb Code    24  stm32f10x_usart.o(.text)
    USART_ClockInit                          0x080018a1   Thumb Code    34  stm32f10x_usart.o(.text)
    USART_ClockStructInit                    0x080018c3   Thumb Code    12  stm32f10x_usart.o(.text)
    USART_Cmd                                0x080018cf   Thumb Code    24  stm32f10x_usart.o(.text)
    USART_ITConfig                           0x080018e7   Thumb Code    74  stm32f10x_usart.o(.text)
    USART_DMACmd                             0x08001931   Thumb Code    18  stm32f10x_usart.o(.text)
    USART_SetAddress                         0x08001943   Thumb Code    18  stm32f10x_usart.o(.text)
    USART_WakeUpConfig                       0x08001955   Thumb Code    18  stm32f10x_usart.o(.text)
    USART_ReceiverWakeUpCmd                  0x08001967   Thumb Code    24  stm32f10x_usart.o(.text)
    USART_LINBreakDetectLengthConfig         0x0800197f   Thumb Code    18  stm32f10x_usart.o(.text)
    USART_LINCmd                             0x08001991   Thumb Code    24  stm32f10x_usart.o(.text)
    USART_SendData                           0x080019a9   Thumb Code     8  stm32f10x_usart.o(.text)
    USART_ReceiveData                        0x080019b1   Thumb Code    10  stm32f10x_usart.o(.text)
    USART_SendBreak                          0x080019bb   Thumb Code    10  stm32f10x_usart.o(.text)
    USART_SetGuardTime                       0x080019c5   Thumb Code    16  stm32f10x_usart.o(.text)
    USART_SetPrescaler                       0x080019d5   Thumb Code    16  stm32f10x_usart.o(.text)
    USART_SmartCardCmd                       0x080019e5   Thumb Code    24  stm32f10x_usart.o(.text)
    USART_SmartCardNACKCmd                   0x080019fd   Thumb Code    24  stm32f10x_usart.o(.text)
    USART_HalfDuplexCmd                      0x08001a15   Thumb Code    24  stm32f10x_usart.o(.text)
    USART_OverSampling8Cmd                   0x08001a2d   Thumb Code    22  stm32f10x_usart.o(.text)
    USART_OneBitMethodCmd                    0x08001a43   Thumb Code    24  stm32f10x_usart.o(.text)
    USART_IrDAConfig                         0x08001a5b   Thumb Code    18  stm32f10x_usart.o(.text)
    USART_IrDACmd                            0x08001a6d   Thumb Code    24  stm32f10x_usart.o(.text)
    USART_GetFlagStatus                      0x08001a85   Thumb Code    26  stm32f10x_usart.o(.text)
    USART_ClearFlag                          0x08001a9f   Thumb Code    18  stm32f10x_usart.o(.text)
    USART_GetITStatus                        0x08001ab1   Thumb Code    84  stm32f10x_usart.o(.text)
    USART_ClearITPendingBit                  0x08001b05   Thumb Code    52  stm32f10x_usart.o(.text)
    SystemInit                               0x08001c49   Thumb Code    92  system_stm32f10x.o(.text)
    SystemCoreClockUpdate                    0x08001ca5   Thumb Code   232  system_stm32f10x.o(.text)
    ETH_DeInit                               0x08001dbd   Thumb Code    22  stm32_eth.o(.text)
    ETH_WritePHYRegister                     0x08001def   Thumb Code    96  stm32_eth.o(.text)
    ETH_ReadPHYRegister                      0x08001e4f   Thumb Code    98  stm32_eth.o(.text)
    ETH_Init                                 0x08001eb1   Thumb Code   576  stm32_eth.o(.text)
    ETH_StructInit                           0x080020f1   Thumb Code   164  stm32_eth.o(.text)
    ETH_DMAReceptionCmd                      0x08002195   Thumb Code    30  stm32_eth.o(.text)
    ETH_DMATransmissionCmd                   0x080021b3   Thumb Code    30  stm32_eth.o(.text)
    ETH_MACReceptionCmd                      0x080021d1   Thumb Code    66  stm32_eth.o(.text)
    ETH_FlushTransmitFIFO                    0x08002213   Thumb Code    14  stm32_eth.o(.text)
    ETH_MACTransmissionCmd                   0x08002221   Thumb Code    30  stm32_eth.o(.text)
    ETH_Start                                0x0800223f   Thumb Code    32  stm32_eth.o(.text)
    ETH_HandleTxPkt                          0x0800225f   Thumb Code   176  stm32_eth.o(.text)
    ETH_HandleRxPkt                          0x0800230f   Thumb Code   196  stm32_eth.o(.text)
    ETH_GetDMARxDescFrameLength              0x080023d3   Thumb Code    10  stm32_eth.o(.text)
    ETH_GetRxPktSize                         0x080023dd   Thumb Code    66  stm32_eth.o(.text)
    ETH_DropRxPkt                            0x0800241f   Thumb Code    78  stm32_eth.o(.text)
    ETH_PHYLoopBackCmd                       0x0800246d   Thumb Code    52  stm32_eth.o(.text)
    ETH_GetFlowControlBusyStatus             0x080024a1   Thumb Code    20  stm32_eth.o(.text)
    ETH_InitiatePauseControlFrame            0x080024b5   Thumb Code    14  stm32_eth.o(.text)
    ETH_BackPressureActivationCmd            0x080024c3   Thumb Code    30  stm32_eth.o(.text)
    ETH_GetMACFlagStatus                     0x080024e1   Thumb Code    20  stm32_eth.o(.text)
    ETH_GetMACITStatus                       0x080024f5   Thumb Code    20  stm32_eth.o(.text)
    ETH_MACITConfig                          0x08002509   Thumb Code    26  stm32_eth.o(.text)
    ETH_MACAddressConfig                     0x08002523   Thumb Code    46  stm32_eth.o(.text)
    ETH_GetMACAddress                        0x08002551   Thumb Code    36  stm32_eth.o(.text)
    ETH_MACAddressPerfectFilterCmd           0x08002575   Thumb Code    38  stm32_eth.o(.text)
    ETH_MACAddressFilterConfig               0x0800259b   Thumb Code    40  stm32_eth.o(.text)
    ETH_MACAddressMaskBytesFilterConfig      0x080025c3   Thumb Code    50  stm32_eth.o(.text)
    ETH_DMATxDescChainInit                   0x080025f5   Thumb Code    70  stm32_eth.o(.text)
    ETH_DMATxDescRingInit                    0x0800263b   Thumb Code    72  stm32_eth.o(.text)
    ETH_GetDMATxDescFlagStatus               0x08002683   Thumb Code    18  stm32_eth.o(.text)
    ETH_GetDMATxDescCollisionCount           0x08002695   Thumb Code    10  stm32_eth.o(.text)
    ETH_SetDMATxDescOwnBit                   0x0800269f   Thumb Code    10  stm32_eth.o(.text)
    ETH_DMATxDescTransmitITConfig            0x080026a9   Thumb Code    22  stm32_eth.o(.text)
    ETH_DMATxDescFrameSegmentConfig          0x080026bf   Thumb Code     8  stm32_eth.o(.text)
    ETH_DMATxDescChecksumInsertionConfig     0x080026c7   Thumb Code     8  stm32_eth.o(.text)
    ETH_DMATxDescCRCCmd                      0x080026cf   Thumb Code    22  stm32_eth.o(.text)
    ETH_DMATxDescEndOfRingCmd                0x080026e5   Thumb Code    22  stm32_eth.o(.text)
    ETH_DMATxDescSecondAddressChainedCmd     0x080026fb   Thumb Code    22  stm32_eth.o(.text)
    ETH_DMATxDescShortFramePaddingCmd        0x08002711   Thumb Code    22  stm32_eth.o(.text)
    ETH_DMATxDescTimeStampCmd                0x08002727   Thumb Code    22  stm32_eth.o(.text)
    ETH_DMATxDescBufferSizeConfig            0x0800273d   Thumb Code    14  stm32_eth.o(.text)
    ETH_DMARxDescChainInit                   0x0800274b   Thumb Code    76  stm32_eth.o(.text)
    ETH_DMARxDescRingInit                    0x08002797   Thumb Code    86  stm32_eth.o(.text)
    ETH_GetDMARxDescFlagStatus               0x080027ed   Thumb Code    18  stm32_eth.o(.text)
    ETH_SetDMARxDescOwnBit                   0x080027ff   Thumb Code    10  stm32_eth.o(.text)
    ETH_DMARxDescReceiveITConfig             0x08002809   Thumb Code    22  stm32_eth.o(.text)
    ETH_DMARxDescEndOfRingCmd                0x0800281f   Thumb Code    22  stm32_eth.o(.text)
    ETH_DMARxDescSecondAddressChainedCmd     0x08002835   Thumb Code    22  stm32_eth.o(.text)
    ETH_GetDMARxDescBufferSize               0x0800284b   Thumb Code    20  stm32_eth.o(.text)
    ETH_SoftwareReset                        0x0800285f   Thumb Code    14  stm32_eth.o(.text)
    ETH_GetSoftwareResetStatus               0x0800286d   Thumb Code    20  stm32_eth.o(.text)
    ETH_GetDMAFlagStatus                     0x08002881   Thumb Code    20  stm32_eth.o(.text)
    ETH_DMAClearFlag                         0x08002895   Thumb Code     6  stm32_eth.o(.text)
    ETH_GetDMAITStatus                       0x0800289b   Thumb Code    20  stm32_eth.o(.text)
    ETH_DMAClearITPendingBit                 0x080028af   Thumb Code     6  stm32_eth.o(.text)
    ETH_GetTransmitProcessState              0x080028b5   Thumb Code    10  stm32_eth.o(.text)
    ETH_GetReceiveProcessState               0x080028bf   Thumb Code    10  stm32_eth.o(.text)
    ETH_GetFlushTransmitFIFOStatus           0x080028c9   Thumb Code    20  stm32_eth.o(.text)
    ETH_DMAITConfig                          0x080028dd   Thumb Code    26  stm32_eth.o(.text)
    ETH_GetDMAOverflowStatus                 0x080028f7   Thumb Code    20  stm32_eth.o(.text)
    ETH_GetRxOverflowMissedFrameCounter      0x0800290b   Thumb Code    10  stm32_eth.o(.text)
    ETH_GetBufferUnavailableMissedFrameCounter 0x08002915   Thumb Code     8  stm32_eth.o(.text)
    ETH_GetCurrentTxDescStartAddress         0x0800291d   Thumb Code     6  stm32_eth.o(.text)
    ETH_GetCurrentRxDescStartAddress         0x08002923   Thumb Code     6  stm32_eth.o(.text)
    ETH_GetCurrentTxBufferAddress            0x08002929   Thumb Code     6  stm32_eth.o(.text)
    ETH_GetCurrentRxBufferAddress            0x0800292f   Thumb Code     6  stm32_eth.o(.text)
    ETH_ResumeDMATransmission                0x08002935   Thumb Code     8  stm32_eth.o(.text)
    ETH_ResumeDMAReception                   0x0800293d   Thumb Code     8  stm32_eth.o(.text)
    ETH_ResetWakeUpFrameFilterRegisterPointer 0x08002945   Thumb Code    14  stm32_eth.o(.text)
    ETH_SetWakeUpFrameFilterRegister         0x08002953   Thumb Code    24  stm32_eth.o(.text)
    ETH_GlobalUnicastWakeUpCmd               0x0800296b   Thumb Code    30  stm32_eth.o(.text)
    ETH_GetPMTFlagStatus                     0x08002989   Thumb Code    20  stm32_eth.o(.text)
    ETH_WakeUpFrameDetectionCmd              0x0800299d   Thumb Code    30  stm32_eth.o(.text)
    ETH_MagicPacketDetectionCmd              0x080029bb   Thumb Code    46  stm32_eth.o(.text)
    ETH_PowerDownCmd                         0x080029e9   Thumb Code    30  stm32_eth.o(.text)
    ETH_MMCCounterFreezeCmd                  0x08002a07   Thumb Code    34  stm32_eth.o(.text)
    ETH_MMCResetOnReadCmd                    0x08002a29   Thumb Code    34  stm32_eth.o(.text)
    ETH_MMCCounterRolloverCmd                0x08002a4b   Thumb Code    34  stm32_eth.o(.text)
    ETH_MMCCountersReset                     0x08002a6d   Thumb Code    16  stm32_eth.o(.text)
    ETH_MMCITConfig                          0x08002a7d   Thumb Code    78  stm32_eth.o(.text)
    ETH_GetMMCITStatus                       0x08002acb   Thumb Code    66  stm32_eth.o(.text)
    ETH_GetMMCRegister                       0x08002b0d   Thumb Code     8  stm32_eth.o(.text)
    ETH_EnablePTPTimeStampAddend             0x08002b15   Thumb Code    14  stm32_eth.o(.text)
    ETH_EnablePTPTimeStampInterruptTrigger   0x08002b23   Thumb Code    14  stm32_eth.o(.text)
    ETH_EnablePTPTimeStampUpdate             0x08002b31   Thumb Code    14  stm32_eth.o(.text)
    ETH_InitializePTPTimeStamp               0x08002b3f   Thumb Code    14  stm32_eth.o(.text)
    ETH_PTPUpdateMethodConfig                0x08002b4d   Thumb Code    30  stm32_eth.o(.text)
    ETH_PTPTimeStampCmd                      0x08002b6b   Thumb Code    30  stm32_eth.o(.text)
    ETH_GetPTPFlagStatus                     0x08002b89   Thumb Code    20  stm32_eth.o(.text)
    ETH_SetPTPSubSecondIncrement             0x08002b9d   Thumb Code     8  stm32_eth.o(.text)
    ETH_SetPTPTimeStampUpdate                0x08002ba5   Thumb Code    20  stm32_eth.o(.text)
    ETH_SetPTPTimeStampAddend                0x08002bb9   Thumb Code     8  stm32_eth.o(.text)
    ETH_SetPTPTargetTime                     0x08002bc1   Thumb Code    12  stm32_eth.o(.text)
    ETH_GetPTPRegister                       0x08002bcd   Thumb Code     8  stm32_eth.o(.text)
    ETH_DMAPTPTxDescChainInit                0x08002bd5   Thumb Code    98  stm32_eth.o(.text)
    ETH_DMAPTPRxDescChainInit                0x08002c37   Thumb Code   104  stm32_eth.o(.text)
    ETH_HandlePTPTxPkt                       0x08002c9f   Thumb Code   338  stm32_eth.o(.text)
    ETH_HandlePTPRxPkt                       0x08002df1   Thumb Code   248  stm32_eth.o(.text)
    Reset_Handler                            0x08002ef5   Thumb Code     8  startup_stm32f10x_cl.o(.text)
    CAN1_RX0_IRQHandler                      0x08002f0f   Thumb Code     0  startup_stm32f10x_cl.o(.text)
    CAN1_TX_IRQHandler                       0x08002f0f   Thumb Code     0  startup_stm32f10x_cl.o(.text)
    CAN2_RX0_IRQHandler                      0x08002f0f   Thumb Code     0  startup_stm32f10x_cl.o(.text)
    CAN2_RX1_IRQHandler                      0x08002f0f   Thumb Code     0  startup_stm32f10x_cl.o(.text)
    CAN2_SCE_IRQHandler                      0x08002f0f   Thumb Code     0  startup_stm32f10x_cl.o(.text)
    CAN2_TX_IRQHandler                       0x08002f0f   Thumb Code     0  startup_stm32f10x_cl.o(.text)
    DMA2_Channel1_IRQHandler                 0x08002f0f   Thumb Code     0  startup_stm32f10x_cl.o(.text)
    DMA2_Channel2_IRQHandler                 0x08002f0f   Thumb Code     0  startup_stm32f10x_cl.o(.text)
    DMA2_Channel3_IRQHandler                 0x08002f0f   Thumb Code     0  startup_stm32f10x_cl.o(.text)
    DMA2_Channel4_IRQHandler                 0x08002f0f   Thumb Code     0  startup_stm32f10x_cl.o(.text)
    DMA2_Channel5_IRQHandler                 0x08002f0f   Thumb Code     0  startup_stm32f10x_cl.o(.text)
    ETH_WKUP_IRQHandler                      0x08002f0f   Thumb Code     0  startup_stm32f10x_cl.o(.text)
    OTG_FS_IRQHandler                        0x08002f0f   Thumb Code     0  startup_stm32f10x_cl.o(.text)
    OTG_FS_WKUP_IRQHandler                   0x08002f0f   Thumb Code     0  startup_stm32f10x_cl.o(.text)
    SPI3_IRQHandler                          0x08002f0f   Thumb Code     0  startup_stm32f10x_cl.o(.text)
    TIM5_IRQHandler                          0x08002f0f   Thumb Code     0  startup_stm32f10x_cl.o(.text)
    TIM6_IRQHandler                          0x08002f0f   Thumb Code     0  startup_stm32f10x_cl.o(.text)
    TIM7_IRQHandler                          0x08002f0f   Thumb Code     0  startup_stm32f10x_cl.o(.text)
    UART4_IRQHandler                         0x08002f0f   Thumb Code     0  startup_stm32f10x_cl.o(.text)
    UART5_IRQHandler                         0x08002f0f   Thumb Code     0  startup_stm32f10x_cl.o(.text)
    OS_StrCopy                               0x08002f19   Thumb Code    28  os_core.o(.text)
    OSEventNameGet                           0x08002f35   Thumb Code   126  os_core.o(.text)
    OS_StrLen                                0x08002fb3   Thumb Code    20  os_core.o(.text)
    OSEventNameSet                           0x08002fc7   Thumb Code   140  os_core.o(.text)
    OS_TaskIdle                              0x08003053   Thumb Code    32  os_core.o(.text)
    OS_MemClr                                0x080030a7   Thumb Code    18  os_core.o(.text)
    OSInit                                   0x080031a3   Thumb Code    44  os_core.o(.text)
    OSIntEnter                               0x080031cf   Thumb Code    28  os_core.o(.text)
    OSIntExit                                0x08003205   Thumb Code   112  os_core.o(.text)
    OSSchedLock                              0x08003275   Thumb Code    50  os_core.o(.text)
    OS_Sched                                 0x080032a7   Thumb Code    86  os_core.o(.text)
    OSSchedUnlock                            0x080032fd   Thumb Code   192  os_core.o(.text)
    OSStart                                  0x080033bd   Thumb Code    48  os_core.o(.text)
    OSTimeTick                               0x080033ed   Thumb Code   210  os_core.o(.text)
    OSVersion                                0x080034bf   Thumb Code     6  os_core.o(.text)
    OS_Dummy                                 0x080034c5   Thumb Code     2  os_core.o(.text)
    OS_EventTaskRemove                       0x080034c7   Thumb Code    42  os_core.o(.text)
    OS_EventTaskRdy                          0x080034f1   Thumb Code   114  os_core.o(.text)
    OS_EventTaskWait                         0x08003563   Thumb Code   112  os_core.o(.text)
    OS_EventWaitListInit                     0x080035d3   Thumb Code    28  os_core.o(.text)
    OS_MemCopy                               0x080035ef   Thumb Code    20  os_core.o(.text)
    OS_TaskStatStkChk                        0x08003603   Thumb Code    54  os_core.o(.text)
    OS_TCBInit                               0x08003639   Thumb Code   258  os_core.o(.text)
    OSInitHookBegin                          0x08003775   Thumb Code     2  os_cpu_c.o(.text)
    OSInitHookEnd                            0x08003777   Thumb Code     2  os_cpu_c.o(.text)
    OSTaskCreateHook                         0x08003779   Thumb Code     2  os_cpu_c.o(.text)
    OSTaskDelHook                            0x0800377b   Thumb Code     2  os_cpu_c.o(.text)
    OSTaskIdleHook                           0x0800377d   Thumb Code     2  os_cpu_c.o(.text)
    OSTaskStatHook                           0x0800377f   Thumb Code     2  os_cpu_c.o(.text)
    OSTaskStkInit                            0x08003781   Thumb Code   154  os_cpu_c.o(.text)
    OSTaskSwHook                             0x0800381b   Thumb Code     2  os_cpu_c.o(.text)
    OSTCBInitHook                            0x0800381d   Thumb Code     2  os_cpu_c.o(.text)
    OSTimeTickHook                           0x0800381f   Thumb Code     2  os_cpu_c.o(.text)
    OS_CPU_SysTickInit                       0x08003821   Thumb Code    92  os_cpu_c.o(.text)
    OSDebugInit                              0x08003889   Thumb Code    94  os_dbg.o(.text)
    OSMemCreate                              0x0800399d   Thumb Code   166  os_mem.o(.text)
    OSMemGet                                 0x08003a43   Thumb Code    78  os_mem.o(.text)
    OSMemNameGet                             0x08003a91   Thumb Code    88  os_mem.o(.text)
    OSMemNameSet                             0x08003ae9   Thumb Code   104  os_mem.o(.text)
    OSMemPut                                 0x08003b51   Thumb Code    66  os_mem.o(.text)
    OSMemQuery                               0x08003b93   Thumb Code    64  os_mem.o(.text)
    OS_MemInit                               0x08003bd3   Thumb Code    68  os_mem.o(.text)
    OSQAccept                                0x08003c25   Thumb Code   106  os_q.o(.text)
    OSQCreate                                0x08003c8f   Thumb Code   150  os_q.o(.text)
    OSQDel                                   0x08003d25   Thumb Code   270  os_q.o(.text)
    OSQFlush                                 0x08003e33   Thumb Code    52  os_q.o(.text)
    OSQPend                                  0x08003e67   Thumb Code   294  os_q.o(.text)
    OSQPendAbort                             0x08003f8d   Thumb Code   144  os_q.o(.text)
    OSQPost                                  0x0800401d   Thumb Code   140  os_q.o(.text)
    OSQPostFront                             0x080040a9   Thumb Code   122  os_q.o(.text)
    OSQPostOpt                               0x08004123   Thumb Code   188  os_q.o(.text)
    OSQQuery                                 0x080041df   Thumb Code   112  os_q.o(.text)
    OS_QInit                                 0x0800424f   Thumb Code    48  os_q.o(.text)
    OSSemAccept                              0x08004289   Thumb Code    50  os_sem.o(.text)
    OSSemCreate                              0x080042bb   Thumb Code    78  os_sem.o(.text)
    OSSemDel                                 0x08004309   Thumb Code   236  os_sem.o(.text)
    OSSemPend                                0x080043f5   Thumb Code   240  os_sem.o(.text)
    OSSemPendAbort                           0x080044e5   Thumb Code   144  os_sem.o(.text)
    OSSemPost                                0x08004575   Thumb Code    94  os_sem.o(.text)
    OSSemQuery                               0x080045d3   Thumb Code    94  os_sem.o(.text)
    OSSemSet                                 0x08004631   Thumb Code    80  os_sem.o(.text)
    OSTaskChangePrio                         0x08004691   Thumb Code   342  os_task.o(.text)
    OSTaskCreate                             0x080047e7   Thumb Code   158  os_task.o(.text)
    OS_TaskStkClr                            0x08004885   Thumb Code    26  os_task.o(.text)
    OSTaskCreateExt                          0x0800489f   Thumb Code   180  os_task.o(.text)
    OSTaskDel                                0x08004953   Thumb Code   304  os_task.o(.text)
    OSTaskDelReq                             0x08004a83   Thumb Code   152  os_task.o(.text)
    OSTaskNameGet                            0x08004b1b   Thumb Code   148  os_task.o(.text)
    OSTaskNameSet                            0x08004baf   Thumb Code   160  os_task.o(.text)
    OSTaskResume                             0x08004c4f   Thumb Code   162  os_task.o(.text)
    OSTaskStkChk                             0x08004cf1   Thumb Code   150  os_task.o(.text)
    OSTaskSuspend                            0x08004d87   Thumb Code   172  os_task.o(.text)
    OSTaskQuery                              0x08004e33   Thumb Code   100  os_task.o(.text)
    OSTimeDly                                0x08004eb1   Thumb Code    96  os_time.o(.text)
    OSTimeDlyHMSM                            0x08004f11   Thumb Code   160  os_time.o(.text)
    OSTimeDlyResume                          0x08004fb1   Thumb Code   168  os_time.o(.text)
    OSTimeGet                                0x08005059   Thumb Code    24  os_time.o(.text)
    OSTimeSet                                0x08005071   Thumb Code    24  os_time.o(.text)
    OS_CPU_SR_Save                           0x080050a1   Thumb Code     0  os_cpu_a.o(.text)
    OS_CPU_SR_Restore                        0x080050a9   Thumb Code     0  os_cpu_a.o(.text)
    OSStartHighRdy                           0x080050af   Thumb Code     0  os_cpu_a.o(.text)
    OSCtxSw                                  0x080050cf   Thumb Code     0  os_cpu_a.o(.text)
    OSIntCtxSw                               0x080050d9   Thumb Code     0  os_cpu_a.o(.text)
    PendSV_Handler                           0x080050e3   Thumb Code     0  os_cpu_a.o(.text)
    Set_MAC_Address                          0x08005145   Thumb Code    40  ethernetif.o(.text)
    ETH_TxPkt_ChainMode                      0x080051fb   Thumb Code    94  ethernetif.o(.text)
    ETH_GetCurrentTxBuffer                   0x08005259   Thumb Code     8  ethernetif.o(.text)
    ETH_RxPkt_ChainMode                      0x08005295   Thumb Code   148  ethernetif.o(.text)
    ethernetif_input                         0x08005397   Thumb Code    44  ethernetif.o(.text)
    ethernetif_init                          0x080053c3   Thumb Code    82  ethernetif.o(.text)
    sys_sem_new                              0x08005495   Thumb Code    38  sys_arch.o(.text)
    sys_sem_signal                           0x080054bb   Thumb Code    12  sys_arch.o(.text)
    sys_sem_free                             0x080054c7   Thumb Code    42  sys_arch.o(.text)
    sys_arch_sem_wait                        0x080054f1   Thumb Code   112  sys_arch.o(.text)
    sys_mbox_new                             0x08005561   Thumb Code   118  sys_arch.o(.text)
    sys_mbox_free                            0x080055d7   Thumb Code   108  sys_arch.o(.text)
    sys_mbox_post                            0x08005643   Thumb Code    46  sys_arch.o(.text)
    sys_mbox_trypost                         0x08005671   Thumb Code    32  sys_arch.o(.text)
    sys_arch_mbox_fetch                      0x08005691   Thumb Code   168  sys_arch.o(.text)
    sys_init                                 0x08005739   Thumb Code    72  sys_arch.o(.text)
    sys_arch_timeouts                        0x08005781   Thumb Code    50  sys_arch.o(.text)
    sys_thread_new                           0x080057b3   Thumb Code    94  sys_arch.o(.text)
    netconn_new_with_proto_and_callback      0x080058e1   Thumb Code   172  api_lib.o(.text)
    netconn_delete                           0x0800598d   Thumb Code    40  api_lib.o(.text)
    netconn_getaddr                          0x080059b5   Thumb Code   124  api_lib.o(.text)
    netconn_bind                             0x08005a31   Thumb Code    64  api_lib.o(.text)
    netconn_connect                          0x08005a71   Thumb Code    64  api_lib.o(.text)
    netconn_disconnect                       0x08005ab1   Thumb Code    56  api_lib.o(.text)
    netconn_listen_with_backlog              0x08005ae9   Thumb Code    56  api_lib.o(.text)
    netconn_accept                           0x08005b21   Thumb Code    92  api_lib.o(.text)
    netconn_recv                             0x08005b7d   Thumb Code   836  api_lib.o(.text)
    netconn_send                             0x08005ec1   Thumb Code    64  api_lib.o(.text)
    netconn_sendto                           0x08005f01   Thumb Code    36  api_lib.o(.text)
    netconn_write                            0x08005f25   Thumb Code   112  api_lib.o(.text)
    netconn_close                            0x08005f95   Thumb Code    60  api_lib.o(.text)
    netconn_free                             0x080067b9   Thumb Code   150  api_msg.o(.text)
    netconn_alloc                            0x0800684f   Thumb Code   106  api_msg.o(.text)
    do_newconn                               0x080069fb   Thumb Code   298  api_msg.o(.text)
    do_delconn                               0x08006b25   Thumb Code   126  api_msg.o(.text)
    do_bind                                  0x08006ba3   Thumb Code   114  api_msg.o(.text)
    do_connect                               0x08006c49   Thumb Code   130  api_msg.o(.text)
    do_disconnect                            0x08006ccb   Thumb Code    34  api_msg.o(.text)
    do_listen                                0x08006ced   Thumb Code   160  api_msg.o(.text)
    do_send                                  0x08006d8d   Thumb Code   144  api_msg.o(.text)
    do_recv                                  0x08006e1d   Thumb Code    50  api_msg.o(.text)
    do_write                                 0x08006e4f   Thumb Code   112  api_msg.o(.text)
    do_getaddr                               0x08006ebf   Thumb Code   172  api_msg.o(.text)
    do_close                                 0x08006f6b   Thumb Code    48  api_msg.o(.text)
    netbuf_new                               0x08006fb5   Thumb Code    28  netbuf.o(.text)
    netbuf_delete                            0x08006fd1   Thumb Code    32  netbuf.o(.text)
    netbuf_alloc                             0x08006ff1   Thumb Code   100  netbuf.o(.text)
    netbuf_free                              0x08007055   Thumb Code    48  netbuf.o(.text)
    netbuf_ref                               0x08007085   Thumb Code    90  netbuf.o(.text)
    netbuf_chain                             0x080070df   Thumb Code    78  netbuf.o(.text)
    netbuf_data                              0x0800712d   Thumb Code   118  netbuf.o(.text)
    netbuf_next                              0x080071a3   Thumb Code    64  netbuf.o(.text)
    netbuf_first                             0x080071e3   Thumb Code    36  netbuf.o(.text)
    lwip_socket_init                         0x08007355   Thumb Code    24  sockets.o(.text)
    lwip_accept                              0x08007557   Thumb Code   414  sockets.o(.text)
    lwip_bind                                0x080076f5   Thumb Code   366  sockets.o(.text)
    lwip_close                               0x08007863   Thumb Code    70  sockets.o(.text)
    lwip_connect                             0x080078a9   Thumb Code   168  sockets.o(.text)
    lwip_listen                              0x08007951   Thumb Code    92  sockets.o(.text)
    lwip_recvfrom                            0x080079ad   Thumb Code   498  sockets.o(.text)
    lwip_read                                0x08007b9f   Thumb Code    28  sockets.o(.text)
    lwip_recv                                0x08007bbb   Thumb Code    34  sockets.o(.text)
    lwip_sendto                              0x08007bdd   Thumb Code   380  sockets.o(.text)
    lwip_send                                0x08007d59   Thumb Code   122  sockets.o(.text)
    lwip_socket                              0x08007dd3   Thumb Code   122  sockets.o(.text)
    lwip_write                               0x08007e4d   Thumb Code    22  sockets.o(.text)
    lwip_select                              0x08007f3d   Thumb Code   464  sockets.o(.text)
    lwip_shutdown                            0x0800810d   Thumb Code    14  sockets.o(.text)
    lwip_getpeername                         0x08008191   Thumb Code    22  sockets.o(.text)
    lwip_getsockname                         0x080081a7   Thumb Code    22  sockets.o(.text)
    lwip_getsockopt                          0x08008307   Thumb Code   324  sockets.o(.text)
    lwip_setsockopt                          0x08008589   Thumb Code   292  sockets.o(.text)
    lwip_ioctl                               0x080086ad   Thumb Code   168  sockets.o(.text)
    tcp_timer_needed                         0x08008785   Thumb Code    38  tcpip.o(.text)
    tcpip_input                              0x0800889d   Thumb Code    72  tcpip.o(.text)
    tcpip_callback_with_block                0x080088e5   Thumb Code    92  tcpip.o(.text)
    tcpip_timeout                            0x08008941   Thumb Code    64  tcpip.o(.text)
    tcpip_untimeout                          0x08008981   Thumb Code    56  tcpip.o(.text)
    tcpip_apimsg                             0x080089b9   Thumb Code    52  tcpip.o(.text)
    tcpip_init                               0x080089ed   Thumb Code    46  tcpip.o(.text)
    pbuf_free_callback                       0x08008a29   Thumb Code    16  tcpip.o(.text)
    mem_free_callback                        0x08008a39   Thumb Code    16  tcpip.o(.text)
    icmp_input                               0x08008a89   Thumb Code   478  icmp.o(.text)
    icmp_dest_unreach                        0x08008ceb   Thumb Code    18  icmp.o(.text)
    icmp_time_exceeded                       0x08008cfd   Thumb Code    18  icmp.o(.text)
    htonl                                    0x08008e75   Thumb Code    26  inet.o(.text)
    inet_aton                                0x08008e8f   Thumb Code   336  inet.o(.text)
    inet_addr                                0x08008fdf   Thumb Code    24  inet.o(.text)
    inet_ntoa                                0x08008ff7   Thumb Code   112  inet.o(.text)
    htons                                    0x08009067   Thumb Code    12  inet.o(.text)
    ntohs                                    0x08009073   Thumb Code    12  inet.o(.text)
    ntohl                                    0x0800907f   Thumb Code    12  inet.o(.text)
    inet_chksum_pseudo                       0x080090db   Thumb Code   162  inet_chksum.o(.text)
    inet_chksum                              0x0800917d   Thumb Code    20  inet_chksum.o(.text)
    inet_chksum_pbuf                         0x08009191   Thumb Code    86  inet_chksum.o(.text)
    ip_current_netif                         0x080091e9   Thumb Code     6  ip.o(.text)
    ip_current_header                        0x080091ef   Thumb Code     6  ip.o(.text)
    ip_route                                 0x080091f5   Thumb Code    70  ip.o(.text)
    ip_input                                 0x0800923b   Thumb Code   398  ip.o(.text)
    ip_output_if                             0x080093c9   Thumb Code   270  ip.o(.text)
    ip_output                                0x080094d7   Thumb Code    52  ip.o(.text)
    ip_addr_isbroadcast                      0x08009599   Thumb Code    78  ip_addr.o(.text)
    ip_reass_tmr                             0x080096ef   Thumb Code    48  ip_frag.o(.text)
    ip_reass                                 0x08009b23   Thumb Code   400  ip_frag.o(.text)
    ip_frag                                  0x08009cb3   Thumb Code   326  ip_frag.o(.text)
    lwip_init                                0x08009e35   Thumb Code    20  init.o(.text)
    mem_init                                 0x08009f23   Thumb Code    86  mem.o(.text)
    mem_free                                 0x08009f79   Thumb Code   166  mem.o(.text)
    mem_realloc                              0x0800a01f   Thumb Code   326  mem.o(.text)
    mem_malloc                               0x0800a165   Thumb Code   768  mem.o(.text)
    mem_calloc                               0x0800a465   Thumb Code    34  mem.o(.text)
    memp_init                                0x0800a539   Thumb Code    82  memp.o(.text)
    memp_malloc                              0x0800a58b   Thumb Code    86  memp.o(.text)
    memp_free                                0x0800a5e1   Thumb Code    58  memp.o(.text)
    netif_set_gw                             0x0800a6d5   Thumb Code    12  netif.o(.text)
    netif_set_netmask                        0x0800a6e1   Thumb Code    12  netif.o(.text)
    netif_set_ipaddr                         0x0800a6ed   Thumb Code   110  netif.o(.text)
    netif_set_addr                           0x0800a75b   Thumb Code    40  netif.o(.text)
    netif_add                                0x0800a783   Thumb Code    96  netif.o(.text)
    netif_set_default                        0x0800a7e3   Thumb Code     6  netif.o(.text)
    netif_remove                             0x0800a7e9   Thumb Code    74  netif.o(.text)
    netif_find                               0x0800a833   Thumb Code    64  netif.o(.text)
    netif_set_up                             0x0800a873   Thumb Code    44  netif.o(.text)
    netif_set_down                           0x0800a89f   Thumb Code    24  netif.o(.text)
    netif_is_up                              0x0800a8b7   Thumb Code    12  netif.o(.text)
    pbuf_free                                0x0800a8d9   Thumb Code   194  pbuf.o(.text)
    pbuf_alloc                               0x0800a99b   Thumb Code   654  pbuf.o(.text)
    pbuf_realloc                             0x0800ac29   Thumb Code   784  pbuf.o(.text)
    pbuf_header                              0x0800af39   Thumb Code   206  pbuf.o(.text)
    pbuf_clen                                0x0800b007   Thumb Code    18  pbuf.o(.text)
    pbuf_ref                                 0x0800b019   Thumb Code    10  pbuf.o(.text)
    pbuf_cat                                 0x0800b023   Thumb Code   138  pbuf.o(.text)
    pbuf_chain                               0x0800b0ad   Thumb Code    22  pbuf.o(.text)
    pbuf_dechain                             0x0800b0c3   Thumb Code   122  pbuf.o(.text)
    pbuf_copy                                0x0800b13d   Thumb Code   334  pbuf.o(.text)
    pbuf_copy_partial                        0x0800b28b   Thumb Code   634  pbuf.o(.text)
    pbuf_take                                0x0800b505   Thumb Code   210  pbuf.o(.text)
    pbuf_coalesce                            0x0800b5d7   Thumb Code    84  pbuf.o(.text)
    raw_input                                0x0800b6e9   Thumb Code   100  raw.o(.text)
    raw_bind                                 0x0800b74d   Thumb Code    16  raw.o(.text)
    raw_connect                              0x0800b75d   Thumb Code    16  raw.o(.text)
    raw_recv                                 0x0800b76d   Thumb Code     6  raw.o(.text)
    raw_sendto                               0x0800b773   Thumb Code   172  raw.o(.text)
    raw_send                                 0x0800b81f   Thumb Code    18  raw.o(.text)
    raw_remove                               0x0800b831   Thumb Code    60  raw.o(.text)
    raw_new                                  0x0800b86d   Thumb Code    42  raw.o(.text)
    sys_mbox_fetch                           0x0800b909   Thumb Code   124  sys.o(.text)
    sys_sem_wait                             0x0800b985   Thumb Code   116  sys.o(.text)
    sys_timeout                              0x0800b9f9   Thumb Code   190  sys.o(.text)
    sys_untimeout                            0x0800bab7   Thumb Code   120  sys.o(.text)
    sys_sem_wait_timeout                     0x0800bb43   Thumb Code    58  sys.o(.text)
    sys_msleep                               0x0800bb7d   Thumb Code    28  sys.o(.text)
    tcp_seg_free                             0x0800bc41   Thumb Code    32  tcp.o(.text)
    tcp_segs_free                            0x0800bc61   Thumb Code    30  tcp.o(.text)
    tcp_pcb_purge                            0x0800bc7f   Thumb Code    54  tcp.o(.text)
    tcp_pcb_remove                           0x0800bcb5   Thumb Code   198  tcp.o(.text)
    tcp_abandon                              0x0800bd7b   Thumb Code   148  tcp.o(.text)
    tcp_slowtmr                              0x0800be0f   Thumb Code  1270  tcp.o(.text)
    tcp_fasttmr                              0x0800c305   Thumb Code   112  tcp.o(.text)
    tcp_tmr                                  0x0800c375   Thumb Code    30  tcp.o(.text)
    tcp_close                                0x0800c393   Thumb Code   242  tcp.o(.text)
    tcp_bind                                 0x0800c4ed   Thumb Code   256  tcp.o(.text)
    tcp_listen_with_backlog                  0x0800c5f5   Thumb Code   466  tcp.o(.text)
    tcp_update_rcv_ann_wnd                   0x0800c7c7   Thumb Code    56  tcp.o(.text)
    tcp_recved                               0x0800c7ff   Thumb Code   104  tcp.o(.text)
    tcp_eff_send_mss                         0x0800c867   Thumb Code    46  tcp.o(.text)
    tcp_next_iss                             0x0800c895   Thumb Code    20  tcp.o(.text)
    tcp_connect                              0x0800c8a9   Thumb Code   302  tcp.o(.text)
    tcp_setprio                              0x0800c9d7   Thumb Code     4  tcp.o(.text)
    tcp_alloc                                0x0800ca85   Thumb Code   166  tcp.o(.text)
    tcp_new                                  0x0800cb2b   Thumb Code   138  tcp.o(.text)
    tcp_arg                                  0x0800cbb5   Thumb Code     4  tcp.o(.text)
    tcp_recv                                 0x0800cbb9   Thumb Code     6  tcp.o(.text)
    tcp_sent                                 0x0800cbbf   Thumb Code     6  tcp.o(.text)
    tcp_err                                  0x0800cbc5   Thumb Code     6  tcp.o(.text)
    tcp_accept                               0x0800cbcb   Thumb Code     4  tcp.o(.text)
    tcp_poll                                 0x0800cbcf   Thumb Code    10  tcp.o(.text)
    tcp_input                                0x0800dcfd   Thumb Code  1568  tcp_in.o(.text)
    tcp_enqueue                              0x0800e3a1   Thumb Code  1572  tcp_out.o(.text)
    tcp_send_ctrl                            0x0800e9c5   Thumb Code    28  tcp_out.o(.text)
    tcp_write                                0x0800e9e1   Thumb Code    72  tcp_out.o(.text)
    tcp_output                               0x0800eaeb   Thumb Code   700  tcp_out.o(.text)
    tcp_rst                                  0x0800eda7   Thumb Code   192  tcp_out.o(.text)
    tcp_rexmit_rto                           0x0800ee67   Thumb Code    58  tcp_out.o(.text)
    tcp_rexmit                               0x0800eea1   Thumb Code    86  tcp_out.o(.text)
    tcp_keepalive                            0x0800eef7   Thumb Code   110  tcp_out.o(.text)
    tcp_zero_window_probe                    0x0800ef65   Thumb Code   120  tcp_out.o(.text)
    udp_input                                0x0800f00d   Thumb Code   436  udp.o(.text)
    udp_bind                                 0x0800f1c1   Thumb Code   144  udp.o(.text)
    udp_sendto_if                            0x0800f251   Thumb Code   226  udp.o(.text)
    udp_sendto                               0x0800f333   Thumb Code    46  udp.o(.text)
    udp_send                                 0x0800f361   Thumb Code    20  udp.o(.text)
    udp_connect                              0x0800f375   Thumb Code    94  udp.o(.text)
    udp_disconnect                           0x0800f3d3   Thumb Code    28  udp.o(.text)
    udp_recv                                 0x0800f3ef   Thumb Code     6  udp.o(.text)
    udp_remove                               0x0800f3f5   Thumb Code    60  udp.o(.text)
    udp_new                                  0x0800f431   Thumb Code    28  udp.o(.text)
    etharp_tmr                               0x0800f561   Thumb Code   154  etharp.o(.text)
    etharp_find_addr                         0x0800fa47   Thumb Code    78  etharp.o(.text)
    etharp_ip_input                          0x0800fa95   Thumb Code    76  etharp.o(.text)
    etharp_arp_input                         0x0800fae1   Thumb Code   342  etharp.o(.text)
    etharp_request                           0x0800fd25   Thumb Code    36  etharp.o(.text)
    etharp_query                             0x0800fd49   Thumb Code   556  etharp.o(.text)
    etharp_output                            0x0800ff75   Thumb Code   190  etharp.o(.text)
    ethernet_input                           0x08010033   Thumb Code   128  etharp.o(.text)
    __aeabi_memcpy                           0x08010125   Thumb Code    36  memcpya.o(.text)
    __aeabi_memcpy4                          0x08010125   Thumb Code     0  memcpya.o(.text)
    __aeabi_memcpy8                          0x08010125   Thumb Code     0  memcpya.o(.text)
    __aeabi_memset                           0x08010149   Thumb Code    14  memseta.o(.text)
    __aeabi_memset4                          0x08010149   Thumb Code     0  memseta.o(.text)
    __aeabi_memset8                          0x08010149   Thumb Code     0  memseta.o(.text)
    __aeabi_memclr                           0x08010157   Thumb Code     4  memseta.o(.text)
    __aeabi_memclr4                          0x08010157   Thumb Code     0  memseta.o(.text)
    __aeabi_memclr8                          0x08010157   Thumb Code     0  memseta.o(.text)
    _memset$wrapper                          0x0801015b   Thumb Code    18  memseta.o(.text)
    strlen                                   0x0801016d   Thumb Code    14  strlen.o(.text)
    strcmp                                   0x0801017b   Thumb Code    28  strcmp.o(.text)
    strncmp                                  0x08010197   Thumb Code    30  strncmp.o(.text)
    __aeabi_uldivmod                         0x080101b5   Thumb Code    98  uldiv.o(.text)
    __scatterload                            0x08010219   Thumb Code    28  init.o(.text)
    __scatterload_rt2                        0x08010219   Thumb Code     0  init.o(.text)
    __aeabi_llsl                             0x0801023d   Thumb Code    30  llshl.o(.text)
    _ll_shift_l                              0x0801023d   Thumb Code     0  llshl.o(.text)
    __aeabi_llsr                             0x0801025b   Thumb Code    32  llushr.o(.text)
    _ll_ushift_r                             0x0801025b   Thumb Code     0  llushr.o(.text)
    __decompress                             0x0801027b   Thumb Code     0  __dczerorl2.o(.text)
    __decompress1                            0x0801027b   Thumb Code    86  __dczerorl2.o(.text)
    __0printf$5                              0x080102d1   Thumb Code    22  printf5.o(i.__0printf$5)
    __1printf$5                              0x080102d1   Thumb Code     0  printf5.o(i.__0printf$5)
    __2printf                                0x080102d1   Thumb Code     0  printf5.o(i.__0printf$5)
    __0sprintf$5                             0x080102f1   Thumb Code    34  printf5.o(i.__0sprintf$5)
    __1sprintf$5                             0x080102f1   Thumb Code     0  printf5.o(i.__0sprintf$5)
    __2sprintf                               0x080102f1   Thumb Code     0  printf5.o(i.__0sprintf$5)
    __scatterload_copy                       0x08010319   Thumb Code    14  handlers.o(i.__scatterload_copy)
    __scatterload_null                       0x08010327   Thumb Code     2  handlers.o(i.__scatterload_null)
    __scatterload_zeroinit                   0x08010329   Thumb Code    14  handlers.o(i.__scatterload_zeroinit)
    relay_tcp                                0x08010602   Data         120  devtcpsvr.o(.constdata)
    relay_tcp_back                           0x0801067a   Data         120  devtcpsvr.o(.constdata)
    OSUnMapTbl                               0x080106f2   Data         256  os_core.o(.constdata)
    OSDebugEn                                0x080107f4   Data           2  os_dbg.o(.constdata)
    OSEndiannessTest                         0x080107f8   Data           4  os_dbg.o(.constdata)
    OSEventMax                               0x080107fc   Data           2  os_dbg.o(.constdata)
    OSEventNameSize                          0x080107fe   Data           2  os_dbg.o(.constdata)
    OSEventEn                                0x08010800   Data           2  os_dbg.o(.constdata)
    OSEventSize                              0x08010802   Data           2  os_dbg.o(.constdata)
    OSEventTblSize                           0x08010804   Data           2  os_dbg.o(.constdata)
    OSFlagEn                                 0x08010806   Data           2  os_dbg.o(.constdata)
    OSFlagGrpSize                            0x08010808   Data           2  os_dbg.o(.constdata)
    OSFlagNodeSize                           0x0801080a   Data           2  os_dbg.o(.constdata)
    OSFlagWidth                              0x0801080c   Data           2  os_dbg.o(.constdata)
    OSFlagMax                                0x0801080e   Data           2  os_dbg.o(.constdata)
    OSFlagNameSize                           0x08010810   Data           2  os_dbg.o(.constdata)
    OSLowestPrio                             0x08010812   Data           2  os_dbg.o(.constdata)
    OSMboxEn                                 0x08010814   Data           2  os_dbg.o(.constdata)
    OSMemEn                                  0x08010816   Data           2  os_dbg.o(.constdata)
    OSMemMax                                 0x08010818   Data           2  os_dbg.o(.constdata)
    OSMemNameSize                            0x0801081a   Data           2  os_dbg.o(.constdata)
    OSMemSize                                0x0801081c   Data           2  os_dbg.o(.constdata)
    OSMemTblSize                             0x0801081e   Data           2  os_dbg.o(.constdata)
    OSMutexEn                                0x08010820   Data           2  os_dbg.o(.constdata)
    OSPtrSize                                0x08010822   Data           2  os_dbg.o(.constdata)
    OSQEn                                    0x08010824   Data           2  os_dbg.o(.constdata)
    OSQMax                                   0x08010826   Data           2  os_dbg.o(.constdata)
    OSQSize                                  0x08010828   Data           2  os_dbg.o(.constdata)
    OSRdyTblSize                             0x0801082a   Data           2  os_dbg.o(.constdata)
    OSSemEn                                  0x0801082c   Data           2  os_dbg.o(.constdata)
    OSStkWidth                               0x0801082e   Data           2  os_dbg.o(.constdata)
    OSTaskCreateEn                           0x08010830   Data           2  os_dbg.o(.constdata)
    OSTaskCreateExtEn                        0x08010832   Data           2  os_dbg.o(.constdata)
    OSTaskDelEn                              0x08010834   Data           2  os_dbg.o(.constdata)
    OSTaskIdleStkSize                        0x08010836   Data           2  os_dbg.o(.constdata)
    OSTaskProfileEn                          0x08010838   Data           2  os_dbg.o(.constdata)
    OSTaskMax                                0x0801083a   Data           2  os_dbg.o(.constdata)
    OSTaskNameSize                           0x0801083c   Data           2  os_dbg.o(.constdata)
    OSTaskStatEn                             0x0801083e   Data           2  os_dbg.o(.constdata)
    OSTaskStatStkSize                        0x08010840   Data           2  os_dbg.o(.constdata)
    OSTaskStatStkChkEn                       0x08010842   Data           2  os_dbg.o(.constdata)
    OSTaskSwHookEn                           0x08010844   Data           2  os_dbg.o(.constdata)
    OSTCBPrioTblMax                          0x08010846   Data           2  os_dbg.o(.constdata)
    OSTCBSize                                0x08010848   Data           2  os_dbg.o(.constdata)
    OSTicksPerSec                            0x0801084a   Data           2  os_dbg.o(.constdata)
    OSTimeTickHookEn                         0x0801084c   Data           2  os_dbg.o(.constdata)
    OSVersionNbr                             0x0801084e   Data           2  os_dbg.o(.constdata)
    OSDataSize                               0x08010850   Data           2  os_dbg.o(.constdata)
    pvNullPointer                            0x08010854   Data           4  sys_arch.o(.constdata)
    ip_addr_any                              0x08010894   Data           4  ip_addr.o(.constdata)
    ip_addr_broadcast                        0x08010898   Data           4  ip_addr.o(.constdata)
    tcp_backoff                              0x080108d4   Data          13  tcp.o(.constdata)
    tcp_persist_backoff                      0x080108e1   Data           7  tcp.o(.constdata)
    ethbroadcast                             0x080108e8   Data           6  etharp.o(.constdata)
    ethzero                                  0x080108ee   Data           6  etharp.o(.constdata)
    Region$$Table$$Base                      0x0801098c   Number         0  anon$$obj.o(Region$$Table)
    Region$$Table$$Limit                     0x080109ac   Number         0  anon$$obj.o(Region$$Table)
    gPcbLastConnectFromClient                0x20000004   Data           4  devtcpsvr.o(.data)
    SystemCoreClock                          0x2000001c   Data           4  system_stm32f10x.o(.data)
    AHBPrescTable                            0x20000020   Data          16  system_stm32f10x.o(.data)
    DMATxDescToSet                           0x20000030   Data           4  stm32_eth.o(.data)
    DMARxDescToGet                           0x20000034   Data           4  stm32_eth.o(.data)
    DMAPTPTxDescToSet                        0x20000038   Data           4  stm32_eth.o(.data)
    DMAPTPRxDescToGet                        0x2000003c   Data           4  stm32_eth.o(.data)
    OSCtxSwCtr                               0x20000040   Data           4  os_core.o(.data)
    OSEventFreeList                          0x20000044   Data           4  os_core.o(.data)
    OSIntNesting                             0x20000048   Data           1  os_core.o(.data)
    OSLockNesting                            0x20000049   Data           1  os_core.o(.data)
    OSPrioCur                                0x2000004a   Data           1  os_core.o(.data)
    OSPrioHighRdy                            0x2000004b   Data           1  os_core.o(.data)
    OSRdyGrp                                 0x2000004c   Data           1  os_core.o(.data)
    OSRdyTbl                                 0x2000004d   Data           4  os_core.o(.data)
    OSRunning                                0x20000051   Data           1  os_core.o(.data)
    OSTaskCtr                                0x20000052   Data           1  os_core.o(.data)
    OSIdleCtr                                0x20000054   Data           4  os_core.o(.data)
    OSTCBCur                                 0x20000058   Data           4  os_core.o(.data)
    OSTCBFreeList                            0x2000005c   Data           4  os_core.o(.data)
    OSTCBHighRdy                             0x20000060   Data           4  os_core.o(.data)
    OSTCBList                                0x20000064   Data           4  os_core.o(.data)
    OSTickStepState                          0x20000068   Data           1  os_core.o(.data)
    OSMemFreeList                            0x2000006c   Data           4  os_core.o(.data)
    OSQFreeList                              0x20000070   Data           4  os_core.o(.data)
    OSTime                                   0x20000074   Data           4  os_core.o(.data)
    tcp_end_time                             0x20000078   Data           4  ethernetif.o(.data)
    arp_end_time                             0x2000007c   Data           4  ethernetif.o(.data)
    MACaddr                                  0x20000080   Data           6  ethernetif.o(.data)
    DMATxDesc                                0x20000088   Data           4  ethernetif.o(.data)
    null_timeouts                            0x20000090   Data           4  sys_arch.o(.data)
    netif_list                               0x200000d4   Data           4  netif.o(.data)
    netif_default                            0x200000d8   Data           4  netif.o(.data)
    tcp_ticks                                0x200000e4   Data           4  tcp.o(.data)
    tcp_bound_pcbs                           0x200000e8   Data           4  tcp.o(.data)
    tcp_listen_pcbs                          0x200000ec   Data           4  tcp.o(.data)
    tcp_active_pcbs                          0x200000f0   Data           4  tcp.o(.data)
    tcp_tw_pcbs                              0x200000f4   Data           4  tcp.o(.data)
    tcp_tmp_pcb                              0x200000f8   Data           4  tcp.o(.data)
    tcp_input_pcb                            0x20000120   Data           4  tcp_in.o(.data)
    udp_pcbs                                 0x20000124   Data           4  udp.o(.data)
    __stdout                                 0x2000012c   Data           4  stdout.o(.data)
    tcpRecvBuf                               0x20000960   Data         100  devtcpsvr.o(.bss)
    OSEventTbl                               0x20000e74   Data         512  os_core.o(.bss)
    OSTaskIdleStk                            0x20001074   Data         512  os_core.o(.bss)
    OSTCBPrioTbl                             0x20001274   Data         128  os_core.o(.bss)
    OSTCBTbl                                 0x200012f4   Data        1428  os_core.o(.bss)
    OSMemTbl                                 0x20001888   Data         180  os_core.o(.bss)
    OSQTbl                                   0x2000193c   Data         384  os_core.o(.bss)
    DMARxDscrTab                             0x20001abc   Data          64  ethernetif.o(.bss)
    DMATxDscrTab                             0x20001afc   Data          32  ethernetif.o(.bss)
    Rx_Buff                                  0x20001b1c   Data        6080  ethernetif.o(.bss)
    Tx_Buff                                  0x200032dc   Data        3040  ethernetif.o(.bss)
    LWIP_TASK_STK                            0x20003ebc   Data        3600  sys_arch.o(.bss)
    lwip_timeouts                            0x20005018   Data          12  sys_arch.o(.bss)
    __initial_sp                             0x2000f478   Data           0  startup_stm32f10x_cl.o(STACK)



==============================================================================

Memory Map of the image

  Image Entry point : 0x08000151

  Load Region LR_IROM1 (Base: 0x08000000, Size: 0x00010adc, Max: 0x00040000, ABSOLUTE, COMPRESSED[0x000109d4])

    Execution Region ER_IROM1 (Exec base: 0x08000000, Load base: 0x08000000, Size: 0x000109ac, Max: 0x00040000, ABSOLUTE)

    Exec Addr    Load Addr    Size         Type   Attr      Idx    E Section Name        Object

    0x08000000   0x08000000   0x00000150   Data   RO          773    RESET               startup_stm32f10x_cl.o
    0x08000150   0x08000150   0x00000000   Code   RO         1450  * .ARM.Collect$$$$00000000  mc_w.l(entry.o)
    0x08000150   0x08000150   0x00000004   Code   RO         1726    .ARM.Collect$$$$00000001  mc_w.l(entry2.o)
    0x08000154   0x08000154   0x00000004   Code   RO         1729    .ARM.Collect$$$$00000004  mc_w.l(entry5.o)
    0x08000158   0x08000158   0x00000000   Code   RO         1731    .ARM.Collect$$$$00000008  mc_w.l(entry7b.o)
    0x08000158   0x08000158   0x00000000   Code   RO         1733    .ARM.Collect$$$$0000000A  mc_w.l(entry8b.o)
    0x08000158   0x08000158   0x00000008   Code   RO         1734    .ARM.Collect$$$$0000000B  mc_w.l(entry9a.o)
    0x08000160   0x08000160   0x00000000   Code   RO         1736    .ARM.Collect$$$$0000000D  mc_w.l(entry10a.o)
    0x08000160   0x08000160   0x00000000   Code   RO         1738    .ARM.Collect$$$$0000000F  mc_w.l(entry11a.o)
    0x08000160   0x08000160   0x00000004   Code   RO         1727    .ARM.Collect$$$$00002712  mc_w.l(entry2.o)
    0x08000164   0x08000164   0x000000a8   Code   RO            1    .text               main.o
    0x0800020c   0x0800020c   0x000000a8   Code   RO           78    .text               stm32f10x_it.o
    0x080002b4   0x080002b4   0x00000408   Code   RO          126    .text               bsp.o
    0x080006bc   0x080006bc   0x00000002   Code   RO          142    .text               app.o
    0x080006be   0x080006be   0x00000002   PAD
    0x080006c0   0x080006c0   0x0000020c   Code   RO          156    .text               lwip.o
    0x080008cc   0x080008cc   0x00000244   Code   RO          271    .text               devtcpsvr.o
    0x08000b10   0x08000b10   0x000002e4   Code   RO          367    .text               tcpserver.o
    0x08000df4   0x08000df4   0x000000dc   Code   RO          403    .text               misc.o
    0x08000ed0   0x08000ed0   0x0000035c   Code   RO          580    .text               stm32f10x_gpio.o
    0x0800122c   0x0800122c   0x00000504   Code   RO          637    .text               stm32f10x_rcc.o
    0x08001730   0x08001730   0x00000408   Code   RO          711    .text               stm32f10x_usart.o
    0x08001b38   0x08001b38   0x00000284   Code   RO          738    .text               system_stm32f10x.o
    0x08001dbc   0x08001dbc   0x00001138   Code   RO          756    .text               stm32_eth.o
    0x08002ef4   0x08002ef4   0x00000024   Code   RO          774    .text               startup_stm32f10x_cl.o
    0x08002f18   0x08002f18   0x0000085c   Code   RO          778    .text               os_core.o
    0x08003774   0x08003774   0x00000114   Code   RO          798    .text               os_cpu_c.o
    0x08003888   0x08003888   0x00000114   Code   RO          817    .text               os_dbg.o
    0x0800399c   0x0800399c   0x00000288   Code   RO          850    .text               os_mem.o
    0x08003c24   0x08003c24   0x00000664   Code   RO          868    .text               os_q.o
    0x08004288   0x08004288   0x00000408   Code   RO          880    .text               os_sem.o
    0x08004690   0x08004690   0x00000820   Code   RO          892    .text               os_task.o
    0x08004eb0   0x08004eb0   0x000001f0   Code   RO          904    .text               os_time.o
    0x080050a0   0x080050a0   0x000000a4   Code   RO          922    .text               os_cpu_a.o
    0x08005144   0x08005144   0x00000350   Code   RO          925    .text               ethernetif.o
    0x08005494   0x08005494   0x0000044c   Code   RO          951    .text               sys_arch.o
    0x080058e0   0x080058e0   0x00000774   Code   RO          974    .text               api_lib.o
    0x08006054   0x08006054   0x00000f60   Code   RO         1001    .text               api_msg.o
    0x08006fb4   0x08006fb4   0x000003a0   Code   RO         1031    .text               netbuf.o
    0x08007354   0x08007354   0x00001408   Code   RO         1061    .text               sockets.o
    0x0800875c   0x0800875c   0x0000032c   Code   RO         1077    .text               tcpip.o
    0x08008a88   0x08008a88   0x000003ec   Code   RO         1115    .text               icmp.o
    0x08008e74   0x08008e74   0x0000021c   Code   RO         1136    .text               inet.o
    0x08009090   0x08009090   0x00000156   Code   RO         1149    .text               inet_chksum.o
    0x080091e6   0x080091e6   0x00000002   PAD
    0x080091e8   0x080091e8   0x000003b0   Code   RO         1161    .text               ip.o
    0x08009598   0x08009598   0x0000004e   Code   RO         1178    .text               ip_addr.o
    0x080095e6   0x080095e6   0x00000002   PAD
    0x080095e8   0x080095e8   0x0000084c   Code   RO         1200    .text               ip_frag.o
    0x08009e34   0x08009e34   0x00000014   Code   RO         1227    .text               init.o
    0x08009e48   0x08009e48   0x000006f0   Code   RO         1245    .text               mem.o
    0x0800a538   0x0800a538   0x0000019c   Code   RO         1260    .text               memp.o
    0x0800a6d4   0x0800a6d4   0x00000204   Code   RO         1287    .text               netif.o
    0x0800a8d8   0x0800a8d8   0x00000e10   Code   RO         1305    .text               pbuf.o
    0x0800b6e8   0x0800b6e8   0x00000220   Code   RO         1317    .text               raw.o
    0x0800b908   0x0800b908   0x00000338   Code   RO         1337    .text               sys.o
    0x0800bc40   0x0800bc40   0x00000f98   Code   RO         1358    .text               tcp.o
    0x0800cbd8   0x0800cbd8   0x00001744   Code   RO         1378    .text               tcp_in.o
    0x0800e31c   0x0800e31c   0x00000cf0   Code   RO         1398    .text               tcp_out.o
    0x0800f00c   0x0800f00c   0x000004f0   Code   RO         1411    .text               udp.o
    0x0800f4fc   0x0800f4fc   0x00000c28   Code   RO         1429    .text               etharp.o
    0x08010124   0x08010124   0x00000024   Code   RO         1453    .text               mc_w.l(memcpya.o)
    0x08010148   0x08010148   0x00000024   Code   RO         1455    .text               mc_w.l(memseta.o)
    0x0801016c   0x0801016c   0x0000000e   Code   RO         1457    .text               mc_w.l(strlen.o)
    0x0801017a   0x0801017a   0x0000001c   Code   RO         1459    .text               mc_w.l(strcmp.o)
    0x08010196   0x08010196   0x0000001e   Code   RO         1461    .text               mc_w.l(strncmp.o)
    0x080101b4   0x080101b4   0x00000062   Code   RO         1743    .text               mc_w.l(uldiv.o)
    0x08010216   0x08010216   0x00000002   PAD
    0x08010218   0x08010218   0x00000024   Code   RO         1756    .text               mc_w.l(init.o)
    0x0801023c   0x0801023c   0x0000001e   Code   RO         1758    .text               mc_w.l(llshl.o)
    0x0801025a   0x0801025a   0x00000020   Code   RO         1760    .text               mc_w.l(llushr.o)
    0x0801027a   0x0801027a   0x00000056   Code   RO         1774    .text               mc_w.l(__dczerorl2.o)
    0x080102d0   0x080102d0   0x00000020   Code   RO         1598    i.__0printf$5       mc_w.l(printf5.o)
    0x080102f0   0x080102f0   0x00000028   Code   RO         1600    i.__0sprintf$5      mc_w.l(printf5.o)
    0x08010318   0x08010318   0x0000000e   Code   RO         1768    i.__scatterload_copy  mc_w.l(handlers.o)
    0x08010326   0x08010326   0x00000002   Code   RO         1769    i.__scatterload_null  mc_w.l(handlers.o)
    0x08010328   0x08010328   0x0000000e   Code   RO         1770    i.__scatterload_zeroinit  mc_w.l(handlers.o)
    0x08010336   0x08010336   0x00000002   PAD
    0x08010338   0x08010338   0x000002c0   Code   RO         1605    i._printf_core      mc_w.l(printf5.o)
    0x080105f8   0x080105f8   0x0000000a   Code   RO         1607    i._sputc            mc_w.l(printf5.o)
    0x08010602   0x08010602   0x000000f0   Data   RO          273    .constdata          devtcpsvr.o
    0x080106f2   0x080106f2   0x00000100   Data   RO          780    .constdata          os_core.o
    0x080107f2   0x080107f2   0x00000002   PAD
    0x080107f4   0x080107f4   0x0000005e   Data   RO          818    .constdata          os_dbg.o
    0x08010852   0x08010852   0x00000002   PAD
    0x08010854   0x08010854   0x00000004   Data   RO          953    .constdata          sys_arch.o
    0x08010858   0x08010858   0x0000003c   Data   RO         1063    .constdata          sockets.o
    0x08010894   0x08010894   0x00000008   Data   RO         1179    .constdata          ip_addr.o
    0x0801089c   0x0801089c   0x00000038   Data   RO         1262    .constdata          memp.o
    0x080108d4   0x080108d4   0x00000014   Data   RO         1359    .constdata          tcp.o
    0x080108e8   0x080108e8   0x0000000c   Data   RO         1431    .constdata          etharp.o
    0x080108f4   0x080108f4   0x00000051   Data   RO         1399    .conststring        tcp_out.o
    0x08010945   0x08010945   0x00000003   PAD
    0x08010948   0x08010948   0x00000044   Data   RO         1432    .conststring        etharp.o
    0x0801098c   0x0801098c   0x00000020   Data   RO         1766    Region$$Table       anon$$obj.o


    Execution Region RW_IRAM1 (Exec base: 0x20000000, Load base: 0x080109ac, Size: 0x0000f478, Max: 0x00010000, ABSOLUTE, COMPRESSED[0x00000028])

    Exec Addr    Load Addr    Size         Type   Attr      Idx    E Section Name        Object

    0x20000000   COMPRESSED   0x00000004   Data   RW          158    .data               lwip.o
    0x20000004   COMPRESSED   0x00000004   Data   RW          274    .data               devtcpsvr.o
    0x20000008   COMPRESSED   0x00000014   Data   RW          638    .data               stm32f10x_rcc.o
    0x2000001c   COMPRESSED   0x00000014   Data   RW          739    .data               system_stm32f10x.o
    0x20000030   COMPRESSED   0x00000010   Data   RW          757    .data               stm32_eth.o
    0x20000040   COMPRESSED   0x00000038   Data   RW          781    .data               os_core.o
    0x20000078   COMPRESSED   0x00000014   Data   RW          927    .data               ethernetif.o
    0x2000008c   COMPRESSED   0x00000008   Data   RW          954    .data               sys_arch.o
    0x20000094   COMPRESSED   0x0000000c   Data   RW         1064    .data               sockets.o
    0x200000a0   COMPRESSED   0x00000010   Data   RW         1078    .data               tcpip.o
    0x200000b0   COMPRESSED   0x0000000a   Data   RW         1162    .data               ip.o
    0x200000ba   COMPRESSED   0x00000002   PAD
    0x200000bc   COMPRESSED   0x00000006   Data   RW         1202    .data               ip_frag.o
    0x200000c2   COMPRESSED   0x00000002   PAD
    0x200000c4   COMPRESSED   0x00000010   Data   RW         1247    .data               mem.o
    0x200000d4   COMPRESSED   0x00000009   Data   RW         1288    .data               netif.o
    0x200000dd   COMPRESSED   0x00000003   PAD
    0x200000e0   COMPRESSED   0x00000004   Data   RW         1318    .data               raw.o
    0x200000e4   COMPRESSED   0x00000020   Data   RW         1360    .data               tcp.o
    0x20000104   COMPRESSED   0x00000020   Data   RW         1380    .data               tcp_in.o
    0x20000124   COMPRESSED   0x00000004   Data   RW         1412    .data               udp.o
    0x20000128   COMPRESSED   0x00000001   Data   RW         1433    .data               etharp.o
    0x20000129   COMPRESSED   0x00000003   PAD
    0x2000012c   COMPRESSED   0x00000004   Data   RW         1740    .data               mc_w.l(stdout.o)
    0x20000130        -       0x00000800   Zero   RW            2    .bss                main.o
    0x20000930        -       0x00000030   Zero   RW          157    .bss                lwip.o
    0x20000960        -       0x00000064   Zero   RW          272    .bss                devtcpsvr.o
    0x200009c4        -       0x000004b0   Zero   RW          368    .bss                tcpserver.o
    0x20000e74        -       0x00000c48   Zero   RW          779    .bss                os_core.o
    0x20001abc        -       0x00002400   Zero   RW          926    .bss                ethernetif.o
    0x20003ebc        -       0x00001168   Zero   RW          952    .bss                sys_arch.o
    0x20005024        -       0x00000050   Zero   RW         1062    .bss                sockets.o
    0x20005074        -       0x00000010   Zero   RW         1137    .bss                inet.o
    0x20005084        -       0x000005e0   Zero   RW         1201    .bss                ip_frag.o
    0x20005664        -       0x00005014   Zero   RW         1246    .bss                mem.o
    0x2000a678        -       0x00004923   Zero   RW         1261    .bss                memp.o
    0x2000ef9b   COMPRESSED   0x00000001   PAD
    0x2000ef9c        -       0x00000014   Zero   RW         1379    .bss                tcp_in.o
    0x2000efb0        -       0x000000c8   Zero   RW         1430    .bss                etharp.o
    0x2000f078        -       0x00000400   Zero   RW          771    STACK               startup_stm32f10x_cl.o


==============================================================================

Image component sizes


      Code (inc. data)   RO Data    RW Data    ZI Data      Debug   Object Name

      1908        680          0          0          0       9897   api_lib.o
      3936        690          0          0          0      11035   api_msg.o
         2          0          0          0          0        393   app.o
      1032         48          0          0          0      18299   bsp.o
         0          0          0          0          0         32   core_cm3.o
       580        180        240          4        100      14662   devtcpsvr.o
      3112        410         80          1        200       9323   etharp.o
       848        128          0         20       9216       4610   ethernetif.o
      1004        358          0          0          0       2554   icmp.o
       540         12          0          0         16       3140   inet.o
       342          0          0          0          0       2370   inet_chksum.o
        20          0          0          0          0        436   init.o
       944        142          0         10          0       3770   ip.o
        78          0          8          0          0       5157   ip_addr.o
      2124        374          0          6       1504       5912   ip_frag.o
       524        188          0          4         48      24957   lwip.o
       168         50          0          0       2048     265034   main.o
      1776        536          0         16      20500       3774   mem.o
       412        186         56          0      18723       2330   memp.o
       220         22          0          0          0       1709   misc.o
       928        334          0          0          0       3761   netbuf.o
       516         22          0          9          0       5232   netif.o
      2140        162        256         56       3144      16418   os_core.o
       164         32          0          0          0        296   os_cpu_a.o
       276         12          0          0          0      11713   os_cpu_c.o
       276        182         94          0          0       2809   os_dbg.o
       648         14          0          0          0       3468   os_mem.o
      1636         30          0          0          0       5897   os_q.o
      1032         16          0          0          0       4110   os_sem.o
      2080         66          0          0          0       7109   os_task.o
       496         24          0          0          0       1926   os_time.o
      3600       1152          0          0          0       6184   pbuf.o
       544        114          0          4          0       3365   raw.o
      5128        414         60         12         80      15279   sockets.o
        36          8        336          0       1024        796   startup_stm32f10x_cl.o
      4408        118          0         16          0      24073   stm32_eth.o
       860         38          0          0          0       5641   stm32f10x_gpio.o
       168          0          0          0          0      37862   stm32f10x_it.o
      1284         64          0         20          0      11194   stm32f10x_rcc.o
      1032         22          0          0          0       8364   stm32f10x_usart.o
       824        168          0          0          0       3336   sys.o
      1100        208          4          8       4456       5830   sys_arch.o
       644         48          0         20          0       1911   system_stm32f10x.o
      3992        744         20         32          0      17600   tcp.o
      5956        830          0         32         20      12980   tcp_in.o
      3312        476         81          0          0       6679   tcp_out.o
       812         70          0         16          0       8844   tcpip.o
       740        358          0          0       1200       8629   tcpserver.o
      1264        176          0          4          0       6253   udp.o

    ----------------------------------------------------------------------
     65472       9906       1274        300      62280     636953   Object Totals
         0          0         32          0          0          0   (incl. Generated)
         6          0          7         10          1          0   (incl. Padding)

    ----------------------------------------------------------------------

      Code (inc. data)   RO Data    RW Data    ZI Data      Debug   Library Member Name

        86          0          0          0          0          0   __dczerorl2.o
         0          0          0          0          0          0   entry.o
         0          0          0          0          0          0   entry10a.o
         0          0          0          0          0          0   entry11a.o
         8          4          0          0          0          0   entry2.o
         4          0          0          0          0          0   entry5.o
         0          0          0          0          0          0   entry7b.o
         0          0          0          0          0          0   entry8b.o
         8          4          0          0          0          0   entry9a.o
        30          0          0          0          0          0   handlers.o
        36          8          0          0          0         68   init.o
        30          0          0          0          0         68   llshl.o
        32          0          0          0          0         68   llushr.o
        36          0          0          0          0         68   memcpya.o
        36          0          0          0          0        108   memseta.o
       786         62          0          0          0        336   printf5.o
         0          0          0          4          0          0   stdout.o
        28          0          0          0          0         76   strcmp.o
        14          0          0          0          0         68   strlen.o
        30          0          0          0          0         80   strncmp.o
        98          0          0          0          0         92   uldiv.o

    ----------------------------------------------------------------------
      1266         78          0          4          0       1032   Library Totals
         4          0          0          0          0          0   (incl. Padding)

    ----------------------------------------------------------------------

      Code (inc. data)   RO Data    RW Data    ZI Data      Debug   Library Name

      1262         78          0          4          0       1032   mc_w.l

    ----------------------------------------------------------------------
      1266         78          0          4          0       1032   Library Totals

    ----------------------------------------------------------------------

==============================================================================


      Code (inc. data)   RO Data    RW Data    ZI Data      Debug   

     66738       9984       1274        304      62280     633797   Grand Totals
     66738       9984       1274         40      62280     633797   ELF Image Totals (compressed)
     66738       9984       1274         40          0          0   ROM Totals

==============================================================================

    Total RO  Size (Code + RO Data)                68012 (  66.42kB)
    Total RW  Size (RW Data + ZI Data)             62584 (  61.12kB)
    Total ROM Size (Code + RO Data + RW Data)      68052 (  66.46kB)

==============================================================================

