<html>
<body>
<pre>
<h1>礦ision Build Log</h1>
<h2>Tool Versions:</h2>
IDE-Version: μVision V5.28.0.0
Copyright (C) 2019 ARM Ltd and ARM Germany GmbH. All rights reserved.
License Information: aaron aaron.gao nio Flex license: MDK Essential 5.28 (Flex) (mdk_essential) Support: Jun 2019
 
Tool Versions:
Toolchain:       MDK Essential 5.28 (Flex)  Version: 5.28.0.0
Toolchain Path:  C:\Keil_v5\ARM\ARMCC\Bin
C Compiler:      Armcc.exe V5.06 update 6 (build 750)
Assembler:       Armasm.exe V5.06 update 6 (build 750)
Linker/Locator:  ArmLink.exe V5.06 update 6 (build 750)
Library Manager: ArmAr.exe V5.06 update 6 (build 750)
Hex Converter:   FromElf.exe V5.06 update 6 (build 750)
CPU DLL:         SARMCM3.DLL V5.28.0.0
Dialog DLL:      DCM.DLL V1.17.3.0
Target DLL:      Segger\JL2CM3.dll V2.99.36.0
Dialog DLL:      TCM.DLL V1.36.2.0
 
<h2>Project:</h2>
D:\01.work\11.github\stm32f107-lwip\RVMDK\meter.uvprojx
Project File Date:  06/11/2019

<h2>Output:</h2>
*** Using Compiler 'V5.06 update 6 (build 750)', folder: 'C:\Keil_v5\ARM\ARMCC\Bin'
Rebuild target 'stm32f107-lwip'
compiling main.c...
compiling BSP.c...
compiling stm32f10x_it.c...
compiling devTcpSvr.c...
..\src\dev\devTcpSvr.c(43): warning:  #181-D: argument is incompatible with corresponding format string conversion
              printf ( "msg:[%s]" , p->payload );																		
..\src\dev\devTcpSvr.c(122): warning:  #167-D: argument of type "err_t (*)(void *, err_t)" is incompatible with parameter of type "void (*)(void *, err_t)"
     tcp_err ( pcb,   tcpSvr_err );
..\src\dev\devTcpSvr.c(146): warning:  #177-D: variable "ipaddr"  was declared but never referenced
      struct ip_addr ipaddr; 
..\src\dev\devTcpSvr.c: 3 warnings, 0 errors
compiling app.c...
..\src\App\app.c(34): warning:  #177-D: variable "err"  was declared but never referenced
      INT8U  err;
..\src\App\app.c: 1 warning, 0 errors
compiling LwIP.c...
compiling core_cm3.c...
compiling tcpserver.c...
..\src\tcpserver.c(197): warning:  #177-D: variable "os_err"  was declared but never referenced
      uchar  os_err;
..\src\tcpserver.c(48): warning:  #177-D: variable "send_data"  was declared but never referenced
  static const char send_data[] = "This is TCP Server from uC/OS-II."; /* 发送用到的数据 */
..\src\tcpserver.c: 2 warnings, 0 errors
compiling misc.c...
compiling stm32f10x_adc.c...
compiling stm32f10x_bkp.c...
compiling stm32f10x_can.c...
compiling stm32f10x_crc.c...
compiling stm32f10x_cec.c...
compiling stm32f10x_dac.c...
compiling stm32f10x_dbgmcu.c...
compiling stm32f10x_dma.c...
compiling stm32f10x_exti.c...
compiling stm32f10x_flash.c...
compiling stm32f10x_fsmc.c...
compiling stm32f10x_gpio.c...
compiling stm32f10x_iwdg.c...
compiling stm32f10x_i2c.c...
compiling stm32f10x_pwr.c...
compiling stm32f10x_rtc.c...
compiling stm32f10x_rcc.c...
compiling stm32f10x_sdio.c...
compiling stm32f10x_spi.c...
compiling stm32f10x_tim.c...
compiling stm32f10x_usart.c...
compiling stm32f10x_wwdg.c...
assembling startup_stm32f10x_cl.s...
compiling system_stm32f10x.c...
compiling os_core.c...
compiling stm32_eth.c...
compiling os_cpu_c.c...
compiling os_dbg.c...
compiling os_flag.c...
compiling os_mbox.c...
compiling os_mutex.c...
compiling os_mem.c...
compiling os_q.c...
compiling os_sem.c...
compiling os_task.c...
compiling os_tmr.c...
compiling os_time.c...
assembling os_cpu_a.asm...
compiling sys_arch.c...
..\src\LwIP\port\sys_arch.c(48): warning:  #550-D: variable "ucErr"  was set but never used
      u8_t ucErr;
..\src\LwIP\port\sys_arch.c(180): warning:  #550-D: variable "ubErr"  was set but never used
      u8_t ubErr,i=0;
..\src\LwIP\port\sys_arch.c(198): warning:  #550-D: variable "ubErr"  was set but never used
      u8_t ubErr;
..\src\LwIP\port\sys_arch.c: 3 warnings, 0 errors
compiling api_lib.c...
compiling err.c...
compiling api_msg.c...
compiling ethernetif.c...
compiling netbuf.c...
compiling netdb.c...
compiling netifapi.c...
compiling tcpip.c...
compiling autoip.c...
compiling sockets.c...
compiling igmp.c...
compiling icmp.c...
compiling inet.c...
compiling inet_chksum.c...
compiling ip.c...
compiling ip_addr.c...
compiling ip_frag.c...
compiling dhcp.c...
compiling dns.c...
compiling init.c...
compiling mem.c...
compiling memp.c...
compiling netif.c...
compiling pbuf.c...
compiling raw.c...
compiling stats.c...
compiling sys.c...
compiling tcp.c...
compiling tcp_in.c...
compiling udp.c...
compiling tcp_out.c...
..\src\LwIP\src\core\tcp_out.c(458): warning:  #550-D: variable "tcphdr"  was set but never used
    struct tcp_hdr *tcphdr;
..\src\LwIP\src\core\tcp_out.c(871): warning:  #550-D: variable "tcphdr"  was set but never used
    struct tcp_hdr *tcphdr;
..\src\LwIP\src\core\tcp_out.c(925): warning:  #550-D: variable "tcphdr"  was set but never used
    struct tcp_hdr *tcphdr;
..\src\LwIP\src\core\tcp_out.c: 3 warnings, 0 errors
compiling etharp.c...
linking...
Program Size: Code=66822 RO-data=1086 RW-data=312 ZI-data=61768  
FromELF: creating hex file...
"..\List\meter.axf" - 0 Error(s), 12 Warning(s).

<h2>Software Packages used:</h2>

Package Vendor: ARM
                http://www.keil.com/pack/ARM.CMSIS.5.5.1.pack
                ARM.CMSIS.5.5.1
                CMSIS (Cortex Microcontroller Software Interface Standard)
   * Component: CORE Version: 5.2.0

Package Vendor: Keil
                http://www.keil.com/pack/Keil.STM32F1xx_DFP.2.0.0.pack
                Keil.STM32F1xx_DFP.2.0.0
                STMicroelectronics STM32F1 Series Device Support, Drivers and Examples

<h2>Collection of Component include folders:</h2>
  .\RTE\_stm32f107-lwip
  C:\Keil_v5\ARM\PACK\ARM\CMSIS\5.5.1\CMSIS\Core\Include
  C:\Keil_v5\ARM\PACK\Keil\STM32F1xx_DFP\2.0.0\Device\Include

<h2>Collection of Component Files used:</h2>

   * Component: ARM::CMSIS:CORE:5.2.0
Build Time Elapsed:  00:00:11
</pre>
</body>
</html>
