<html>
<body>
<pre>
<h1>µVision Build Log</h1>
<h2>Project:</h2>
E:\stm32f107+ucso+lwip\UCOS-Sem\RVMDK\meter.uvproj
Project File Date:  03/24/2013

<h2>Output:</h2>
Build target 'Target 1'
compiling stm32f10x_it.c...
linking...
Program Size: Code=66854 RO-data=1086 RW-data=316 ZI-data=61292  
FromELF: creating hex file...
"..\List\meter.axf" - 0 Error(s), 0 Warning(s).
Load "..\\List\\meter.AXF" 
Set JLink Project File to "E:\stm32f107+ucso+lwip\UCOS-Sem\RVMDK\JLinkSettings.ini"
* JLink Info: Device "STM32F107VC" selected (256 KB flash, 20 KB RAM).
 
JLink info:
------------
DLL: V4.54a, compiled Sep 17 2012 15:58:45
Firmware: J-Link ARM V8 compiled Aug  1 2012 13:40:47
Hardware: V8.00
S/N : 270676280 
Feature(s) : RDI,FlashDL,FlashBP,JFlash,GDBFULL 
 
* JLink Info: Found SWD-DP with ID 0x1BA01477
* JLink Info: Found SWD-DP with ID 0x1BA01477
* JLink Info: TPIU fitted.
* JLink Info: ETM fitted.
* JLink Info: FPUnit: 6 code (BP) slots and 2 literal slots
* JLink Info: Found Cortex-M3 r1p1, Little endian.
ROMTableAddr = 0xE00FF003
 
Target info:
------------
Device: STM32F107VC
VTarget = 3.274V
State of Pins: 
TCK: 0, TDI: 1, TDO: 1, TMS: 1, TRES: 1, TRST: 1
Hardware-Breakpoints: 6
Software-Breakpoints: 8192
Watchpoints:          4
JTAG speed: 4000 kHz
 
Erase Done.
Programming Done.
Verify OK.
Application running ...
Build target 'Target 1'
compiling devTcpSvr.c...
..\src\dev\devTcpSvr.c(43): warning:  #181-D: argument is incompatible with corresponding format string conversion
..\src\dev\devTcpSvr.c(145): warning:  #177-D: variable "ipaddr" was declared but never referenced
..\src\dev\devTcpSvr.c(183): warning:  #177-D: function "tcpSvr_err" was declared but never referenced
linking...
Program Size: Code=66854 RO-data=1086 RW-data=316 ZI-data=61292  
FromELF: creating hex file...
"..\List\meter.axf" - 0 Error(s), 3 Warning(s).
Load "..\\List\\meter.AXF" 
Set JLink Project File to "E:\stm32f107+ucso+lwip\UCOS-Sem\RVMDK\JLinkSettings.ini"
* JLink Info: Device "STM32F107VC" selected (256 KB flash, 20 KB RAM).
 
JLink info:
------------
DLL: V4.54a, compiled Sep 17 2012 15:58:45
Firmware: J-Link ARM V8 compiled Aug  1 2012 13:40:47
Hardware: V8.00
S/N : 270676280 
Feature(s) : RDI,FlashDL,FlashBP,JFlash,GDBFULL 
 
* JLink Info: Found SWD-DP with ID 0x1BA01477
* JLink Info: Found SWD-DP with ID 0x1BA01477
* JLink Info: TPIU fitted.
* JLink Info: ETM fitted.
* JLink Info: FPUnit: 6 code (BP) slots and 2 literal slots
* JLink Info: Found Cortex-M3 r1p1, Little endian.
ROMTableAddr = 0xE00FF003
 
Target info:
------------
Device: STM32F107VC
VTarget = 3.274V
State of Pins: 
TCK: 0, TDI: 1, TDO: 1, TMS: 1, TRES: 1, TRST: 1
Hardware-Breakpoints: 6
Software-Breakpoints: 8192
Watchpoints:          4
JTAG speed: 4000 kHz
 
Erase Done.
Programming Done.
Verify OK.
Application running ...
Build target 'Target 1'
compiling main.c...
compiling stm32f10x_it.c...
compiling BSP.c...
compiling app.c...
..\src\App\app.c(34): warning:  #177-D: variable "err" was declared but never referenced
compiling LwIP.c...
compiling devTcpSvr.c...
..\src\dev\devTcpSvr.c(43): warning:  #181-D: argument is incompatible with corresponding format string conversion
..\src\dev\devTcpSvr.c(97): warning:  #223-D: function "tcpSvr_err" declared implicitly
..\src\dev\devTcpSvr.c(146): warning:  #177-D: variable "ipaddr" was declared but never referenced
..\src\dev\devTcpSvr.c(184): error:  #159: declaration is incompatible with previous "tcpSvr_err" (declared at line 97)
..\src\dev\devTcpSvr.c(184): warning:  #177-D: function "tcpSvr_err" was declared but never referenced
compiling tcpserver.c...
..\src\tcpserver.c(197): warning:  #177-D: variable "os_err" was declared but never referenced
..\src\tcpserver.c(48): warning:  #177-D: variable "send_data" was declared but never referenced
compiling os_core.c...
compiling os_cpu_c.c...
compiling os_dbg.c...
compiling os_flag.c...
compiling os_mbox.c...
compiling os_mem.c...
compiling os_mutex.c...
compiling os_q.c...
compiling os_sem.c...
compiling os_task.c...
compiling os_time.c...
compiling os_tmr.c...
compiling ethernetif.c...
compiling sys_arch.c...
..\src\LwIP\port\sys_arch.c(48): warning:  #550-D: variable "ucErr" was set but never used
..\src\LwIP\port\sys_arch.c(180): warning:  #550-D: variable "ubErr" was set but never used
..\src\LwIP\port\sys_arch.c(198): warning:  #550-D: variable "ubErr" was set but never used
compiling api_lib.c...
compiling api_msg.c...
compiling sockets.c...
compiling tcpip.c...
compiling ip.c...
compiling init.c...
compiling mem.c...
compiling memp.c...
compiling netif.c...
compiling pbuf.c...
compiling sys.c...
compiling tcp.c...
compiling tcp_in.c...
compiling tcp_out.c...
..\src\LwIP\src\core\tcp_out.c(458): warning:  #550-D: variable "tcphdr" was set but never used
..\src\LwIP\src\core\tcp_out.c(871): warning:  #550-D: variable "tcphdr" was set but never used
..\src\LwIP\src\core\tcp_out.c(925): warning:  #550-D: variable "tcphdr" was set but never used
Target not created
Build target 'Target 1'
compiling devTcpSvr.c...
..\src\dev\devTcpSvr.c(43): warning:  #181-D: argument is incompatible with corresponding format string conversion
..\src\dev\devTcpSvr.c(97): warning:  #223-D: function "tcpSvr_err" declared implicitly
..\src\dev\devTcpSvr.c(146): warning:  #177-D: variable "ipaddr" was declared but never referenced
..\src\dev\devTcpSvr.c(184): error:  #159: declaration is incompatible with previous "tcpSvr_err" (declared at line 97)
..\src\dev\devTcpSvr.c(184): warning:  #177-D: function "tcpSvr_err" was declared but never referenced
Target not created
Build target 'Target 1'
compiling devTcpSvr.c...
..\src\dev\devTcpSvr.c(43): warning:  #181-D: argument is incompatible with corresponding format string conversion
..\src\dev\devTcpSvr.c(122): error:  #20: identifier "tcpSvr_err" is undefined
..\src\dev\devTcpSvr.c(146): warning:  #177-D: variable "ipaddr" was declared but never referenced
..\src\dev\devTcpSvr.c(184): warning:  #177-D: function "tcpSvr_err" was declared but never referenced
Target not created
Build target 'Target 1'
compiling devTcpSvr.c...
..\src\dev\devTcpSvr.c(43): warning:  #181-D: argument is incompatible with corresponding format string conversion
..\src\dev\devTcpSvr.c(122): warning:  #167-D: argument of type "err_t (*)(void *, err_t)" is incompatible with parameter of type "void (*)(void *, err_t)"
..\src\dev\devTcpSvr.c(146): warning:  #177-D: variable "ipaddr" was declared but never referenced
linking...
Program Size: Code=66870 RO-data=1086 RW-data=316 ZI-data=61772  
FromELF: creating hex file...
"..\List\meter.axf" - 0 Error(s), 3 Warning(s).
Build target 'Target 1'
compiling devTcpSvr.c...
..\src\dev\devTcpSvr.c(43): warning:  #181-D: argument is incompatible with corresponding format string conversion
..\src\dev\devTcpSvr.c(122): warning:  #167-D: argument of type "err_t (*)(void *, err_t)" is incompatible with parameter of type "void (*)(void *, err_t)"
..\src\dev\devTcpSvr.c(146): warning:  #177-D: variable "ipaddr" was declared but never referenced
linking...
Program Size: Code=66866 RO-data=1086 RW-data=316 ZI-data=61772  
FromELF: creating hex file...
"..\List\meter.axf" - 0 Error(s), 3 Warning(s).
Load "..\\List\\meter.AXF" 
Set JLink Project File to "E:\stm32f107+ucso+lwip\UCOS-Sem\RVMDK\JLinkSettings.ini"
* JLink Info: Device "STM32F107VC" selected (256 KB flash, 20 KB RAM).
 
JLink info:
------------
DLL: V4.54a, compiled Sep 17 2012 15:58:45
Firmware: J-Link ARM V8 compiled Aug  1 2012 13:40:47
Hardware: V8.00
S/N : 270676280 
Feature(s) : RDI,FlashDL,FlashBP,JFlash,GDBFULL 
 
* JLink Info: Found SWD-DP with ID 0x1BA01477
* JLink Info: Found SWD-DP with ID 0x1BA01477
* JLink Info: TPIU fitted.
* JLink Info: ETM fitted.
* JLink Info: FPUnit: 6 code (BP) slots and 2 literal slots
* JLink Info: Found Cortex-M3 r1p1, Little endian.
ROMTableAddr = 0xE00FF003
 
Target info:
------------
Device: STM32F107VC
VTarget = 3.274V
State of Pins: 
TCK: 0, TDI: 1, TDO: 1, TMS: 1, TRES: 1, TRST: 1
Hardware-Breakpoints: 6
Software-Breakpoints: 8192
Watchpoints:          4
JTAG speed: 4000 kHz
 
Erase Done.
Programming Done.
Verify OK.
Application running ...
