ARM Linker, 5.02 [Build 28] [MDK-ARM Standard]

==============================================================================

Section Cross References

    main.o(i.App_TaskStart) refers to bsp.o(i.BSP_Init) for BSP_Init
    main.o(i.App_TaskStart) refers to bsp.o(i.SysTick_Init) for SysTick_Init
    main.o(i.App_TaskStart) refers to printf3.o(i.__0printf$3) for __2printf
    main.o(i.App_TaskStart) refers to lwip.o(i.Init_LwIP) for Init_LwIP
    main.o(i.App_TaskStart) refers to app.o(i.App_TaskCreate) for App_TaskCreate
    main.o(i.App_TaskStart) refers to os_task.o(i.OSTaskDel) for OSTaskDel
    main.o(i.main) refers to os_core.o(i.OSInit) for OSInit
    main.o(i.main) refers to os_task.o(i.OSTaskCreateExt) for OSTaskCreateExt
    main.o(i.main) refers to os_core.o(i.OSStart) for OSStart
    main.o(i.main) refers to main.o(.bss) for App_TaskStartStk
    main.o(i.main) refers to main.o(i.App_TaskStart) for App_TaskStart
    lwip.o(i.Display_IPAddress) refers to printf3.o(i.__0sprintf$3) for __2sprintf
    lwip.o(i.Display_IPAddress) refers to lwip.o(i.list_if) for list_if
    lwip.o(i.Display_IPAddress) refers to lwip.o(.bss) for netif
    lwip.o(i.Display_IPAddress) refers to lwip.o(.data) for IPaddress
    lwip.o(i.Init_LwIP) refers to sys_arch.o(i.sys_init) for sys_init
    lwip.o(i.Init_LwIP) refers to mem.o(i.mem_init) for mem_init
    lwip.o(i.Init_LwIP) refers to memp.o(i.memp_init) for memp_init
    lwip.o(i.Init_LwIP) refers to printf3.o(i.__0printf$3) for __2printf
    lwip.o(i.Init_LwIP) refers to sys_arch.o(i.sys_sem_new) for sys_sem_new
    lwip.o(i.Init_LwIP) refers to tcpip.o(i.tcpip_init) for tcpip_init
    lwip.o(i.Init_LwIP) refers to sys.o(i.sys_sem_wait) for sys_sem_wait
    lwip.o(i.Init_LwIP) refers to sys_arch.o(i.sys_sem_free) for sys_sem_free
    lwip.o(i.Init_LwIP) refers to inet.o(i.htonl) for htonl
    lwip.o(i.Init_LwIP) refers to ethernetif.o(i.Set_MAC_Address) for Set_MAC_Address
    lwip.o(i.Init_LwIP) refers to netif.o(i.netif_add) for netif_add
    lwip.o(i.Init_LwIP) refers to netif.o(i.netif_set_default) for netif_set_default
    lwip.o(i.Init_LwIP) refers to netif.o(i.netif_set_up) for netif_set_up
    lwip.o(i.Init_LwIP) refers to lwip.o(i.TcpipInitDone) for TcpipInitDone
    lwip.o(i.Init_LwIP) refers to tcpip.o(i.tcpip_input) for tcpip_input
    lwip.o(i.Init_LwIP) refers to ethernetif.o(i.ethernetif_init) for ethernetif_init
    lwip.o(i.Init_LwIP) refers to lwip.o(.bss) for netif
    lwip.o(i.LwIP_Pkt_Handle) refers to ethernetif.o(i.ethernetif_input) for ethernetif_input
    lwip.o(i.LwIP_Pkt_Handle) refers to lwip.o(.bss) for netif
    lwip.o(i.TcpipInitDone) refers to sys_arch.o(i.sys_sem_signal) for sys_sem_signal
    lwip.o(i.list_if) refers to printf3.o(i.__0printf$3) for __2printf
    lwip.o(i.list_if) refers to inet.o(i.inet_ntoa) for inet_ntoa
    lwip.o(i.list_if) refers to lwip.o(.bss) for netif
    app.o(i.App_TaskCreate) refers to os_task.o(i.OSTaskCreate) for OSTaskCreate
    app.o(i.App_TaskCreate) refers to os_task.o(i.OSTaskNameSet) for OSTaskNameSet
    app.o(i.App_TaskCreate) refers to app.o(.bss) for App_TaskToggleLEDStk
    app.o(i.App_TaskCreate) refers to app.o(i.App_TaskToggleLED) for App_TaskToggleLED
    app.o(i.App_TaskCreate) refers to app.o(i.App_TaskToggleLED1) for App_TaskToggleLED1
    app.o(i.App_TaskToggleLED) refers to bsp.o(i.BSP_LedToggle) for BSP_LedToggle
    app.o(i.App_TaskToggleLED) refers to os_time.o(i.OSTimeDlyHMSM) for OSTimeDlyHMSM
    app.o(i.App_TaskToggleLED1) refers to bsp.o(i.BSP_Led1Toggle) for BSP_Led1Toggle
    app.o(i.App_TaskToggleLED1) refers to os_time.o(i.OSTimeDlyHMSM) for OSTimeDlyHMSM
    bsp.o(i.BSP_EthernetInit) refers to stm32f10x_rcc.o(i.RCC_AHBPeriphClockCmd) for RCC_AHBPeriphClockCmd
    bsp.o(i.BSP_EthernetInit) refers to stm32f10x_rcc.o(i.RCC_APB2PeriphClockCmd) for RCC_APB2PeriphClockCmd
    bsp.o(i.BSP_EthernetInit) refers to stm32f10x_gpio.o(i.GPIO_Init) for GPIO_Init
    bsp.o(i.BSP_EthernetInit) refers to stm32f10x_gpio.o(i.GPIO_PinRemapConfig) for GPIO_PinRemapConfig
    bsp.o(i.BSP_EthernetInit) refers to bsp.o(i.Ethernet_Configuration) for Ethernet_Configuration
    bsp.o(i.BSP_Init) refers to system_stm32f10x.o(i.SystemInit) for SystemInit
    bsp.o(i.BSP_Init) refers to bsp.o(i.BSP_LedInit) for BSP_LedInit
    bsp.o(i.BSP_Init) refers to bsp.o(i.BSP_UsartInit) for BSP_UsartInit
    bsp.o(i.BSP_Init) refers to bsp.o(i.BSP_EthernetInit) for BSP_EthernetInit
    bsp.o(i.BSP_Init) refers to bsp.o(i.BSP_NVICConfiguration) for BSP_NVICConfiguration
    bsp.o(i.BSP_LedInit) refers to stm32f10x_rcc.o(i.RCC_APB2PeriphClockCmd) for RCC_APB2PeriphClockCmd
    bsp.o(i.BSP_LedInit) refers to stm32f10x_gpio.o(i.GPIO_Init) for GPIO_Init
    bsp.o(i.BSP_LedInit) refers to stm32f10x_gpio.o(i.GPIO_SetBits) for GPIO_SetBits
    bsp.o(i.BSP_NVICConfiguration) refers to misc.o(i.NVIC_SetVectorTable) for NVIC_SetVectorTable
[...]
    i.tcp_timer_needed                       0x0800a228   Section        0  tcpip.o(i.tcp_timer_needed)
    i.tcp_timewait_input                     0x0800a260   Section        0  tcp_in.o(i.tcp_timewait_input)
    tcp_timewait_input                       0x0800a261   Thumb Code    72  tcp_in.o(i.tcp_timewait_input)
    i.tcp_tmr                                0x0800a2b0   Section        0  tcp.o(i.tcp_tmr)
    i.tcp_update_rcv_ann_wnd                 0x0800a2d4   Section        0  tcp.o(i.tcp_update_rcv_ann_wnd)
    i.tcp_zero_window_probe                  0x0800a30c   Section        0  tcp_out.o(i.tcp_zero_window_probe)
    i.tcpip_init                             0x0800a3f8   Section        0  tcpip.o(i.tcpip_init)
    i.tcpip_input                            0x0800a448   Section        0  tcpip.o(i.tcpip_input)
    i.tcpip_tcp_timer                        0x0800a494   Section        0  tcpip.o(i.tcpip_tcp_timer)
    tcpip_tcp_timer                          0x0800a495   Thumb Code    40  tcpip.o(i.tcpip_tcp_timer)
    i.tcpip_thread                           0x0800a4cc   Section        0  tcpip.o(i.tcpip_thread)
    tcpip_thread                             0x0800a4cd   Thumb Code   184  tcpip.o(i.tcpip_thread)
    i.udp_input                              0x0800a598   Section        0  udp.o(i.udp_input)
    i.update_arp_entry                       0x0800a7bc   Section        0  etharp.o(i.update_arp_entry)
    update_arp_entry                         0x0800a7bd   Thumb Code   258  etharp.o(i.update_arp_entry)
    .constdata                               0x0800a934   Section      256  os_core.o(.constdata)
    .constdata                               0x0800aa34   Section       94  os_dbg.o(.constdata)
    .constdata                               0x0800aa94   Section        4  sys_arch.o(.constdata)
    .constdata                               0x0800aa98   Section       48  memp.o(.constdata)
    memp_sizes                               0x0800aa98   Data          24  memp.o(.constdata)
    memp_num                                 0x0800aab0   Data          24  memp.o(.constdata)
    .constdata                               0x0800aac8   Section       20  tcp.o(.constdata)
    .constdata                               0x0800aadc   Section       81  tcp_out.o(.constdata)
    .constdata                               0x0800ab30   Section       80  etharp.o(.constdata)
    .data                                    0x20000000   Section       20  stm32f10x_rcc.o(.data)
    APBAHBPrescTable                         0x20000000   Data          16  stm32f10x_rcc.o(.data)
    ADCPrescTable                            0x20000010   Data           4  stm32f10x_rcc.o(.data)
    .data                                    0x20000014   Section       20  system_stm32f10x.o(.data)
    .data                                    0x20000028   Section       16  stm32_eth.o(.data)
    .data                                    0x20000038   Section       68  os_core.o(.data)
    .data                                    0x2000007c   Section       18  ethernetif.o(.data)
    .data                                    0x20000090   Section        8  sys_arch.o(.data)
    pQueueMem                                0x20000090   Data           4  sys_arch.o(.data)
    .data                                    0x20000098   Section       16  tcpip.o(.data)
    mbox                                     0x20000098   Data           4  tcpip.o(.data)
    tcpip_init_done                          0x2000009c   Data           4  tcpip.o(.data)
    tcpip_init_done_arg                      0x200000a0   Data           4  tcpip.o(.data)
    tcpip_tcp_timer_active                   0x200000a4   Data           4  tcpip.o(.data)
    .data                                    0x200000a8   Section       16  mem.o(.data)
    ram                                      0x200000a8   Data           4  mem.o(.data)
    ram_end                                  0x200000ac   Data           4  mem.o(.data)
    lfree                                    0x200000b0   Data           4  mem.o(.data)
    mem_sem                                  0x200000b4   Data           4  mem.o(.data)
    .data                                    0x200000b8   Section       12  netif.o(.data)
    netifnum                                 0x200000b8   Data           1  netif.o(.data)
    .data                                    0x200000c4   Section        4  raw.o(.data)
    raw_pcbs                                 0x200000c4   Data           4  raw.o(.data)
    .data                                    0x200000c8   Section       33  tcp.o(.data)
    port                                     0x200000c8   Data           2  tcp.o(.data)
    iss                                      0x200000cc   Data           4  tcp.o(.data)
    tcp_timer                                0x200000e8   Data           1  tcp.o(.data)
    .data                                    0x200000ec   Section       32  tcp_in.o(.data)
    tcphdr                                   0x200000ec   Data           4  tcp_in.o(.data)
    iphdr                                    0x200000f0   Data           4  tcp_in.o(.data)
    seqno                                    0x200000f4   Data           4  tcp_in.o(.data)
    ackno                                    0x200000f8   Data           4  tcp_in.o(.data)
    flags                                    0x200000fc   Data           1  tcp_in.o(.data)
    tcplen                                   0x200000fe   Data           2  tcp_in.o(.data)
    recv_flags                               0x20000100   Data           1  tcp_in.o(.data)
    recv_data                                0x20000104   Data           4  tcp_in.o(.data)
    .data                                    0x2000010c   Section        4  udp.o(.data)
    .data                                    0x20000110   Section       12  ip.o(.data)
    ip_id                                    0x20000110   Data           2  ip.o(.data)
    current_netif                            0x20000114   Data           4  ip.o(.data)
    current_header                           0x20000118   Data           4  ip.o(.data)
    .data                                    0x2000011c   Section        6  ip_frag.o(.data)
    reassdatagrams                           0x2000011c   Data           4  ip_frag.o(.data)
    ip_reass_pbufcount                       0x20000120   Data           2  ip_frag.o(.data)
    .data                                    0x20000122   Section        1  etharp.o(.data)
    etharp_cached_entry                      0x20000122   Data           1  etharp.o(.data)
    .data                                    0x20000124   Section        4  stdout.o(.data)
    .bss                                     0x20000128   Section      512  main.o(.bss)
    App_TaskStartStk                         0x20000128   Data         512  main.o(.bss)
    .bss                                     0x20000328   Section       48  lwip.o(.bss)
    netif                                    0x20000328   Data          48  lwip.o(.bss)
    .bss                                     0x20000358   Section     1024  app.o(.bss)
    App_TaskToggleLEDStk                     0x20000358   Data         512  app.o(.bss)
    App_TaskToggleLED1Stk                    0x20000558   Data         512  app.o(.bss)
    .bss                                     0x20000758   Section     3596  os_core.o(.bss)
    .bss                                     0x20001564   Section     9216  ethernetif.o(.bss)
    .bss                                     0x20003964   Section     4456  sys_arch.o(.bss)
    pcQueueMemoryPool                        0x20004774   Data         843  sys_arch.o(.bss)
    .bss                                     0x20004acc   Section    20500  mem.o(.bss)
    ram_heap                                 0x20004acc   Data       20500  mem.o(.bss)
    .bss                                     0x20009ae0   Section    18507  memp.o(.bss)
    memp_tab                                 0x20009ae0   Data          48  memp.o(.bss)
    memp_memory                              0x20009b10   Data       18459  memp.o(.bss)
    .bss                                     0x2000e32c   Section       20  tcp_in.o(.bss)
    inseg                                    0x2000e32c   Data          20  tcp_in.o(.bss)
    .bss                                     0x2000e340   Section     1504  ip_frag.o(.bss)
    buf                                      0x2000e340   Data        1504  ip_frag.o(.bss)
    .bss                                     0x2000e920   Section      200  etharp.o(.bss)
    arp_table                                0x2000e920   Data         200  etharp.o(.bss)
    STACK                                    0x2000e9e8   Section     1024  startup_stm32f10x_cl.o(STACK)

    Global Symbols

    Symbol Name                              Value     Ov Type        Size  Object(Section)

    BuildAttributes$$THM_ISAv4$P$D$K$B$S$PE$A:L22UL41UL21$X:L11$S22US41US21$IEEE1$IW$USESV6$~STKCKD$USESV7$~SHL$OSPACE$ROPI$EBA8$MICROLIB$REQ8$PRES8$EABIv2 0x00000000   Number         0  anon$$obj.o ABSOLUTE
    __ARM_use_no_argv                        0x00000000   Number         0  main.o ABSOLUTE
    _printf_a                                0x00000000   Number         0  stubs.o ABSOLUTE
    _printf_c                                0x00000000   Number         0  stubs.o ABSOLUTE
    _printf_charcount                        0x00000000   Number         0  stubs.o ABSOLUTE
    _printf_d                                0x00000000   Number         0  stubs.o ABSOLUTE
    _printf_e                                0x00000000   Number         0  stubs.o ABSOLUTE
    _printf_f                                0x00000000   Number         0  stubs.o ABSOLUTE
    _printf_flags                            0x00000000   Number         0  stubs.o ABSOLUTE
    _printf_fp_dec                           0x00000000   Number         0  stubs.o ABSOLUTE
    _printf_fp_hex                           0x00000000   Number         0  stubs.o ABSOLUTE
    _printf_g                                0x00000000   Number         0  stubs.o ABSOLUTE
    _printf_i                                0x00000000   Number         0  stubs.o ABSOLUTE
    _printf_int_dec                          0x00000000   Number         0  stubs.o ABSOLUTE
    _printf_l                                0x00000000   Number         0  stubs.o ABSOLUTE
    _printf_lc                               0x00000000   Number         0  stubs.o ABSOLUTE
    _printf_ll                               0x00000000   Number         0  stubs.o ABSOLUTE
    _printf_lld                              0x00000000   Number         0  stubs.o ABSOLUTE
    _printf_lli                              0x00000000   Number         0  stubs.o ABSOLUTE
    _printf_llo                              0x00000000   Number         0  stubs.o ABSOLUTE
    _printf_llu                              0x00000000   Number         0  stubs.o ABSOLUTE
    _printf_llx                              0x00000000   Number         0  stubs.o ABSOLUTE
    _printf_longlong_dec                     0x00000000   Number         0  stubs.o ABSOLUTE
    _printf_longlong_hex                     0x00000000   Number         0  stubs.o ABSOLUTE
    _printf_longlong_oct                     0x00000000   Number         0  stubs.o ABSOLUTE
    _printf_ls                               0x00000000   Number         0  stubs.o ABSOLUTE
    _printf_mbtowc                           0x00000000   Number         0  stubs.o ABSOLUTE
    _printf_n                                0x00000000   Number         0  stubs.o ABSOLUTE
    _printf_o                                0x00000000   Number         0  stubs.o ABSOLUTE
    _printf_p                                0x00000000   Number         0  stubs.o ABSOLUTE
    _printf_percent                          0x00000000   Number         0  stubs.o ABSOLUTE
    _printf_pre_padding                      0x00000000   Number         0  stubs.o ABSOLUTE
    _printf_return_value                     0x00000000   Number         0  stubs.o ABSOLUTE
    _printf_s                                0x00000000   Number         0  stubs.o ABSOLUTE
    _printf_sizespec                         0x00000000   Number         0  stubs.o ABSOLUTE
    _printf_str                              0x00000000   Number         0  stubs.o ABSOLUTE
    _printf_truncate_signed                  0x00000000   Number         0  stubs.o ABSOLUTE
    _printf_truncate_unsigned                0x00000000   Number         0  stubs.o ABSOLUTE
    _printf_u                                0x00000000   Number         0  stubs.o ABSOLUTE
    _printf_wc                               0x00000000   Number         0  stubs.o ABSOLUTE
    _printf_wctomb                           0x00000000   Number         0  stubs.o ABSOLUTE
    _printf_widthprec                        0x00000000   Number         0  stubs.o ABSOLUTE
    _printf_x                                0x00000000   Number         0  stubs.o ABSOLUTE
    __decompress                              - Undefined Weak Reference
    _clock_init                               - Undefined Weak Reference
    __Vectors_Size                           0x00000150   Number         0  startup_stm32f10x_cl.o ABSOLUTE
    __Vectors                                0x08000000   Data           4  startup_stm32f10x_cl.o(RESET)
    __Vectors_End                            0x08000150   Data           0  startup_stm32f10x_cl.o(RESET)
    __main                                   0x08000151   Thumb Code     0  entry.o(.ARM.Collect$$$$00000000)
    _main_stk                                0x08000151   Thumb Code     0  entry2.o(.ARM.Collect$$$$00000001)
    _main_scatterload                        0x08000155   Thumb Code     0  entry5.o(.ARM.Collect$$$$00000004)
    __main_after_scatterload                 0x08000159   Thumb Code     0  entry5.o(.ARM.Collect$$$$00000004)
    _main_clock                              0x08000159   Thumb Code     0  entry7b.o(.ARM.Collect$$$$00000008)
    _main_init                               0x08000159   Thumb Code     0  entry8.o(.ARM.Collect$$$$00000009)
    Reset_Handler                            0x08000165   Thumb Code     8  startup_stm32f10x_cl.o(.text)
    CAN1_RX0_IRQHandler                      0x0800017f   Thumb Code     0  startup_stm32f10x_cl.o(.text)
    CAN1_TX_IRQHandler                       0x0800017f   Thumb Code     0  startup_stm32f10x_cl.o(.text)
    CAN2_RX0_IRQHandler                      0x0800017f   Thumb Code     0  startup_stm32f10x_cl.o(.text)
    CAN2_RX1_IRQHandler                      0x0800017f   Thumb Code     0  startup_stm32f10x_cl.o(.text)
    CAN2_SCE_IRQHandler                      0x0800017f   Thumb Code     0  startup_stm32f10x_cl.o(.text)
    CAN2_TX_IRQHandler                       0x0800017f   Thumb Code     0  startup_stm32f10x_cl.o(.text)
    DMA2_Channel1_IRQHandler                 0x0800017f   Thumb Code     0  startup_stm32f10x_cl.o(.text)
    DMA2_Channel2_IRQHandler                 0x0800017f   Thumb Code     0  startup_stm32f10x_cl.o(.text)
    DMA2_Channel3_IRQHandler                 0x0800017f   Thumb Code     0  startup_stm32f10x_cl.o(.text)
    DMA2_Channel4_IRQHandler                 0x0800017f   Thumb Code     0  startup_stm32f10x_cl.o(.text)
    DMA2_Channel5_IRQHandler                 0x0800017f   Thumb Code     0  startup_stm32f10x_cl.o(.text)
    ETH_WKUP_IRQHandler                      0x0800017f   Thumb Code     0  startup_stm32f10x_cl.o(.text)
    OTG_FS_IRQHandler                        0x0800017f   Thumb Code     0  startup_stm32f10x_cl.o(.text)
    OTG_FS_WKUP_IRQHandler                   0x0800017f   Thumb Code     0  startup_stm32f10x_cl.o(.text)
    SPI3_IRQHandler                          0x0800017f   Thumb Code     0  startup_stm32f10x_cl.o(.text)
    TIM5_IRQHandler                          0x0800017f   Thumb Code     0  startup_stm32f10x_cl.o(.text)
    TIM6_IRQHandler                          0x0800017f   Thumb Code     0  startup_stm32f10x_cl.o(.text)
    TIM7_IRQHandler                          0x0800017f   Thumb Code     0  startup_stm32f10x_cl.o(.text)
    UART4_IRQHandler                         0x0800017f   Thumb Code     0  startup_stm32f10x_cl.o(.text)
    UART5_IRQHandler                         0x0800017f   Thumb Code     0  startup_stm32f10x_cl.o(.text)
    OS_CPU_SR_Save                           0x08000189   Thumb Code     0  os_cpu_a.o(.text)
    OS_CPU_SR_Restore                        0x08000191   Thumb Code     0  os_cpu_a.o(.text)
    OSStartHighRdy                           0x08000197   Thumb Code     0  os_cpu_a.o(.text)
    OSCtxSw                                  0x080001b7   Thumb Code     0  os_cpu_a.o(.text)
    OSIntCtxSw                               0x080001c1   Thumb Code     0  os_cpu_a.o(.text)
    PendSV_Handler                           0x080001cb   Thumb Code     0  os_cpu_a.o(.text)
    __aeabi_memcpy                           0x0800022d   Thumb Code    36  memcpya.o(.text)
    __aeabi_memcpy4                          0x0800022d   Thumb Code     0  memcpya.o(.text)
    __aeabi_memcpy8                          0x0800022d   Thumb Code     0  memcpya.o(.text)
    __aeabi_memset                           0x08000251   Thumb Code    14  memseta.o(.text)
    __aeabi_memset4                          0x08000251   Thumb Code     0  memseta.o(.text)
    __aeabi_memset8                          0x08000251   Thumb Code     0  memseta.o(.text)
    __aeabi_memclr                           0x0800025f   Thumb Code     4  memseta.o(.text)
    __aeabi_memclr4                          0x0800025f   Thumb Code     0  memseta.o(.text)
    __aeabi_memclr8                          0x0800025f   Thumb Code     0  memseta.o(.text)
    _memset$wrapper                          0x08000263   Thumb Code    18  memseta.o(.text)
    __aeabi_uidiv                            0x08000275   Thumb Code     0  uidiv.o(.text)
    __aeabi_uidivmod                         0x08000275   Thumb Code    44  uidiv.o(.text)
    __scatterload                            0x080002a1   Thumb Code    28  init.o(.text)
    __scatterload_rt2                        0x080002a1   Thumb Code     0  init.o(.text)
    ADC1_2_IRQHandler                        0x080002c5   Thumb Code     2  stm32f10x_it.o(i.ADC1_2_IRQHandler)
    App_TaskCreate                           0x080002c9   Thumb Code    38  app.o(i.App_TaskCreate)
    BSP_Init                                 0x080004a5   Thumb Code    24  bsp.o(i.BSP_Init)
    BSP_Led1Toggle                           0x080004bd   Thumb Code    12  bsp.o(i.BSP_Led1Toggle)
    BSP_LedToggle                            0x08000501   Thumb Code    12  bsp.o(i.BSP_LedToggle)
    BSP_NVICConfiguration                    0x08000511   Thumb Code    52  bsp.o(i.BSP_NVICConfiguration)
    BusFault_Handler                         0x080005e1   Thumb Code     4  stm32f10x_it.o(i.BusFault_Handler)
    CAN1_RX1_IRQHandler                      0x080005e5   Thumb Code     2  stm32f10x_it.o(i.CAN1_RX1_IRQHandler)
    CAN1_SCE_IRQHandler                      0x080005e7   Thumb Code     2  stm32f10x_it.o(i.CAN1_SCE_IRQHandler)
    DMA1_Channel1_IRQHandler                 0x080005e9   Thumb Code     2  stm32f10x_it.o(i.DMA1_Channel1_IRQHandler)
    DMA1_Channel2_IRQHandler                 0x080005eb   Thumb Code     2  stm32f10x_it.o(i.DMA1_Channel2_IRQHandler)
    DMA1_Channel3_IRQHandler                 0x080005ed   Thumb Code     2  stm32f10x_it.o(i.DMA1_Channel3_IRQHandler)
    DMA1_Channel4_IRQHandler                 0x080005ef   Thumb Code     2  stm32f10x_it.o(i.DMA1_Channel4_IRQHandler)
    DMA1_Channel5_IRQHandler                 0x080005f1   Thumb Code     2  stm32f10x_it.o(i.DMA1_Channel5_IRQHandler)
    DMA1_Channel6_IRQHandler                 0x080005f3   Thumb Code     2  stm32f10x_it.o(i.DMA1_Channel6_IRQHandler)
    DMA1_Channel7_IRQHandler                 0x080005f5   Thumb Code     2  stm32f10x_it.o(i.DMA1_Channel7_IRQHandler)
    DebugMon_Handler                         0x080005f7   Thumb Code     2  stm32f10x_it.o(i.DebugMon_Handler)
    ETH_DMAClearITPendingBit                 0x080005f9   Thumb Code     6  stm32_eth.o(i.ETH_DMAClearITPendingBit)
    ETH_DMAITConfig                          0x08000605   Thumb Code    26  stm32_eth.o(i.ETH_DMAITConfig)
    ETH_DMAReceptionCmd                      0x08000625   Thumb Code    30  stm32_eth.o(i.ETH_DMAReceptionCmd)
    ETH_DMARxDescChainInit                   0x08000649   Thumb Code    76  stm32_eth.o(i.ETH_DMARxDescChainInit)
    ETH_DMARxDescReceiveITConfig             0x0800069d   Thumb Code    22  stm32_eth.o(i.ETH_DMARxDescReceiveITConfig)
    ETH_DMATransmissionCmd                   0x080006b5   Thumb Code    30  stm32_eth.o(i.ETH_DMATransmissionCmd)
    ETH_DMATxDescChainInit                   0x080006d9   Thumb Code    70  stm32_eth.o(i.ETH_DMATxDescChainInit)
    ETH_DMATxDescChecksumInsertionConfig     0x08000729   Thumb Code     8  stm32_eth.o(i.ETH_DMATxDescChecksumInsertionConfig)
    ETH_DeInit                               0x08000731   Thumb Code    22  stm32_eth.o(i.ETH_DeInit)
    ETH_FlushTransmitFIFO                    0x08000755   Thumb Code    14  stm32_eth.o(i.ETH_FlushTransmitFIFO)
    ETH_GetCurrentTxBuffer                   0x08000769   Thumb Code     8  ethernetif.o(i.ETH_GetCurrentTxBuffer)
    ETH_GetDMARxDescFrameLength              0x08000775   Thumb Code    10  stm32_eth.o(i.ETH_GetDMARxDescFrameLength)
    ETH_GetRxPktSize                         0x08000781   Thumb Code    66  stm32_eth.o(i.ETH_GetRxPktSize)
    ETH_GetSoftwareResetStatus               0x080007c9   Thumb Code    20  stm32_eth.o(i.ETH_GetSoftwareResetStatus)
    ETH_IRQHandler                           0x080007e1   Thumb Code    32  stm32f10x_it.o(i.ETH_IRQHandler)
    ETH_Init                                 0x08000801   Thumb Code   554  stm32_eth.o(i.ETH_Init)
    ETH_MACAddressConfig                     0x08000a51   Thumb Code    46  stm32_eth.o(i.ETH_MACAddressConfig)
    ETH_MACReceptionCmd                      0x08000a85   Thumb Code    30  stm32_eth.o(i.ETH_MACReceptionCmd)
    ETH_MACTransmissionCmd                   0x08000aa9   Thumb Code    30  stm32_eth.o(i.ETH_MACTransmissionCmd)
    ETH_ReadPHYRegister                      0x08000acd   Thumb Code    88  stm32_eth.o(i.ETH_ReadPHYRegister)
    ETH_RxPkt_ChainMode                      0x08000b2d   Thumb Code   148  ethernetif.o(i.ETH_RxPkt_ChainMode)
    ETH_SoftwareReset                        0x08000bc9   Thumb Code    14  stm32_eth.o(i.ETH_SoftwareReset)
    ETH_Start                                0x08000bdd   Thumb Code    32  stm32_eth.o(i.ETH_Start)
    ETH_StructInit                           0x08000bfd   Thumb Code   164  stm32_eth.o(i.ETH_StructInit)
    ETH_TxPkt_ChainMode                      0x08000ca1   Thumb Code    94  ethernetif.o(i.ETH_TxPkt_ChainMode)
    ETH_WritePHYRegister                     0x08000d09   Thumb Code    88  stm32_eth.o(i.ETH_WritePHYRegister)
    EXTI0_IRQHandler                         0x08000d69   Thumb Code     2  stm32f10x_it.o(i.EXTI0_IRQHandler)
    EXTI15_10_IRQHandler                     0x08000d6b   Thumb Code     2  stm32f10x_it.o(i.EXTI15_10_IRQHandler)
    EXTI1_IRQHandler                         0x08000d6d   Thumb Code     2  stm32f10x_it.o(i.EXTI1_IRQHandler)
    EXTI2_IRQHandler                         0x08000d6f   Thumb Code     2  stm32f10x_it.o(i.EXTI2_IRQHandler)
    EXTI3_IRQHandler                         0x08000d71   Thumb Code     2  stm32f10x_it.o(i.EXTI3_IRQHandler)
    EXTI4_IRQHandler                         0x08000d73   Thumb Code     2  stm32f10x_it.o(i.EXTI4_IRQHandler)
    EXTI9_5_IRQHandler                       0x08000d75   Thumb Code     2  stm32f10x_it.o(i.EXTI9_5_IRQHandler)
    FLASH_IRQHandler                         0x08000e19   Thumb Code     2  stm32f10x_it.o(i.FLASH_IRQHandler)
    GPIO_ETH_MediaInterfaceConfig            0x08000e1d   Thumb Code     6  stm32f10x_gpio.o(i.GPIO_ETH_MediaInterfaceConfig)
    GPIO_Init                                0x08000e29   Thumb Code   274  stm32f10x_gpio.o(i.GPIO_Init)
    GPIO_PinRemapConfig                      0x08000f3d   Thumb Code   138  stm32f10x_gpio.o(i.GPIO_PinRemapConfig)
    GPIO_SetBits                             0x08000fcd   Thumb Code     4  stm32f10x_gpio.o(i.GPIO_SetBits)
    HardFault_Handler                        0x08000fd1   Thumb Code     4  stm32f10x_it.o(i.HardFault_Handler)
    I2C1_ER_IRQHandler                       0x08000fd5   Thumb Code     2  stm32f10x_it.o(i.I2C1_ER_IRQHandler)
    I2C1_EV_IRQHandler                       0x08000fd7   Thumb Code     2  stm32f10x_it.o(i.I2C1_EV_IRQHandler)
    I2C2_ER_IRQHandler                       0x08000fd9   Thumb Code     2  stm32f10x_it.o(i.I2C2_ER_IRQHandler)
    I2C2_EV_IRQHandler                       0x08000fdb   Thumb Code     2  stm32f10x_it.o(i.I2C2_EV_IRQHandler)
    Init_LwIP                                0x08000fdd   Thumb Code   138  lwip.o(i.Init_LwIP)
    LwIP_Pkt_Handle                          0x080010b9   Thumb Code    10  lwip.o(i.LwIP_Pkt_Handle)
    MemManage_Handler                        0x080010c9   Thumb Code     4  stm32f10x_it.o(i.MemManage_Handler)
    NMI_Handler                              0x080010cd   Thumb Code     2  stm32f10x_it.o(i.NMI_Handler)
    NVIC_Init                                0x080010d1   Thumb Code   102  misc.o(i.NVIC_Init)
    NVIC_PriorityGroupConfig                 0x08001145   Thumb Code    10  misc.o(i.NVIC_PriorityGroupConfig)
    NVIC_SetVectorTable                      0x08001159   Thumb Code    12  misc.o(i.NVIC_SetVectorTable)
    OSDebugInit                              0x0800116d   Thumb Code    94  os_dbg.o(i.OSDebugInit)
    OSInit                                   0x08001281   Thumb Code    48  os_core.o(i.OSInit)
    OSInitHookBegin                          0x080012b1   Thumb Code     2  os_cpu_c.o(i.OSInitHookBegin)
    OSInitHookEnd                            0x080012b3   Thumb Code     2  os_cpu_c.o(i.OSInitHookEnd)
    OSIntExit                                0x080012b5   Thumb Code   112  os_core.o(i.OSIntExit)
    OSMemCreate                              0x08001345   Thumb Code   166  os_mem.o(i.OSMemCreate)
    OSMemGet                                 0x080013f1   Thumb Code    78  os_mem.o(i.OSMemGet)
    OSMemPut                                 0x0800143f   Thumb Code    66  os_mem.o(i.OSMemPut)
    OSQCreate                                0x08001481   Thumb Code   150  os_q.o(i.OSQCreate)
    OSQPend                                  0x08001525   Thumb Code   294  os_q.o(i.OSQPend)
    OSQPost                                  0x08001659   Thumb Code   120  os_q.o(i.OSQPost)
    OSSemCreate                              0x080016d1   Thumb Code    78  os_sem.o(i.OSSemCreate)
    OSSemDel                                 0x08001729   Thumb Code   236  os_sem.o(i.OSSemDel)
    OSSemPend                                0x0800181d   Thumb Code   240  os_sem.o(i.OSSemPend)
    OSSemPost                                0x08001919   Thumb Code    94  os_sem.o(i.OSSemPost)
    OSStart                                  0x08001979   Thumb Code    48  os_core.o(i.OSStart)
    OSTCBInitHook                            0x080019c1   Thumb Code     2  os_cpu_c.o(i.OSTCBInitHook)
    OSTaskCreate                             0x080019c5   Thumb Code   158  os_task.o(i.OSTaskCreate)
    OSTaskCreateExt                          0x08001a71   Thumb Code   180  os_task.o(i.OSTaskCreateExt)
    OSTaskCreateHook                         0x08001b31   Thumb Code     2  os_cpu_c.o(i.OSTaskCreateHook)
    OSTaskDel                                0x08001b35   Thumb Code   304  os_task.o(i.OSTaskDel)
    OSTaskDelHook                            0x08001c8d   Thumb Code     2  os_cpu_c.o(i.OSTaskDelHook)
    OSTaskIdleHook                           0x08001c8f   Thumb Code     2  os_cpu_c.o(i.OSTaskIdleHook)
    OSTaskNameSet                            0x08001c91   Thumb Code   160  os_task.o(i.OSTaskNameSet)
    OSTaskQuery                              0x08001d3d   Thumb Code   100  os_task.o(i.OSTaskQuery)
    OSTaskStatHook                           0x08001da9   Thumb Code     2  os_cpu_c.o(i.OSTaskStatHook)
    OSTaskStkChk                             0x08001dad   Thumb Code   150  os_task.o(i.OSTaskStkChk)
    OSTaskStkInit                            0x08001e4d   Thumb Code   154  os_cpu_c.o(i.OSTaskStkInit)
    OSTaskSuspend                            0x08001ee9   Thumb Code   172  os_task.o(i.OSTaskSuspend)
    OSTaskSwHook                             0x08001fa5   Thumb Code     2  os_cpu_c.o(i.OSTaskSwHook)
    OSTimeDly                                0x08001fa9   Thumb Code    96  os_time.o(i.OSTimeDly)
    OSTimeDlyHMSM                            0x08002019   Thumb Code   160  os_time.o(i.OSTimeDlyHMSM)
    OSTimeGet                                0x080020bd   Thumb Code    24  os_time.o(i.OSTimeGet)
    OSTimeTick                               0x080020d9   Thumb Code   220  os_core.o(i.OSTimeTick)
    OSTimeTickHook                           0x080021cd   Thumb Code     2  os_cpu_c.o(i.OSTimeTickHook)
    OS_Dummy                                 0x080021cf   Thumb Code     2  os_core.o(i.OS_Dummy)
    OS_EventTaskRdy                          0x080021d1   Thumb Code   118  os_core.o(i.OS_EventTaskRdy)
    OS_EventTaskRemove                       0x08002259   Thumb Code    42  os_core.o(i.OS_EventTaskRemove)
    OS_EventTaskWait                         0x08002285   Thumb Code   112  os_core.o(i.OS_EventTaskWait)
    OS_EventWaitListInit                     0x08002301   Thumb Code    28  os_core.o(i.OS_EventWaitListInit)
    OS_MemClr                                0x08002511   Thumb Code    18  os_core.o(i.OS_MemClr)
    OS_MemCopy                               0x08002523   Thumb Code    20  os_core.o(i.OS_MemCopy)
    OS_MemInit                               0x08002539   Thumb Code    68  os_mem.o(i.OS_MemInit)
    OS_QInit                                 0x08002585   Thumb Code    46  os_q.o(i.OS_QInit)
    OS_Sched                                 0x080025bd   Thumb Code    86  os_core.o(i.OS_Sched)
    OS_StrCopy                               0x0800265d   Thumb Code    28  os_core.o(i.OS_StrCopy)
    OS_StrLen                                0x08002679   Thumb Code    20  os_core.o(i.OS_StrLen)
    OS_TCBInit                               0x0800268d   Thumb Code   274  os_core.o(i.OS_TCBInit)
    OS_TaskIdle                              0x080027b9   Thumb Code    32  os_core.o(i.OS_TaskIdle)
    OS_TaskStat                              0x080027dd   Thumb Code   114  os_core.o(i.OS_TaskStat)
    OS_TaskStatStkChk                        0x08002865   Thumb Code    54  os_core.o(i.OS_TaskStatStkChk)
    OS_TaskStkClr                            0x080028a1   Thumb Code    26  os_task.o(i.OS_TaskStkClr)
    PVD_IRQHandler                           0x080028bb   Thumb Code     2  stm32f10x_it.o(i.PVD_IRQHandler)
    RCC_AHBPeriphClockCmd                    0x080028bd   Thumb Code    26  stm32f10x_rcc.o(i.RCC_AHBPeriphClockCmd)
    RCC_AHBPeriphResetCmd                    0x080028dd   Thumb Code    26  stm32f10x_rcc.o(i.RCC_AHBPeriphResetCmd)
    RCC_APB2PeriphClockCmd                   0x080028fd   Thumb Code    26  stm32f10x_rcc.o(i.RCC_APB2PeriphClockCmd)
    RCC_GetClocksFreq                        0x0800291d   Thumb Code   374  stm32f10x_rcc.o(i.RCC_GetClocksFreq)
    RCC_GetFlagStatus                        0x08002aad   Thumb Code    56  stm32f10x_rcc.o(i.RCC_GetFlagStatus)
    RCC_IRQHandler                           0x08002ae9   Thumb Code     2  stm32f10x_it.o(i.RCC_IRQHandler)
    RCC_MCOConfig                            0x08002aed   Thumb Code     6  stm32f10x_rcc.o(i.RCC_MCOConfig)
    RCC_PLL3Cmd                              0x08002af9   Thumb Code     6  stm32f10x_rcc.o(i.RCC_PLL3Cmd)
    RCC_PLL3Config                           0x08002b05   Thumb Code    18  stm32f10x_rcc.o(i.RCC_PLL3Config)
    RTCAlarm_IRQHandler                      0x08002b1d   Thumb Code     2  stm32f10x_it.o(i.RTCAlarm_IRQHandler)
    RTC_IRQHandler                           0x08002b1f   Thumb Code     2  stm32f10x_it.o(i.RTC_IRQHandler)
    SPI1_IRQHandler                          0x08002b21   Thumb Code     2  stm32f10x_it.o(i.SPI1_IRQHandler)
    SPI2_IRQHandler                          0x08002b23   Thumb Code     2  stm32f10x_it.o(i.SPI2_IRQHandler)
    SVC_Handler                              0x08002b25   Thumb Code     2  stm32f10x_it.o(i.SVC_Handler)
    Set_MAC_Address                          0x08002c31   Thumb Code    40  ethernetif.o(i.Set_MAC_Address)
    SysTick_Handler                          0x08002c5d   Thumb Code    34  stm32f10x_it.o(i.SysTick_Handler)
    SysTick_Init                             0x08002c85   Thumb Code    84  bsp.o(i.SysTick_Init)
    SystemInit                               0x08002ce5   Thumb Code    92  system_stm32f10x.o(i.SystemInit)
    TAMPER_IRQHandler                        0x08002d51   Thumb Code     2  stm32f10x_it.o(i.TAMPER_IRQHandler)
    TIM1_BRK_IRQHandler                      0x08002d53   Thumb Code     2  stm32f10x_it.o(i.TIM1_BRK_IRQHandler)
    TIM1_CC_IRQHandler                       0x08002d55   Thumb Code     2  stm32f10x_it.o(i.TIM1_CC_IRQHandler)
    TIM1_TRG_COM_IRQHandler                  0x08002d57   Thumb Code     2  stm32f10x_it.o(i.TIM1_TRG_COM_IRQHandler)
    TIM1_UP_IRQHandler                       0x08002d59   Thumb Code     2  stm32f10x_it.o(i.TIM1_UP_IRQHandler)
    TIM2_IRQHandler                          0x08002d5b   Thumb Code     2  stm32f10x_it.o(i.TIM2_IRQHandler)
    TIM3_IRQHandler                          0x08002d5d   Thumb Code     2  stm32f10x_it.o(i.TIM3_IRQHandler)
    TIM4_IRQHandler                          0x08002d5f   Thumb Code     2  stm32f10x_it.o(i.TIM4_IRQHandler)
    USART1_IRQHandler                        0x08002d6f   Thumb Code     2  stm32f10x_it.o(i.USART1_IRQHandler)
    USART2_IRQHandler                        0x08002d71   Thumb Code     2  stm32f10x_it.o(i.USART2_IRQHandler)
    USART3_IRQHandler                        0x08002d73   Thumb Code     2  stm32f10x_it.o(i.USART3_IRQHandler)
    USART_ClockInit                          0x08002d75   Thumb Code    34  stm32f10x_usart.o(i.USART_ClockInit)
    USART_Cmd                                0x08002d97   Thumb Code    24  stm32f10x_usart.o(i.USART_Cmd)
    USART_Init                               0x08002db1   Thumb Code   210  stm32f10x_usart.o(i.USART_Init)
    USART_SendData                           0x08002e89   Thumb Code     8  stm32f10x_usart.o(i.USART_SendData)
    UsageFault_Handler                       0x08002e91   Thumb Code     4  stm32f10x_it.o(i.UsageFault_Handler)
    WWDG_IRQHandler                          0x08002e95   Thumb Code     2  stm32f10x_it.o(i.WWDG_IRQHandler)
    __0printf$3                              0x08002e99   Thumb Code    22  printf3.o(i.__0printf$3)
    __1printf$3                              0x08002e99   Thumb Code     0  printf3.o(i.__0printf$3)
    __2printf                                0x08002e99   Thumb Code     0  printf3.o(i.__0printf$3)
    __scatterload_copy                       0x08002eb9   Thumb Code    14  handlers.o(i.__scatterload_copy)
    __scatterload_null                       0x08002ec7   Thumb Code     2  handlers.o(i.__scatterload_null)
    __scatterload_zeroinit                   0x08002ec9   Thumb Code    14  handlers.o(i.__scatterload_zeroinit)
    etharp_arp_input                         0x080030ad   Thumb Code   334  etharp.o(i.etharp_arp_input)
    etharp_ip_input                          0x08003259   Thumb Code    72  etharp.o(i.etharp_ip_input)
    etharp_output                            0x080032f9   Thumb Code   198  etharp.o(i.etharp_output)
    etharp_query                             0x080033c5   Thumb Code   464  etharp.o(i.etharp_query)
    etharp_request                           0x0800378d   Thumb Code    36  etharp.o(i.etharp_request)
    etharp_tmr                               0x08003861   Thumb Code   154  etharp.o(i.etharp_tmr)
    ethernet_input                           0x08003901   Thumb Code   124  etharp.o(i.ethernet_input)
    ethernetif_init                          0x080039e9   Thumb Code    82  ethernetif.o(i.ethernetif_init)
    ethernetif_input                         0x08003a9d   Thumb Code    44  ethernetif.o(i.ethernetif_input)
    fputc                                    0x08003d5d   Thumb Code    30  bsp.o(i.fputc)
    htonl                                    0x08003e59   Thumb Code    26  inet.o(i.htonl)
    htons                                    0x08003e73   Thumb Code    12  inet.o(i.htons)
    icmp_dest_unreach                        0x08003e7f   Thumb Code    18  icmp.o(i.icmp_dest_unreach)
    icmp_input                               0x08003e91   Thumb Code   480  icmp.o(i.icmp_input)
    icmp_time_exceeded                       0x080042a5   Thumb Code    18  icmp.o(i.icmp_time_exceeded)
    inet_chksum                              0x080042b7   Thumb Code    20  inet_chksum.o(i.inet_chksum)
    inet_chksum_pbuf                         0x080042cb   Thumb Code    86  inet_chksum.o(i.inet_chksum_pbuf)
    ip_addr_isbroadcast                      0x08004321   Thumb Code    78  ip_addr.o(i.ip_addr_isbroadcast)
    ip_frag                                  0x08004371   Thumb Code   326  ip_frag.o(i.ip_frag)
    ip_input                                 0x080044bd   Thumb Code   398  ip.o(i.ip_input)
    ip_output                                0x08004659   Thumb Code    52  ip.o(i.ip_output)
    ip_output_if                             0x0800468d   Thumb Code   268  ip.o(i.ip_output_if)
    ip_reass                                 0x08004815   Thumb Code   400  ip_frag.o(i.ip_reass)
    ip_reass_tmr                             0x08004fa1   Thumb Code    48  ip_frag.o(i.ip_reass_tmr)
    ip_route                                 0x08004fd5   Thumb Code    70  ip.o(i.ip_route)
    lwip_init                                0x08005171   Thumb Code    16  init.o(i.lwip_init)
    main                                     0x080051cd   Thumb Code    46  main.o(i.main)
    mem_free                                 0x08005209   Thumb Code   166  mem.o(i.mem_free)
    mem_init                                 0x08005355   Thumb Code    86  mem.o(i.mem_init)
    mem_malloc                               0x080053c1   Thumb Code   390  mem.o(i.mem_malloc)
    mem_realloc                              0x0800563d   Thumb Code   326  mem.o(i.mem_realloc)
    memp_free                                0x08005819   Thumb Code    58  memp.o(i.memp_free)
    memp_init                                0x080058bd   Thumb Code    82  memp.o(i.memp_init)
    memp_malloc                              0x08005921   Thumb Code    86  memp.o(i.memp_malloc)
    netif_add                                0x08005a05   Thumb Code    96  netif.o(i.netif_add)
    netif_is_up                              0x08005a6d   Thumb Code    12  netif.o(i.netif_is_up)
    netif_set_addr                           0x08005a79   Thumb Code    40  netif.o(i.netif_set_addr)
    netif_set_default                        0x08005aa1   Thumb Code     6  netif.o(i.netif_set_default)
    netif_set_gw                             0x08005aad   Thumb Code    12  netif.o(i.netif_set_gw)
    netif_set_ipaddr                         0x08005ab9   Thumb Code   110  netif.o(i.netif_set_ipaddr)
    netif_set_netmask                        0x08005b31   Thumb Code    12  netif.o(i.netif_set_netmask)
    netif_set_up                             0x08005b3d   Thumb Code    44  netif.o(i.netif_set_up)
    ntohl                                    0x08005b69   Thumb Code    12  inet.o(i.ntohl)
    ntohs                                    0x08005b75   Thumb Code    12  inet.o(i.ntohs)
    pbuf_alloc                               0x08005b81   Thumb Code   654  pbuf.o(i.pbuf_alloc)
    pbuf_cat                                 0x08005f95   Thumb Code   126  pbuf.o(i.pbuf_cat)
    pbuf_chain                               0x080060d1   Thumb Code    22  pbuf.o(i.pbuf_chain)
    pbuf_clen                                0x080060e7   Thumb Code    18  pbuf.o(i.pbuf_clen)
    pbuf_copy                                0x080060f9   Thumb Code   308  pbuf.o(i.pbuf_copy)
    pbuf_copy_partial                        0x08006311   Thumb Code   182  pbuf.o(i.pbuf_copy_partial)
    pbuf_free                                0x08006451   Thumb Code   194  pbuf.o(i.pbuf_free)
    pbuf_header                              0x08006595   Thumb Code   192  pbuf.o(i.pbuf_header)
    pbuf_realloc                             0x080066d5   Thumb Code   248  pbuf.o(i.pbuf_realloc)
    pbuf_ref                                 0x0800688d   Thumb Code    10  pbuf.o(i.pbuf_ref)
    raw_input                                0x08006a41   Thumb Code   100  raw.o(i.raw_input)
    sys_arch_mbox_fetch                      0x08006aa9   Thumb Code   168  sys_arch.o(i.sys_arch_mbox_fetch)
    sys_arch_sem_wait                        0x08006ba5   Thumb Code   112  sys_arch.o(i.sys_arch_sem_wait)
    sys_arch_timeouts                        0x08006c15   Thumb Code    50  sys_arch.o(i.sys_arch_timeouts)
    sys_init                                 0x08006c51   Thumb Code    72  sys_arch.o(i.sys_init)
    sys_mbox_fetch                           0x08006cf9   Thumb Code   124  sys.o(i.sys_mbox_fetch)
    sys_mbox_new                             0x08006d75   Thumb Code   118  sys_arch.o(i.sys_mbox_new)
    sys_mbox_trypost                         0x08006e4d   Thumb Code    32  sys_arch.o(i.sys_mbox_trypost)
    sys_sem_free                             0x08006e71   Thumb Code    42  sys_arch.o(i.sys_sem_free)
    sys_sem_new                              0x08006eed   Thumb Code    38  sys_arch.o(i.sys_sem_new)
    sys_sem_signal                           0x08006f69   Thumb Code    14  sys_arch.o(i.sys_sem_signal)
    sys_sem_wait                             0x08006f77   Thumb Code   116  sys.o(i.sys_sem_wait)
    sys_thread_new                           0x08006fed   Thumb Code   124  sys_arch.o(i.sys_thread_new)
    sys_timeout                              0x0800706d   Thumb Code   192  sys.o(i.sys_timeout)
    sys_untimeout                            0x080071b1   Thumb Code   120  sys.o(i.sys_untimeout)
    tcp_abandon                              0x0800728d   Thumb Code   146  tcp.o(i.tcp_abandon)
    tcp_alloc                                0x08007329   Thumb Code   186  tcp.o(i.tcp_alloc)
    tcp_close                                0x080073f1   Thumb Code   242  tcp.o(i.tcp_close)
    tcp_eff_send_mss                         0x080074f5   Thumb Code    46  tcp.o(i.tcp_eff_send_mss)
    tcp_enqueue                              0x08007525   Thumb Code  1572  tcp_out.o(i.tcp_enqueue)
    tcp_fasttmr                              0x08007b69   Thumb Code   112  tcp.o(i.tcp_fasttmr)
    tcp_input                                0x08007bdd   Thumb Code  1574  tcp_in.o(i.tcp_input)
    tcp_keepalive                            0x08008225   Thumb Code   106  tcp_out.o(i.tcp_keepalive)
    tcp_next_iss                             0x080084cd   Thumb Code    20  tcp.o(i.tcp_next_iss)
    tcp_output                               0x080084e9   Thumb Code   622  tcp_out.o(i.tcp_output)
    tcp_pcb_purge                            0x080089c1   Thumb Code    54  tcp.o(i.tcp_pcb_purge)
    tcp_pcb_remove                           0x080089f9   Thumb Code   198  tcp.o(i.tcp_pcb_remove)
    tcp_rexmit                               0x08009acd   Thumb Code    86  tcp_out.o(i.tcp_rexmit)
    tcp_rexmit_rto                           0x08009b23   Thumb Code    58  tcp_out.o(i.tcp_rexmit_rto)
    tcp_rst                                  0x08009b5d   Thumb Code   188  tcp_out.o(i.tcp_rst)
    tcp_seg_free                             0x08009c91   Thumb Code    32  tcp.o(i.tcp_seg_free)
    tcp_segs_free                            0x08009cb1   Thumb Code    30  tcp.o(i.tcp_segs_free)
    tcp_send_ctrl                            0x08009ccf   Thumb Code    28  tcp_out.o(i.tcp_send_ctrl)
    tcp_slowtmr                              0x08009ced   Thumb Code   896  tcp.o(i.tcp_slowtmr)
    tcp_timer_needed                         0x0800a229   Thumb Code    38  tcpip.o(i.tcp_timer_needed)
    tcp_tmr                                  0x0800a2b1   Thumb Code    30  tcp.o(i.tcp_tmr)
    tcp_update_rcv_ann_wnd                   0x0800a2d5   Thumb Code    56  tcp.o(i.tcp_update_rcv_ann_wnd)
    tcp_zero_window_probe                    0x0800a30d   Thumb Code   116  tcp_out.o(i.tcp_zero_window_probe)
    tcpip_init                               0x0800a3f9   Thumb Code    46  tcpip.o(i.tcpip_init)
    tcpip_input                              0x0800a449   Thumb Code    72  tcpip.o(i.tcpip_input)
    udp_input                                0x0800a599   Thumb Code   436  udp.o(i.udp_input)
    OSUnMapTbl                               0x0800a934   Data         256  os_core.o(.constdata)
    OSDebugEn                                0x0800aa34   Data           2  os_dbg.o(.constdata)
    OSEndiannessTest                         0x0800aa38   Data           4  os_dbg.o(.constdata)
    OSEventMax                               0x0800aa3c   Data           2  os_dbg.o(.constdata)
    OSEventNameSize                          0x0800aa3e   Data           2  os_dbg.o(.constdata)
    OSEventEn                                0x0800aa40   Data           2  os_dbg.o(.constdata)
    OSEventSize                              0x0800aa42   Data           2  os_dbg.o(.constdata)
    OSEventTblSize                           0x0800aa44   Data           2  os_dbg.o(.constdata)
    OSFlagEn                                 0x0800aa46   Data           2  os_dbg.o(.constdata)
    OSFlagGrpSize                            0x0800aa48   Data           2  os_dbg.o(.constdata)
    OSFlagNodeSize                           0x0800aa4a   Data           2  os_dbg.o(.constdata)
    OSFlagWidth                              0x0800aa4c   Data           2  os_dbg.o(.constdata)
    OSFlagMax                                0x0800aa4e   Data           2  os_dbg.o(.constdata)
    OSFlagNameSize                           0x0800aa50   Data           2  os_dbg.o(.constdata)
    OSLowestPrio                             0x0800aa52   Data           2  os_dbg.o(.constdata)
    OSMboxEn                                 0x0800aa54   Data           2  os_dbg.o(.constdata)
    OSMemEn                                  0x0800aa56   Data           2  os_dbg.o(.constdata)
    OSMemMax                                 0x0800aa58   Data           2  os_dbg.o(.constdata)
    OSMemNameSize                            0x0800aa5a   Data           2  os_dbg.o(.constdata)
    OSMemSize                                0x0800aa5c   Data           2  os_dbg.o(.constdata)
    OSMemTblSize                             0x0800aa5e   Data           2  os_dbg.o(.constdata)
    OSMutexEn                                0x0800aa60   Data           2  os_dbg.o(.constdata)
    OSPtrSize                                0x0800aa62   Data           2  os_dbg.o(.constdata)
    OSQEn                                    0x0800aa64   Data           2  os_dbg.o(.constdata)
    OSQMax                                   0x0800aa66   Data           2  os_dbg.o(.constdata)
    OSQSize                                  0x0800aa68   Data           2  os_dbg.o(.constdata)
    OSRdyTblSize                             0x0800aa6a   Data           2  os_dbg.o(.constdata)
    OSSemEn                                  0x0800aa6c   Data           2  os_dbg.o(.constdata)
    OSStkWidth                               0x0800aa6e   Data           2  os_dbg.o(.constdata)
    OSTaskCreateEn                           0x0800aa70   Data           2  os_dbg.o(.constdata)
    OSTaskCreateExtEn                        0x0800aa72   Data           2  os_dbg.o(.constdata)
    OSTaskDelEn                              0x0800aa74   Data           2  os_dbg.o(.constdata)
    OSTaskIdleStkSize                        0x0800aa76   Data           2  os_dbg.o(.constdata)
    OSTaskProfileEn                          0x0800aa78   Data           2  os_dbg.o(.constdata)
    OSTaskMax                                0x0800aa7a   Data           2  os_dbg.o(.constdata)
    OSTaskNameSize                           0x0800aa7c   Data           2  os_dbg.o(.constdata)
    OSTaskStatEn                             0x0800aa7e   Data           2  os_dbg.o(.constdata)
    OSTaskStatStkSize                        0x0800aa80   Data           2  os_dbg.o(.constdata)
    OSTaskStatStkChkEn                       0x0800aa82   Data           2  os_dbg.o(.constdata)
    OSTaskSwHookEn                           0x0800aa84   Data           2  os_dbg.o(.constdata)
    OSTCBPrioTblMax                          0x0800aa86   Data           2  os_dbg.o(.constdata)
    OSTCBSize                                0x0800aa88   Data           2  os_dbg.o(.constdata)
    OSTicksPerSec                            0x0800aa8a   Data           2  os_dbg.o(.constdata)
    OSTimeTickHookEn                         0x0800aa8c   Data           2  os_dbg.o(.constdata)
    OSVersionNbr                             0x0800aa8e   Data           2  os_dbg.o(.constdata)
    OSDataSize                               0x0800aa90   Data           2  os_dbg.o(.constdata)
    pvNullPointer                            0x0800aa94   Data           4  sys_arch.o(.constdata)
    tcp_backoff                              0x0800aac8   Data          13  tcp.o(.constdata)
    tcp_persist_backoff                      0x0800aad5   Data           7  tcp.o(.constdata)
    ethbroadcast                             0x0800ab30   Data           6  etharp.o(.constdata)
    ethzero                                  0x0800ab36   Data           6  etharp.o(.constdata)
    Region$$Table$$Base                      0x0800ab80   Number         0  anon$$obj.o(Region$$Table)
    Region$$Table$$Limit                     0x0800aba0   Number         0  anon$$obj.o(Region$$Table)
    SystemCoreClock                          0x20000014   Data           4  system_stm32f10x.o(.data)
    AHBPrescTable                            0x20000018   Data          16  system_stm32f10x.o(.data)
    DMATxDescToSet                           0x20000028   Data           4  stm32_eth.o(.data)
    DMARxDescToGet                           0x2000002c   Data           4  stm32_eth.o(.data)
    DMAPTPTxDescToSet                        0x20000030   Data           4  stm32_eth.o(.data)
    DMAPTPRxDescToGet                        0x20000034   Data           4  stm32_eth.o(.data)
    OSCtxSwCtr                               0x20000038   Data           4  os_core.o(.data)
    OSEventFreeList                          0x2000003c   Data           4  os_core.o(.data)
    OSCPUUsage                               0x20000040   Data           1  os_core.o(.data)
    OSIdleCtrMax                             0x20000044   Data           4  os_core.o(.data)
    OSIdleCtrRun                             0x20000048   Data           4  os_core.o(.data)
    OSStatRdy                                0x2000004c   Data           1  os_core.o(.data)
    OSIntNesting                             0x2000004d   Data           1  os_core.o(.data)
    OSLockNesting                            0x2000004e   Data           1  os_core.o(.data)
    OSPrioCur                                0x2000004f   Data           1  os_core.o(.data)
    OSPrioHighRdy                            0x20000050   Data           1  os_core.o(.data)
    OSRdyGrp                                 0x20000051   Data           1  os_core.o(.data)
    OSRdyTbl                                 0x20000052   Data           4  os_core.o(.data)
    OSRunning                                0x20000056   Data           1  os_core.o(.data)
    OSTaskCtr                                0x20000057   Data           1  os_core.o(.data)
    OSIdleCtr                                0x20000058   Data           4  os_core.o(.data)
    OSTCBCur                                 0x2000005c   Data           4  os_core.o(.data)
    OSTCBFreeList                            0x20000060   Data           4  os_core.o(.data)
    OSTCBHighRdy                             0x20000064   Data           4  os_core.o(.data)
    OSTCBList                                0x20000068   Data           4  os_core.o(.data)
    OSTickStepState                          0x2000006c   Data           1  os_core.o(.data)
    OSMemFreeList                            0x20000070   Data           4  os_core.o(.data)
    OSQFreeList                              0x20000074   Data           4  os_core.o(.data)
    OSTime                                   0x20000078   Data           4  os_core.o(.data)
    DMATxDesc                                0x2000007c   Data           4  ethernetif.o(.data)
    tcp_end_time                             0x20000080   Data           4  ethernetif.o(.data)
    arp_end_time                             0x20000084   Data           4  ethernetif.o(.data)
    MACaddr                                  0x20000088   Data           6  ethernetif.o(.data)
    null_timeouts                            0x20000094   Data           4  sys_arch.o(.data)
    netif_list                               0x200000bc   Data           4  netif.o(.data)
    netif_default                            0x200000c0   Data           4  netif.o(.data)
    tcp_ticks                                0x200000d0   Data           4  tcp.o(.data)
    tcp_bound_pcbs                           0x200000d4   Data           4  tcp.o(.data)
    tcp_listen_pcbs                          0x200000d8   Data           4  tcp.o(.data)
    tcp_active_pcbs                          0x200000dc   Data           4  tcp.o(.data)
    tcp_tw_pcbs                              0x200000e0   Data           4  tcp.o(.data)
    tcp_tmp_pcb                              0x200000e4   Data           4  tcp.o(.data)
    tcp_input_pcb                            0x20000108   Data           4  tcp_in.o(.data)
    udp_pcbs                                 0x2000010c   Data           4  udp.o(.data)
    __stdout                                 0x20000124   Data           4  stdout.o(.data)
    OSEventTbl                               0x20000758   Data         320  os_core.o(.bss)
    OSTaskStatStk                            0x20000898   Data         512  os_core.o(.bss)
    OSTaskIdleStk                            0x20000a98   Data         512  os_core.o(.bss)
    OSTCBPrioTbl                             0x20000c98   Data         128  os_core.o(.bss)
    OSTCBTbl                                 0x20000d18   Data        1848  os_core.o(.bss)
    OSMemTbl                                 0x20001450   Data         180  os_core.o(.bss)
    OSQTbl                                   0x20001504   Data          96  os_core.o(.bss)
    DMARxDscrTab                             0x20001564   Data          64  ethernetif.o(.bss)
    DMATxDscrTab                             0x200015a4   Data          32  ethernetif.o(.bss)
    Rx_Buff                                  0x200015c4   Data        6080  ethernetif.o(.bss)
    Tx_Buff                                  0x20002d84   Data        3040  ethernetif.o(.bss)
    LWIP_TASK_STK                            0x20003964   Data        3600  sys_arch.o(.bss)
    lwip_timeouts                            0x20004ac0   Data          12  sys_arch.o(.bss)
    __initial_sp                             0x2000ede8   Data           0  startup_stm32f10x_cl.o(STACK)



==============================================================================

Memory Map of the image

  Image Entry point : 0x08000151

  Load Region LR_IROM1 (Base: 0x08000000, Size: 0x0000acc8, Max: 0x00040000, ABSOLUTE)

    Execution Region ER_IROM1 (Base: 0x08000000, Size: 0x0000aba0, Max: 0x00040000, ABSOLUTE)

    Base Addr    Size         Type   Attr      Idx    E Section Name        Object

    0x08000000   0x00000150   Data   RO         4303    RESET               startup_stm32f10x_cl.o
    0x08000150   0x00000000   Code   RO         6411  * .ARM.Collect$$$$00000000  mc_w.l(entry.o)
    0x08000150   0x00000004   Code   RO         6681    .ARM.Collect$$$$00000001  mc_w.l(entry2.o)
    0x08000154   0x00000004   Code   RO         6684    .ARM.Collect$$$$00000004  mc_w.l(entry5.o)
    0x08000158   0x00000000   Code   RO         6686    .ARM.Collect$$$$00000008  mc_w.l(entry7b.o)
    0x08000158   0x00000008   Code   RO         6687    .ARM.Collect$$$$00000009  mc_w.l(entry8.o)
    0x08000160   0x00000004   Code   RO         6682    .ARM.Collect$$$$00002712  mc_w.l(entry2.o)
    0x08000164   0x00000024   Code   RO         4304    .text               startup_stm32f10x_cl.o
    0x08000188   0x000000a4   Code   RO         4961    .text               os_cpu_a.o
    0x0800022c   0x00000024   Code   RO         6414    .text               mc_w.l(memcpya.o)
    0x08000250   0x00000024   Code   RO         6416    .text               mc_w.l(memseta.o)
    0x08000274   0x0000002c   Code   RO         6689    .text               mc_w.l(uidiv.o)
    0x080002a0   0x00000024   Code   RO         6704    .text               mc_w.l(init.o)
    0x080002c4   0x00000002   Code   RO          306    i.ADC1_2_IRQHandler  stm32f10x_it.o
    0x080002c6   0x00000002   PAD
    0x080002c8   0x00000048   Code   RO          216    i.App_TaskCreate    app.o
    0x08000310   0x00000048   Code   RO            1    i.App_TaskStart     main.o
    0x08000358   0x00000014   Code   RO          217    i.App_TaskToggleLED  app.o
    0x0800036c   0x00000016   Code   RO          218    i.App_TaskToggleLED1  app.o
    0x08000382   0x00000002   PAD
    0x08000384   0x00000120   Code   RO          240    i.BSP_EthernetInit  bsp.o
    0x080004a4   0x00000018   Code   RO          241    i.BSP_Init          bsp.o
    0x080004bc   0x00000010   Code   RO          242    i.BSP_Led1Toggle    bsp.o
    0x080004cc   0x00000034   Code   RO          243    i.BSP_LedInit       bsp.o
    0x08000500   0x00000010   Code   RO          244    i.BSP_LedToggle     bsp.o
    0x08000510   0x00000034   Code   RO          245    i.BSP_NVICConfiguration  bsp.o
    0x08000544   0x0000009c   Code   RO          246    i.BSP_UsartInit     bsp.o
    0x080005e0   0x00000004   Code   RO          307    i.BusFault_Handler  stm32f10x_it.o
    0x080005e4   0x00000002   Code   RO          308    i.CAN1_RX1_IRQHandler  stm32f10x_it.o
    0x080005e6   0x00000002   Code   RO          309    i.CAN1_SCE_IRQHandler  stm32f10x_it.o
    0x080005e8   0x00000002   Code   RO          310    i.DMA1_Channel1_IRQHandler  stm32f10x_it.o
    0x080005ea   0x00000002   Code   RO          311    i.DMA1_Channel2_IRQHandler  stm32f10x_it.o
    0x080005ec   0x00000002   Code   RO          312    i.DMA1_Channel3_IRQHandler  stm32f10x_it.o
    0x080005ee   0x00000002   Code   RO          313    i.DMA1_Channel4_IRQHandler  stm32f10x_it.o
    0x080005f0   0x00000002   Code   RO          314    i.DMA1_Channel5_IRQHandler  stm32f10x_it.o
    0x080005f2   0x00000002   Code   RO          315    i.DMA1_Channel6_IRQHandler  stm32f10x_it.o
    0x080005f4   0x00000002   Code   RO          316    i.DMA1_Channel7_IRQHandler  stm32f10x_it.o
    0x080005f6   0x00000002   Code   RO          317    i.DebugMon_Handler  stm32f10x_it.o
    0x080005f8   0x0000000c   Code   RO         3695    i.ETH_DMAClearITPendingBit  stm32_eth.o
    0x08000604   0x00000020   Code   RO         3696    i.ETH_DMAITConfig   stm32_eth.o
    0x08000624   0x00000024   Code   RO         3699    i.ETH_DMAReceptionCmd  stm32_eth.o
    0x08000648   0x00000054   Code   RO         3700    i.ETH_DMARxDescChainInit  stm32_eth.o
    0x0800069c   0x00000016   Code   RO         3702    i.ETH_DMARxDescReceiveITConfig  stm32_eth.o
    0x080006b2   0x00000002   PAD
    0x080006b4   0x00000024   Code   RO         3705    i.ETH_DMATransmissionCmd  stm32_eth.o
    0x080006d8   0x00000050   Code   RO         3708    i.ETH_DMATxDescChainInit  stm32_eth.o
    0x08000728   0x00000008   Code   RO         3709    i.ETH_DMATxDescChecksumInsertionConfig  stm32_eth.o
    0x08000730   0x00000016   Code   RO         3717    i.ETH_DeInit        stm32_eth.o
    0x08000746   0x0000000e   Code   RO         3718    i.ETH_Delay         stm32_eth.o
    0x08000754   0x00000014   Code   RO         3723    i.ETH_FlushTransmitFIFO  stm32_eth.o
    0x08000768   0x0000000c   Code   RO         4964    i.ETH_GetCurrentTxBuffer  ethernetif.o
    0x08000774   0x0000000a   Code   RO         3734    i.ETH_GetDMARxDescFrameLength  stm32_eth.o
    0x0800077e   0x00000002   PAD
    0x08000780   0x00000048   Code   RO         3749    i.ETH_GetRxPktSize  stm32_eth.o
    0x080007c8   0x00000018   Code   RO         3750    i.ETH_GetSoftwareResetStatus  stm32_eth.o
    0x080007e0   0x00000020   Code   RO          318    i.ETH_IRQHandler    stm32f10x_it.o
    0x08000800   0x00000250   Code   RO         3757    i.ETH_Init          stm32_eth.o
    0x08000a50   0x00000034   Code   RO         3760    i.ETH_MACAddressConfig  stm32_eth.o
    0x08000a84   0x00000024   Code   RO         3765    i.ETH_MACReceptionCmd  stm32_eth.o
    0x08000aa8   0x00000024   Code   RO         3766    i.ETH_MACTransmissionCmd  stm32_eth.o
    0x08000acc   0x00000060   Code   RO         3777    i.ETH_ReadPHYRegister  stm32_eth.o
    0x08000b2c   0x0000009c   Code   RO         4965    i.ETH_RxPkt_ChainMode  ethernetif.o
    0x08000bc8   0x00000014   Code   RO         3788    i.ETH_SoftwareReset  stm32_eth.o
    0x08000bdc   0x00000020   Code   RO         3789    i.ETH_Start         stm32_eth.o
    0x08000bfc   0x000000a4   Code   RO         3790    i.ETH_StructInit    stm32_eth.o
    0x08000ca0   0x00000068   Code   RO         4966    i.ETH_TxPkt_ChainMode  ethernetif.o
    0x08000d08   0x00000060   Code   RO         3792    i.ETH_WritePHYRegister  stm32_eth.o
    0x08000d68   0x00000002   Code   RO          319    i.EXTI0_IRQHandler  stm32f10x_it.o
    0x08000d6a   0x00000002   Code   RO          320    i.EXTI15_10_IRQHandler  stm32f10x_it.o
    0x08000d6c   0x00000002   Code   RO          321    i.EXTI1_IRQHandler  stm32f10x_it.o
    0x08000d6e   0x00000002   Code   RO          322    i.EXTI2_IRQHandler  stm32f10x_it.o
    0x08000d70   0x00000002   Code   RO          323    i.EXTI3_IRQHandler  stm32f10x_it.o
    0x08000d72   0x00000002   Code   RO          324    i.EXTI4_IRQHandler  stm32f10x_it.o
    0x08000d74   0x00000002   Code   RO          325    i.EXTI9_5_IRQHandler  stm32f10x_it.o
    0x08000d76   0x00000002   PAD
    0x08000d78   0x000000a0   Code   RO          247    i.Ethernet_Configuration  bsp.o
    0x08000e18   0x00000002   Code   RO          326    i.FLASH_IRQHandler  stm32f10x_it.o
    0x08000e1a   0x00000002   PAD
    0x08000e1c   0x0000000c   Code   RO         1761    i.GPIO_ETH_MediaInterfaceConfig  stm32f10x_gpio.o
    0x08000e28   0x00000112   Code   RO         1765    i.GPIO_Init         stm32f10x_gpio.o
    0x08000f3a   0x00000002   PAD
    0x08000f3c   0x00000090   Code   RO         1767    i.GPIO_PinRemapConfig  stm32f10x_gpio.o
    0x08000fcc   0x00000004   Code   RO         1773    i.GPIO_SetBits      stm32f10x_gpio.o
    0x08000fd0   0x00000004   Code   RO          327    i.HardFault_Handler  stm32f10x_it.o
    0x08000fd4   0x00000002   Code   RO          328    i.I2C1_ER_IRQHandler  stm32f10x_it.o
    0x08000fd6   0x00000002   Code   RO          329    i.I2C1_EV_IRQHandler  stm32f10x_it.o
    0x08000fd8   0x00000002   Code   RO          330    i.I2C2_ER_IRQHandler  stm32f10x_it.o
    0x08000fda   0x00000002   Code   RO          331    i.I2C2_EV_IRQHandler  stm32f10x_it.o
    0x08000fdc   0x000000dc   Code   RO           86    i.Init_LwIP         lwip.o
    0x080010b8   0x00000010   Code   RO           87    i.LwIP_Pkt_Handle   lwip.o
    0x080010c8   0x00000004   Code   RO          332    i.MemManage_Handler  stm32f10x_it.o
    0x080010cc   0x00000002   Code   RO          333    i.NMI_Handler       stm32f10x_it.o
    0x080010ce   0x00000002   PAD
    0x080010d0   0x00000074   Code   RO          674    i.NVIC_Init         misc.o
    0x08001144   0x00000014   Code   RO          675    i.NVIC_PriorityGroupConfig  misc.o
    0x08001158   0x00000014   Code   RO          676    i.NVIC_SetVectorTable  misc.o
    0x0800116c   0x00000114   Code   RO         4586    i.OSDebugInit       os_dbg.o
    0x08001280   0x00000030   Code   RO         4310    i.OSInit            os_core.o
    0x080012b0   0x00000002   Code   RO         4507    i.OSInitHookBegin   os_cpu_c.o
    0x080012b2   0x00000002   Code   RO         4508    i.OSInitHookEnd     os_cpu_c.o
    0x080012b4   0x00000090   Code   RO         4312    i.OSIntExit         os_core.o
    0x08001344   0x000000ac   Code   RO         4661    i.OSMemCreate       os_mem.o
    0x080013f0   0x0000004e   Code   RO         4662    i.OSMemGet          os_mem.o
    0x0800143e   0x00000042   Code   RO         4665    i.OSMemPut          os_mem.o
    0x08001480   0x000000a4   Code   RO         4716    i.OSQCreate         os_q.o
    0x08001524   0x00000134   Code   RO         4719    i.OSQPend           os_q.o
    0x08001658   0x00000078   Code   RO         4721    i.OSQPost           os_q.o
    0x080016d0   0x00000058   Code   RO         4788    i.OSSemCreate       os_sem.o
    0x08001728   0x000000f4   Code   RO         4789    i.OSSemDel          os_sem.o
    0x0800181c   0x000000fc   Code   RO         4790    i.OSSemPend         os_sem.o
    0x08001918   0x0000005e   Code   RO         4792    i.OSSemPost         os_sem.o
    0x08001976   0x00000002   PAD
    0x08001978   0x00000048   Code   RO         4315    i.OSStart           os_core.o
    0x080019c0   0x00000002   Code   RO         4509    i.OSTCBInitHook     os_cpu_c.o
    0x080019c2   0x00000002   PAD
    0x080019c4   0x000000ac   Code   RO         4842    i.OSTaskCreate      os_task.o
    0x08001a70   0x000000c0   Code   RO         4843    i.OSTaskCreateExt   os_task.o
    0x08001b30   0x00000002   Code   RO         4510    i.OSTaskCreateHook  os_cpu_c.o
    0x08001b32   0x00000002   PAD
    0x08001b34   0x00000158   Code   RO         4844    i.OSTaskDel         os_task.o
    0x08001c8c   0x00000002   Code   RO         4511    i.OSTaskDelHook     os_cpu_c.o
    0x08001c8e   0x00000002   Code   RO         4512    i.OSTaskIdleHook    os_cpu_c.o
    0x08001c90   0x000000ac   Code   RO         4847    i.OSTaskNameSet     os_task.o
    0x08001d3c   0x0000006c   Code   RO         4848    i.OSTaskQuery       os_task.o
    0x08001da8   0x00000002   Code   RO         4513    i.OSTaskStatHook    os_cpu_c.o
    0x08001daa   0x00000002   PAD
    0x08001dac   0x000000a0   Code   RO         4850    i.OSTaskStkChk      os_task.o
    0x08001e4c   0x0000009a   Code   RO         4514    i.OSTaskStkInit     os_cpu_c.o
    0x08001ee6   0x00000002   PAD
    0x08001ee8   0x000000bc   Code   RO         4851    i.OSTaskSuspend     os_task.o
    0x08001fa4   0x00000002   Code   RO         4515    i.OSTaskSwHook      os_cpu_c.o
    0x08001fa6   0x00000002   PAD
    0x08001fa8   0x00000070   Code   RO         4919    i.OSTimeDly         os_time.o
    0x08002018   0x000000a4   Code   RO         4920    i.OSTimeDlyHMSM     os_time.o
    0x080020bc   0x0000001c   Code   RO         4922    i.OSTimeGet         os_time.o
    0x080020d8   0x000000f4   Code   RO         4317    i.OSTimeTick        os_core.o
    0x080021cc   0x00000002   Code   RO         4516    i.OSTimeTickHook    os_cpu_c.o
    0x080021ce   0x00000002   Code   RO         4319    i.OS_Dummy          os_core.o
    0x080021d0   0x00000088   Code   RO         4320    i.OS_EventTaskRdy   os_core.o
    0x08002258   0x0000002a   Code   RO         4321    i.OS_EventTaskRemove  os_core.o
    0x08002282   0x00000002   PAD
    0x08002284   0x0000007c   Code   RO         4322    i.OS_EventTaskWait  os_core.o
    0x08002300   0x0000001c   Code   RO         4323    i.OS_EventWaitListInit  os_core.o
    0x0800231c   0x00000050   Code   RO         4324    i.OS_InitEventList  os_core.o
    0x0800236c   0x00000054   Code   RO         4325    i.OS_InitMisc       os_core.o
    0x080023c0   0x00000048   Code   RO         4326    i.OS_InitRdyList    os_core.o
    0x08002408   0x00000068   Code   RO         4327    i.OS_InitTCBList    os_core.o
    0x08002470   0x00000050   Code   RO         4328    i.OS_InitTaskIdle   os_core.o
    0x080024c0   0x00000050   Code   RO         4329    i.OS_InitTaskStat   os_core.o
    0x08002510   0x00000012   Code   RO         4330    i.OS_MemClr         os_core.o
    0x08002522   0x00000014   Code   RO         4331    i.OS_MemCopy        os_core.o
    0x08002536   0x00000002   PAD
    0x08002538   0x0000004c   Code   RO         4667    i.OS_MemInit        os_mem.o
    0x08002584   0x00000038   Code   RO         4725    i.OS_QInit          os_q.o
    0x080025bc   0x00000074   Code   RO         4332    i.OS_Sched          os_core.o
    0x08002630   0x0000002c   Code   RO         4333    i.OS_SchedNew       os_core.o
    0x0800265c   0x0000001c   Code   RO         4334    i.OS_StrCopy        os_core.o
    0x08002678   0x00000014   Code   RO         4335    i.OS_StrLen         os_core.o
    0x0800268c   0x0000012c   Code   RO         4336    i.OS_TCBInit        os_core.o
    0x080027b8   0x00000024   Code   RO         4337    i.OS_TaskIdle       os_core.o
    0x080027dc   0x00000088   Code   RO         4338    i.OS_TaskStat       os_core.o
    0x08002864   0x0000003c   Code   RO         4339    i.OS_TaskStatStkChk  os_core.o
    0x080028a0   0x0000001a   Code   RO         4852    i.OS_TaskStkClr     os_task.o
    0x080028ba   0x00000002   Code   RO          334    i.PVD_IRQHandler    stm32f10x_it.o
    0x080028bc   0x00000020   Code   RO         2189    i.RCC_AHBPeriphClockCmd  stm32f10x_rcc.o
    0x080028dc   0x00000020   Code   RO         2190    i.RCC_AHBPeriphResetCmd  stm32f10x_rcc.o
    0x080028fc   0x00000020   Code   RO         2193    i.RCC_APB2PeriphClockCmd  stm32f10x_rcc.o
    0x0800291c   0x00000190   Code   RO         2201    i.RCC_GetClocksFreq  stm32f10x_rcc.o
    0x08002aac   0x0000003c   Code   RO         2202    i.RCC_GetFlagStatus  stm32f10x_rcc.o
    0x08002ae8   0x00000002   Code   RO          335    i.RCC_IRQHandler    stm32f10x_it.o
    0x08002aea   0x00000002   PAD
    0x08002aec   0x0000000c   Code   RO         2213    i.RCC_MCOConfig     stm32f10x_rcc.o
    0x08002af8   0x0000000c   Code   RO         2219    i.RCC_PLL3Cmd       stm32f10x_rcc.o
    0x08002b04   0x00000018   Code   RO         2220    i.RCC_PLL3Config    stm32f10x_rcc.o
    0x08002b1c   0x00000002   Code   RO          336    i.RTCAlarm_IRQHandler  stm32f10x_it.o
    0x08002b1e   0x00000002   Code   RO          337    i.RTC_IRQHandler    stm32f10x_it.o
    0x08002b20   0x00000002   Code   RO          338    i.SPI1_IRQHandler   stm32f10x_it.o
    0x08002b22   0x00000002   Code   RO          339    i.SPI2_IRQHandler   stm32f10x_it.o
    0x08002b24   0x00000002   Code   RO          340    i.SVC_Handler       stm32f10x_it.o
    0x08002b26   0x00000008   Code   RO         3659    i.SetSysClock       system_stm32f10x.o
    0x08002b2e   0x00000002   PAD
    0x08002b30   0x00000100   Code   RO         3660    i.SetSysClockTo72   system_stm32f10x.o
    0x08002c30   0x0000002c   Code   RO         4967    i.Set_MAC_Address   ethernetif.o
    0x08002c5c   0x00000028   Code   RO          341    i.SysTick_Handler   stm32f10x_it.o
    0x08002c84   0x00000060   Code   RO          248    i.SysTick_Init      bsp.o
    0x08002ce4   0x0000006c   Code   RO         3662    i.SystemInit        system_stm32f10x.o
    0x08002d50   0x00000002   Code   RO          342    i.TAMPER_IRQHandler  stm32f10x_it.o
    0x08002d52   0x00000002   Code   RO          343    i.TIM1_BRK_IRQHandler  stm32f10x_it.o
    0x08002d54   0x00000002   Code   RO          344    i.TIM1_CC_IRQHandler  stm32f10x_it.o
    0x08002d56   0x00000002   Code   RO          345    i.TIM1_TRG_COM_IRQHandler  stm32f10x_it.o
    0x08002d58   0x00000002   Code   RO          346    i.TIM1_UP_IRQHandler  stm32f10x_it.o
    0x08002d5a   0x00000002   Code   RO          347    i.TIM2_IRQHandler   stm32f10x_it.o
    0x08002d5c   0x00000002   Code   RO          348    i.TIM3_IRQHandler   stm32f10x_it.o
    0x08002d5e   0x00000002   Code   RO          349    i.TIM4_IRQHandler   stm32f10x_it.o
    0x08002d60   0x0000000e   Code   RO           88    i.TcpipInitDone     lwip.o
    0x08002d6e   0x00000002   Code   RO          350    i.USART1_IRQHandler  stm32f10x_it.o
    0x08002d70   0x00000002   Code   RO          351    i.USART2_IRQHandler  stm32f10x_it.o
    0x08002d72   0x00000002   Code   RO          352    i.USART3_IRQHandler  stm32f10x_it.o
    0x08002d74   0x00000022   Code   RO         3424    i.USART_ClockInit   stm32f10x_usart.o
    0x08002d96   0x00000018   Code   RO         3426    i.USART_Cmd         stm32f10x_usart.o
    0x08002dae   0x00000002   PAD
    0x08002db0   0x000000d8   Code   RO         3433    i.USART_Init        stm32f10x_usart.o
    0x08002e88   0x00000008   Code   RO         3443    i.USART_SendData    stm32f10x_usart.o
    0x08002e90   0x00000004   Code   RO          356    i.UsageFault_Handler  stm32f10x_it.o
    0x08002e94   0x00000002   Code   RO          357    i.WWDG_IRQHandler   stm32f10x_it.o
    0x08002e96   0x00000002   PAD
    0x08002e98   0x00000020   Code   RO         6509    i.__0printf$3       mc_w.l(printf3.o)
    0x08002eb8   0x0000000e   Code   RO         6716    i.__scatterload_copy  mc_w.l(handlers.o)
    0x08002ec6   0x00000002   Code   RO         6717    i.__scatterload_null  mc_w.l(handlers.o)
    0x08002ec8   0x0000000e   Code   RO         6718    i.__scatterload_zeroinit  mc_w.l(handlers.o)
    0x08002ed6   0x00000002   PAD
    0x08002ed8   0x000001b8   Code   RO         6516    i._printf_core      mc_w.l(printf3.o)
    0x08003090   0x0000001c   Code   RO         5169    i.arp_timer         tcpip.o
    0x080030ac   0x000001ac   Code   RO         6273    i.etharp_arp_input  etharp.o
    0x08003258   0x000000a0   Code   RO         6275    i.etharp_ip_input   etharp.o
    0x080032f8   0x000000cc   Code   RO         6276    i.etharp_output     etharp.o
    0x080033c4   0x00000260   Code   RO         6277    i.etharp_query      etharp.o
    0x08003624   0x00000168   Code   RO         6278    i.etharp_raw        etharp.o
    0x0800378c   0x0000002c   Code   RO         6279    i.etharp_request    etharp.o
    0x080037b8   0x000000a8   Code   RO         6280    i.etharp_send_ip    etharp.o
    0x08003860   0x000000a0   Code   RO         6281    i.etharp_tmr        etharp.o
    0x08003900   0x000000e8   Code   RO         6282    i.ethernet_input    etharp.o
    0x080039e8   0x000000b4   Code   RO         4968    i.ethernetif_init   ethernetif.o
    0x08003a9c   0x0000002c   Code   RO         4969    i.ethernetif_input  ethernetif.o
    0x08003ac8   0x00000294   Code   RO         6283    i.find_entry        etharp.o
    0x08003d5c   0x00000024   Code   RO          249    i.fputc             bsp.o
    0x08003d80   0x000000d8   Code   RO         6284    i.free_etharp_q     etharp.o
    0x08003e58   0x0000001a   Code   RO         6070    i.htonl             inet.o
    0x08003e72   0x0000000c   Code   RO         6071    i.htons             inet.o
    0x08003e7e   0x00000012   Code   RO         6035    i.icmp_dest_unreach  icmp.o
    0x08003e90   0x00000318   Code   RO         6036    i.icmp_input        icmp.o
    0x080041a8   0x000000fc   Code   RO         6037    i.icmp_send_response  icmp.o
    0x080042a4   0x00000012   Code   RO         6038    i.icmp_time_exceeded  icmp.o
    0x080042b6   0x00000014   Code   RO         6119    i.inet_chksum       inet_chksum.o
    0x080042ca   0x00000056   Code   RO         6120    i.inet_chksum_pbuf  inet_chksum.o
    0x08004320   0x0000004e   Code   RO         6199    i.ip_addr_isbroadcast  ip_addr.o
    0x0800436e   0x00000002   PAD
    0x08004370   0x0000014c   Code   RO         6221    i.ip_frag           ip_frag.o
    0x080044bc   0x0000019c   Code   RO         6157    i.ip_input          ip.o
    0x08004658   0x00000034   Code   RO         6158    i.ip_output         ip.o
    0x0800468c   0x00000188   Code   RO         6159    i.ip_output_if      ip.o
    0x08004814   0x00000198   Code   RO         6222    i.ip_reass          ip_frag.o
    0x080049ac   0x00000308   Code   RO         6223    i.ip_reass_chain_frag_into_datagram_and_validate  ip_frag.o
    0x08004cb4   0x000000a8   Code   RO         6224    i.ip_reass_dequeue_datagram  ip_frag.o
    0x08004d5c   0x00000054   Code   RO         6225    i.ip_reass_enqueue_new_datagram  ip_frag.o
    0x08004db0   0x00000158   Code   RO         6226    i.ip_reass_free_complete_datagram  ip_frag.o
    0x08004f08   0x0000007c   Code   RO         6227    i.ip_reass_remove_oldest_datagram  ip_frag.o
    0x08004f84   0x0000001c   Code   RO         5170    i.ip_reass_timer    tcpip.o
    0x08004fa0   0x00000034   Code   RO         6228    i.ip_reass_tmr      ip_frag.o
    0x08004fd4   0x00000050   Code   RO         6160    i.ip_route          ip.o
    0x08005024   0x000000a4   Code   RO         4970    i.low_level_init    ethernetif.o
    0x080050c8   0x00000074   Code   RO         4971    i.low_level_input   ethernetif.o
    0x0800513c   0x00000034   Code   RO         4972    i.low_level_output  ethernetif.o
    0x08005170   0x00000010   Code   RO         5277    i.lwip_init         init.o
    0x08005180   0x0000004a   Code   RO         6122    i.lwip_standard_chksum  inet_chksum.o
    0x080051ca   0x00000002   PAD
    0x080051cc   0x0000003c   Code   RO            2    i.main              main.o
    0x08005208   0x0000014c   Code   RO         5302    i.mem_free          mem.o
    0x08005354   0x0000006c   Code   RO         5303    i.mem_init          mem.o
    0x080053c0   0x0000027c   Code   RO         5304    i.mem_malloc        mem.o
    0x0800563c   0x000001dc   Code   RO         5305    i.mem_realloc       mem.o
    0x08005818   0x000000a4   Code   RO         5345    i.memp_free         memp.o
    0x080058bc   0x00000064   Code   RO         5346    i.memp_init         memp.o
    0x08005920   0x000000e4   Code   RO         5347    i.memp_malloc       memp.o
    0x08005a04   0x00000068   Code   RO         5375    i.netif_add         netif.o
    0x08005a6c   0x0000000c   Code   RO         5377    i.netif_is_up       netif.o
    0x08005a78   0x00000028   Code   RO         5379    i.netif_set_addr    netif.o
    0x08005aa0   0x0000000c   Code   RO         5380    i.netif_set_default  netif.o
    0x08005aac   0x0000000c   Code   RO         5382    i.netif_set_gw      netif.o
    0x08005ab8   0x00000078   Code   RO         5383    i.netif_set_ipaddr  netif.o
    0x08005b30   0x0000000c   Code   RO         5384    i.netif_set_netmask  netif.o
    0x08005b3c   0x0000002c   Code   RO         5385    i.netif_set_up      netif.o
    0x08005b68   0x0000000c   Code   RO         6075    i.ntohl             inet.o
    0x08005b74   0x0000000c   Code   RO         6076    i.ntohs             inet.o
    0x08005b80   0x00000414   Code   RO         5453    i.pbuf_alloc        pbuf.o
    0x08005f94   0x0000013c   Code   RO         5454    i.pbuf_cat          pbuf.o
    0x080060d0   0x00000016   Code   RO         5455    i.pbuf_chain        pbuf.o
    0x080060e6   0x00000012   Code   RO         5456    i.pbuf_clen         pbuf.o
    0x080060f8   0x00000218   Code   RO         5458    i.pbuf_copy         pbuf.o
    0x08006310   0x00000140   Code   RO         5459    i.pbuf_copy_partial  pbuf.o
    0x08006450   0x00000144   Code   RO         5461    i.pbuf_free         pbuf.o
    0x08006594   0x00000140   Code   RO         5462    i.pbuf_header       pbuf.o
    0x080066d4   0x000001b8   Code   RO         5463    i.pbuf_realloc      pbuf.o
    0x0800688c   0x0000000a   Code   RO         5464    i.pbuf_ref          pbuf.o
    0x08006896   0x00000002   PAD
    0x08006898   0x000001a8   Code   RO         5306    i.plug_holes        mem.o
    0x08006a40   0x00000068   Code   RO         5542    i.raw_input         raw.o
    0x08006aa8   0x000000fc   Code   RO         5035    i.sys_arch_mbox_fetch  sys_arch.o
    0x08006ba4   0x00000070   Code   RO         5036    i.sys_arch_sem_wait  sys_arch.o
    0x08006c14   0x0000003c   Code   RO         5037    i.sys_arch_timeouts  sys_arch.o
    0x08006c50   0x000000a8   Code   RO         5038    i.sys_init          sys_arch.o
    0x08006cf8   0x0000007c   Code   RO         5603    i.sys_mbox_fetch    sys.o
    0x08006d74   0x000000d8   Code   RO         5040    i.sys_mbox_new      sys_arch.o
    0x08006e4c   0x00000024   Code   RO         5042    i.sys_mbox_trypost  sys_arch.o
    0x08006e70   0x0000007c   Code   RO         5043    i.sys_sem_free      sys_arch.o
    0x08006eec   0x0000007c   Code   RO         5044    i.sys_sem_new       sys_arch.o
    0x08006f68   0x0000000e   Code   RO         5045    i.sys_sem_signal    sys_arch.o
    0x08006f76   0x00000074   Code   RO         5605    i.sys_sem_wait      sys.o
    0x08006fea   0x00000002   PAD
    0x08006fec   0x00000080   Code   RO         5046    i.sys_thread_new    sys_arch.o
    0x0800706c   0x00000144   Code   RO         5607    i.sys_timeout       sys.o
    0x080071b0   0x000000dc   Code   RO         5608    i.sys_untimeout     sys.o
    0x0800728c   0x0000009c   Code   RO         5649    i.tcp_abandon       tcp.o
    0x08007328   0x000000c8   Code   RO         5652    i.tcp_alloc         tcp.o
    0x080073f0   0x00000104   Code   RO         5655    i.tcp_close         tcp.o
    0x080074f4   0x0000002e   Code   RO         5657    i.tcp_eff_send_mss  tcp.o
    0x08007522   0x00000002   PAD
    0x08007524   0x00000644   Code   RO         5886    i.tcp_enqueue       tcp_out.o
    0x08007b68   0x00000074   Code   RO         5659    i.tcp_fasttmr       tcp.o
    0x08007bdc   0x00000648   Code   RO         5838    i.tcp_input         tcp_in.o
    0x08008224   0x000000e4   Code   RO         5887    i.tcp_keepalive     tcp_out.o
    0x08008308   0x00000058   Code   RO         5660    i.tcp_kill_prio     tcp.o
    0x08008360   0x0000003c   Code   RO         5661    i.tcp_kill_timewait  tcp.o
    0x0800839c   0x00000130   Code   RO         5839    i.tcp_listen_input  tcp_in.o
    0x080084cc   0x0000001c   Code   RO         5665    i.tcp_next_iss      tcp.o
    0x080084e8   0x000002d4   Code   RO         5888    i.tcp_output        tcp_out.o
    0x080087bc   0x000000c8   Code   RO         5889    i.tcp_output_segment  tcp_out.o
    0x08008884   0x00000084   Code   RO         5890    i.tcp_output_set_header  tcp_out.o
    0x08008908   0x000000b8   Code   RO         5840    i.tcp_parseopt      tcp_in.o
    0x080089c0   0x00000036   Code   RO         5666    i.tcp_pcb_purge     tcp.o
    0x080089f6   0x00000002   PAD
    0x080089f8   0x00000144   Code   RO         5667    i.tcp_pcb_remove    tcp.o
    0x08008b3c   0x00000670   Code   RO         5841    i.tcp_process       tcp_in.o
    0x080091ac   0x000008f8   Code   RO         5842    i.tcp_receive       tcp_in.o
    0x08009aa4   0x00000028   Code   RO         5670    i.tcp_recv_null     tcp.o
    0x08009acc   0x00000056   Code   RO         5891    i.tcp_rexmit        tcp_out.o
    0x08009b22   0x0000003a   Code   RO         5892    i.tcp_rexmit_rto    tcp_out.o
    0x08009b5c   0x00000134   Code   RO         5893    i.tcp_rst           tcp_out.o
    0x08009c90   0x00000020   Code   RO         5672    i.tcp_seg_free      tcp.o
    0x08009cb0   0x0000001e   Code   RO         5673    i.tcp_segs_free     tcp.o
    0x08009cce   0x0000001c   Code   RO         5894    i.tcp_send_ctrl     tcp_out.o
    0x08009cea   0x00000002   PAD
    0x08009cec   0x0000053c   Code   RO         5676    i.tcp_slowtmr       tcp.o
    0x0800a228   0x00000038   Code   RO         5174    i.tcp_timer_needed  tcpip.o
    0x0800a260   0x00000050   Code   RO         5843    i.tcp_timewait_input  tcp_in.o
    0x0800a2b0   0x00000024   Code   RO         5677    i.tcp_tmr           tcp.o
    0x0800a2d4   0x00000038   Code   RO         5678    i.tcp_update_rcv_ann_wnd  tcp.o
    0x0800a30c   0x000000ec   Code   RO         5896    i.tcp_zero_window_probe  tcp_out.o
    0x0800a3f8   0x00000050   Code   RO         5176    i.tcpip_init        tcpip.o
    0x0800a448   0x0000004c   Code   RO         5177    i.tcpip_input       tcpip.o
    0x0800a494   0x00000038   Code   RO         5178    i.tcpip_tcp_timer   tcpip.o
    0x0800a4cc   0x000000cc   Code   RO         5179    i.tcpip_thread      tcpip.o
    0x0800a598   0x00000224   Code   RO         5960    i.udp_input         udp.o
    0x0800a7bc   0x00000178   Code   RO         6285    i.update_arp_entry  etharp.o
    0x0800a934   0x00000100   Data   RO         4341    .constdata          os_core.o
    0x0800aa34   0x0000005e   Data   RO         4587    .constdata          os_dbg.o
    0x0800aa92   0x00000002   PAD
    0x0800aa94   0x00000004   Data   RO         5048    .constdata          sys_arch.o
    0x0800aa98   0x00000030   Data   RO         5349    .constdata          memp.o
    0x0800aac8   0x00000014   Data   RO         5679    .constdata          tcp.o
    0x0800aadc   0x00000051   Data   RO         5897    .constdata          tcp_out.o
    0x0800ab2d   0x00000003   PAD
    0x0800ab30   0x00000050   Data   RO         6287    .constdata          etharp.o
    0x0800ab80   0x00000020   Data   RO         6714    Region$$Table       anon$$obj.o


    Execution Region RW_IRAM1 (Base: 0x20000000, Size: 0x0000ede8, Max: 0x00010000, ABSOLUTE)

    Base Addr    Size         Type   Attr      Idx    E Section Name        Object

    0x20000000   0x00000014   Data   RW         2229    .data               stm32f10x_rcc.o
    0x20000014   0x00000014   Data   RW         3663    .data               system_stm32f10x.o
    0x20000028   0x00000010   Data   RW         3793    .data               stm32_eth.o
    0x20000038   0x00000044   Data   RW         4342    .data               os_core.o
    0x2000007c   0x00000012   Data   RW         4974    .data               ethernetif.o
    0x2000008e   0x00000002   PAD
    0x20000090   0x00000008   Data   RW         5049    .data               sys_arch.o
    0x20000098   0x00000010   Data   RW         5182    .data               tcpip.o
    0x200000a8   0x00000010   Data   RW         5308    .data               mem.o
    0x200000b8   0x0000000c   Data   RW         5386    .data               netif.o
    0x200000c4   0x00000004   Data   RW         5548    .data               raw.o
    0x200000c8   0x00000021   Data   RW         5680    .data               tcp.o
    0x200000e9   0x00000003   PAD
    0x200000ec   0x00000020   Data   RW         5845    .data               tcp_in.o
    0x2000010c   0x00000004   Data   RW         5967    .data               udp.o
    0x20000110   0x0000000c   Data   RW         6161    .data               ip.o
    0x2000011c   0x00000006   Data   RW         6230    .data               ip_frag.o
    0x20000122   0x00000001   Data   RW         6288    .data               etharp.o
    0x20000123   0x00000001   PAD
    0x20000124   0x00000004   Data   RW         6688    .data               mc_w.l(stdout.o)
    0x20000128   0x00000200   Zero   RW            3    .bss                main.o
    0x20000328   0x00000030   Zero   RW           90    .bss                lwip.o
    0x20000358   0x00000400   Zero   RW          219    .bss                app.o
    0x20000758   0x00000e0c   Zero   RW         4340    .bss                os_core.o
    0x20001564   0x00002400   Zero   RW         4973    .bss                ethernetif.o
    0x20003964   0x00001168   Zero   RW         5047    .bss                sys_arch.o
    0x20004acc   0x00005014   Zero   RW         5307    .bss                mem.o
    0x20009ae0   0x0000484b   Zero   RW         5348    .bss                memp.o
    0x2000e32b   0x00000001   PAD
    0x2000e32c   0x00000014   Zero   RW         5844    .bss                tcp_in.o
    0x2000e340   0x000005e0   Zero   RW         6229    .bss                ip_frag.o
    0x2000e920   0x000000c8   Zero   RW         6286    .bss                etharp.o
    0x2000e9e8   0x00000400   Zero   RW         4301    STACK               startup_stm32f10x_cl.o


==============================================================================

Image component sizes


      Code (inc. data)   RO Data    RW Data    ZI Data      Debug   Object Name

       114         34          0          0       1024       1465   app.o
       896         62          0          0          0      19554   bsp.o
         0          0          0          0          0         32   core_cm3.o
      3616       1020         80          1        200      11242   etharp.o
       872        152          0         18       9216       6444   ethernetif.o
      1080        432          0          0          0       3198   icmp.o
        62          0          0          0          0       1720   inet.o
       180          0          0          0          0       4957   inet_chksum.o
        16          0          0          0          0        952   init.o
       936        148          0         12          0       4037   ip.o
        78          0          0          0          0       4709   ip_addr.o
      2288        546          0          6       1504       7516   ip_frag.o
       250         88          0          0         48      55170   lwip.o
       132         52          0          0        512     264621   main.o
      1976        790          0         16      20500       4397   mem.o
       492        266         48          0      18507       2722   memp.o
       156         32          0          0          0       1717   misc.o
       356         24          0         12          0       5931   netif.o
      2118        370        256         68       3596      21044   os_core.o
       164         32          0          0          0        248   os_cpu_a.o
       172          0          0          0          0      13573   os_cpu_c.o
       276        182         94          0          0       2677   os_dbg.o
       392         14          0          0          0       2837   os_mem.o
       648         38          0          0          0       2935   os_q.o
       678         30          0          0          0       2981   os_sem.o
      1362        112          0          0          0       6310   os_task.o
       304         24          0          0          0       1744   os_time.o
      3350       1396          0          0          0       6909   pbuf.o
       104          4          0          4          0       1300   raw.o
        36          8        336          0       1024        748   startup_stm32f10x_cl.o
      1596        136          0         16          0      12842   stm32_eth.o
       434         12          0          0          0       3413   stm32f10x_gpio.o
       174          6          0          0          0      18340   stm32f10x_it.o
       604         66          0         20          0       7120   stm32f10x_rcc.o
       282          6          0          0          0       3532   stm32f10x_usart.o
       784        232          0          0          0       3262   sys.o
      1234        464          4          8       4456       7424   sys_arch.o
       372         32          0         20          0       1913   system_stm32f10x.o
      2866        656         20         33          0      17662   tcp.o
      6120       1028          0         32         20      13960   tcp_in.o
      3604        868         81          0          0       8347   tcp_out.o
       528        104          0         16          0       4474   tcpip.o
       548        112          0          4          0       2839   udp.o

    ----------------------------------------------------------------------
     42304       9578        956        292      60608     568818   Object Totals
         0          0         32          0          0          0   (incl. Generated)
        54          0          5          6          1          0   (incl. Padding)

    ----------------------------------------------------------------------

      Code (inc. data)   RO Data    RW Data    ZI Data      Debug   Library Member Name

         0          0          0          0          0          0   entry.o
         8          4          0          0          0          0   entry2.o
         4          0          0          0          0          0   entry5.o
         0          0          0          0          0          0   entry7b.o
         8          4          0          0          0          0   entry8.o
        30          0          0          0          0          0   handlers.o
        36          8          0          0          0         68   init.o
        36          0          0          0          0         68   memcpya.o
        36          0          0          0          0        108   memseta.o
       472         14          0          0          0        180   printf3.o
         0          0          0          4          0          0   stdout.o
        44          0          0          0          0         80   uidiv.o

    ----------------------------------------------------------------------
       676         30          0          4          0        504   Library Totals
         2          0          0          0          0          0   (incl. Padding)

    ----------------------------------------------------------------------

      Code (inc. data)   RO Data    RW Data    ZI Data      Debug   Library Name

       674         30          0          4          0        504   mc_w.l

    ----------------------------------------------------------------------
       676         30          0          4          0        504   Library Totals

    ----------------------------------------------------------------------

==============================================================================


      Code (inc. data)   RO Data    RW Data    ZI Data      Debug   

     42980       9608        956        296      60608     553826   Grand Totals
     42980       9608        956        296      60608     553826   ELF Image Totals
     42980       9608        956        296          0          0   ROM Totals

==============================================================================

    Total RO  Size (Code + RO Data)                43936 (  42.91kB)
    Total RW  Size (RW Data + ZI Data)             60904 (  59.48kB)
    Total ROM Size (Code + RO Data + RW Data)      44232 (  43.20kB)

==============================================================================

